!*************** REPORT DESIGNER ***********
plugin@org.eclipse.birt.report.debug.ui=HEAD,:pserver:anonymous@dev.eclipse.org:/cvsroot/birt,,source/org.eclipse.birt.report.debug.ui
plugin@org.eclipse.birt.report.designer.core=HEAD,:pserver:anonymous@dev.eclipse.org:/cvsroot/birt,,source/org.eclipse.birt.report.designer.core
plugin@org.eclipse.birt.report.designer.example.samplereport=HEAD,:pserver:anonymous@dev.eclipse.org:/cvsroot/birt,,source/org.eclipse.birt.report.designer.example.samplereport
plugin@org.eclipse.birt.report.designer.ui=HEAD,:pserver:anonymous@dev.eclipse.org:/cvsroot/birt,,source/org.eclipse.birt.report.designer.ui
plugin@org.eclipse.birt.report.designer.ui.editors=HEAD,:pserver:anonymous@dev.eclipse.org:/cvsroot/birt,,source/org.eclipse.birt.report.designer.ui.editors
plugin@org.eclipse.birt.report.designer.ui.editors.schematic=HEAD,:pserver:anonymous@dev.eclipse.org:/cvsroot/birt,,source/org.eclipse.birt.report.designer.ui.editors.schematic
plugin@org.eclipse.birt.report.designer.ui.ide=HEAD,:pserver:anonymous@dev.eclipse.org:/cvsroot/birt,,source/org.eclipse.birt.report.designer.ui.ide
plugin@org.eclipse.birt.report.designer.ui.lib=HEAD,:pserver:anonymous@dev.eclipse.org:/cvsroot/birt,,source/org.eclipse.birt.report.designer.ui.lib
plugin@org.eclipse.birt.report.designer.ui.lib.explorer=HEAD,:pserver:anonymous@dev.eclipse.org:/cvsroot/birt,,source/org.eclipse.birt.report.designer.ui.lib.explorer
plugin@org.eclipse.birt.report.designer.ui.preview=HEAD,:pserver:anonymous@dev.eclipse.org:/cvsroot/birt,,source/org.eclipse.birt.report.designer.ui.preview
plugin@org.eclipse.birt.report.designer.ui.rcp=HEAD,:pserver:anonymous@dev.eclipse.org:/cvsroot/birt,,source/org.eclipse.birt.report.designer.ui.rcp
plugin@org.eclipse.birt.report.designer.ui.rcp=HEAD,:pserver:anonymous@dev.eclipse.org:/cvsroot/birt,,source/org.eclipse.birt.report.designer.ui.views
