plugin@org.eclipse.birt.report.debug.core=GIT,tag=v201410272105,repo=git://github.com/eclipse/birt.git,path=UI/org.eclipse.birt.report.debug.core
plugin@org.eclipse.birt.report.debug.ui=GIT,tag=v201410272105,repo=git://github.com/eclipse/birt.git,path=UI/org.eclipse.birt.report.debug.ui
plugin@org.eclipse.birt.report.designer.core=GIT,tag=v201410272105,repo=git://github.com/eclipse/birt.git,path=UI/org.eclipse.birt.report.designer.core
plugin@org.eclipse.birt.report.designer.samplereports=GIT,tag=v201410272105,repo=git://github.com/eclipse/birt.git,path=UI/org.eclipse.birt.report.designer.samplereports
plugin@org.eclipse.birt.report.designer.ui=GIT,tag=v201410272105,repo=git://github.com/eclipse/birt.git,path=UI/org.eclipse.birt.report.designer.ui
plugin@org.eclipse.birt.report.designer.ui.cubebuilder=GIT,tag=v201410272105,repo=git://github.com/eclipse/birt.git,path=UI/org.eclipse.birt.report.designer.ui.cubebuilder
plugin@org.eclipse.birt.report.designer.ui.data=GIT,tag=v201412150442,repo=git://github.com/eclipse/birt.git,path=UI/org.eclipse.birt.report.designer.ui.data
plugin@org.eclipse.birt.report.designer.ui.editor.script=GIT,tag=v201410272105,repo=git://github.com/eclipse/birt.git,path=UI/org.eclipse.birt.report.designer.ui.editor.script
plugin@org.eclipse.birt.report.designer.ui.editor.xml.wtp=GIT,tag=v201410272105,repo=git://github.com/eclipse/birt.git,path=UI/org.eclipse.birt.report.designer.ui.editor.xml.wtp
plugin@org.eclipse.birt.report.designer.ui.editors=GIT,tag=v201410272105,repo=git://github.com/eclipse/birt.git,path=UI/org.eclipse.birt.report.designer.ui.editors
plugin@org.eclipse.birt.report.designer.ui.editors.schematic=GIT,tag=v201410272105,repo=git://github.com/eclipse/birt.git,path=UI/org.eclipse.birt.report.designer.ui.editors.schematic
plugin@org.eclipse.birt.report.designer.ui.ide=GIT,tag=v201410272105,repo=git://github.com/eclipse/birt.git,path=UI/org.eclipse.birt.report.designer.ui.ide
plugin@org.eclipse.birt.report.designer.ui.lib=GIT,tag=v201410272105,repo=git://github.com/eclipse/birt.git,path=UI/org.eclipse.birt.report.designer.ui.lib
plugin@org.eclipse.birt.report.designer.ui.lib.explorer=GIT,tag=v201410272105,repo=git://github.com/eclipse/birt.git,path=UI/org.eclipse.birt.report.designer.ui.lib.explorer
plugin@org.eclipse.birt.report.designer.ui.preview=GIT,tag=v201410272105,repo=git://github.com/eclipse/birt.git,path=UI/org.eclipse.birt.report.designer.ui.preview
plugin@org.eclipse.birt.report.designer.ui.preview.static_html=GIT,tag=v201410272105,repo=git://github.com/eclipse/birt.git,path=UI/org.eclipse.birt.report.designer.ui.preview.static_html
plugin@org.eclipse.birt.report.designer.ui.preview.web=GIT,tag=v201410272105,repo=git://github.com/eclipse/birt.git,path=UI/org.eclipse.birt.report.designer.ui.preview.web
plugin@org.eclipse.birt.report.designer.ui.rcp=GIT,tag=v201410272105,repo=git://github.com/eclipse/birt.git,path=UI/org.eclipse.birt.report.designer.ui.rcp
plugin@org.eclipse.birt.report.designer.ui.samples.ide=GIT,tag=v201410272105,repo=git://github.com/eclipse/birt.git,path=UI/org.eclipse.birt.report.designer.ui.samples.ide
plugin@org.eclipse.birt.report.designer.ui.samples.rcp=GIT,tag=v201410272105,repo=git://github.com/eclipse/birt.git,path=UI/org.eclipse.birt.report.designer.ui.samples.rcp
plugin@org.eclipse.birt.report.designer.ui.samplesview=GIT,tag=v201410272105,repo=git://github.com/eclipse/birt.git,path=UI/org.eclipse.birt.report.designer.ui.samplesview
plugin@org.eclipse.birt.report.designer.ui.views=GIT,tag=v201410272105,repo=git://github.com/eclipse/birt.git,path=UI/org.eclipse.birt.report.designer.ui.views

plugin@org.eclipse.birt.report.designer.tests=GIT,tag=v201410272105,repo=git://github.com/eclipse/birt.git,path=UI/org.eclipse.birt.report.designer.tests
plugin@org.eclipse.birt.report.designer.ui.preview.test=GIT,tag=v201410272105,repo=git://github.com/eclipse/birt.git,path=UI/org.eclipse.birt.report.designer.ui.preview.test
