fragment@org.eclipse.birt.chart.device.extension.nl=HEAD,:pserver:anonymous@dev.eclipse.org:/cvsroot/birt,,source/nl/org.eclipse.birt.chart.device.extension.nl
fragment@org.eclipse.birt.chart.device.svg.nl=HEAD,:pserver:anonymous@dev.eclipse.org:/cvsroot/birt,,source/nl/org.eclipse.birt.chart.device.svg.nl
fragment@org.eclipse.birt.chart.device.swt.nl=HEAD,:pserver:anonymous@dev.eclipse.org:/cvsroot/birt,,source/nl/org.eclipse.birt.chart.device.swt.nl
fragment@org.eclipse.birt.chart.engine.extension.nl=HEAD,:pserver:anonymous@dev.eclipse.org:/cvsroot/birt,,source/nl/org.eclipse.birt.chart.engine.extension.nl
fragment@org.eclipse.birt.chart.engine.nl=HEAD,:pserver:anonymous@dev.eclipse.org:/cvsroot/birt,,source/nl/org.eclipse.birt.chart.engine.nl
fragment@org.eclipse.birt.chart.reportitem.nl=HEAD,:pserver:anonymous@dev.eclipse.org:/cvsroot/birt,,source/nl/org.eclipse.birt.chart.reportitem.nl
fragment@org.eclipse.birt.chart.reportitem.ui.nl=HEAD,:pserver:anonymous@dev.eclipse.org:/cvsroot/birt,,source/nl/org.eclipse.birt.chart.reportitem.ui.nl
fragment@org.eclipse.birt.chart.ui.extension.nl=HEAD,:pserver:anonymous@dev.eclipse.org:/cvsroot/birt,,source/nl/org.eclipse.birt.chart.ui.extension.nl
fragment@org.eclipse.birt.core.nl=HEAD,:pserver:anonymous@dev.eclipse.org:/cvsroot/birt,,source/nl/org.eclipse.birt.core.nl
fragment@org.eclipse.birt.core.ui.nl=HEAD,:pserver:anonymous@dev.eclipse.org:/cvsroot/birt,,source/nl/org.eclipse.birt.core.ui.nl
fragment@org.eclipse.birt.data.nl=HEAD,:pserver:anonymous@dev.eclipse.org:/cvsroot/birt,,source/nl/org.eclipse.birt.data.nl
fragment@org.eclipse.birt.chart.ui.nl=HEAD,:pserver:anonymous@dev.eclipse.org:/cvsroot/birt,,source/nl/org.eclipse.birt.chart.ui.nl
fragment@org.eclipse.birt.integration.wtp.ui.nl=HEAD,:pserver:anonymous@dev.eclipse.org:/cvsroot/birt,,source/nl/org.eclipse.birt.integration.wtp.ui.nl
fragment@org.eclipse.birt.report.data.oda.jdbc.nl=HEAD,:pserver:anonymous@dev.eclipse.org:/cvsroot/birt,,source/nl/org.eclipse.birt.report.data.oda.jdbc.nl
fragment@org.eclipse.birt.report.data.oda.jdbc.ui.nl=HEAD,:pserver:anonymous@dev.eclipse.org:/cvsroot/birt,,source/nl/org.eclipse.birt.report.data.oda.jdbc.ui.nl
fragment@org.eclipse.birt.report.data.oda.sampledb.nl=HEAD,:pserver:anonymous@dev.eclipse.org:/cvsroot/birt,,source/nl/org.eclipse.birt.report.data.oda.sampledb.nl
fragment@org.eclipse.birt.report.data.oda.sampledb.ui.nl=HEAD,:pserver:anonymous@dev.eclipse.org:/cvsroot/birt,,source/nl/org.eclipse.birt.report.data.oda.sampledb.ui.nl
fragment@org.eclipse.birt.report.data.oda.xml.nl=HEAD,:pserver:anonymous@dev.eclipse.org:/cvsroot/birt,,source/nl/org.eclipse.birt.report.data.oda.xml.nl
fragment@org.eclipse.birt.report.data.oda.xml.ui.nl=HEAD,:pserver:anonymous@dev.eclipse.org:/cvsroot/birt,,source/nl/org.eclipse.birt.report.data.oda.xml.ui.nl
fragment@org.eclipse.birt.report.debug.ui.nl=HEAD,:pserver:anonymous@dev.eclipse.org:/cvsroot/birt,,source/nl/org.eclipse.birt.report.debug.core.nl
fragment@org.eclipse.birt.report.debug.ui.nl=HEAD,:pserver:anonymous@dev.eclipse.org:/cvsroot/birt,,source/nl/org.eclipse.birt.report.debug.ui.nl
fragment@org.eclipse.birt.report.designer.core.nl=HEAD,:pserver:anonymous@dev.eclipse.org:/cvsroot/birt,,source/nl/org.eclipse.birt.report.designer.core.nl
fragment@org.eclipse.birt.report.designer.ui.editors.schematic.nl=HEAD,:pserver:anonymous@dev.eclipse.org:/cvsroot/birt,,source/nl/org.eclipse.birt.report.designer.ui.editors.schematic.nl
fragment@org.eclipse.birt.report.designer.ui.ide.nl=HEAD,:pserver:anonymous@dev.eclipse.org:/cvsroot/birt,,source/nl/org.eclipse.birt.report.designer.ui.ide.nl
fragment@org.eclipse.birt.report.designer.ui.lib.explorer.nl=HEAD,:pserver:anonymous@dev.eclipse.org:/cvsroot/birt,,source/nl/org.eclipse.birt.report.designer.ui.lib.explorer.nl
fragment@org.eclipse.birt.report.designer.ui.lib.nl=HEAD,:pserver:anonymous@dev.eclipse.org:/cvsroot/birt,,source/nl/org.eclipse.birt.report.designer.ui.lib.nl
fragment@org.eclipse.birt.report.designer.ui.nl=HEAD,:pserver:anonymous@dev.eclipse.org:/cvsroot/birt,,source/nl/org.eclipse.birt.report.designer.ui.nl
fragment@org.eclipse.birt.report.designer.ui.rcp.nl=HEAD,:pserver:anonymous@dev.eclipse.org:/cvsroot/birt,,source/nl/org.eclipse.birt.report.designer.ui.rcp.nl
fragment@org.eclipse.birt.report.engine.nl=HEAD,:pserver:anonymous@dev.eclipse.org:/cvsroot/birt,,source/nl/org.eclipse.birt.report.engine.nl
fragment@org.eclipse.birt.report.model.nl=HEAD,:pserver:anonymous@dev.eclipse.org:/cvsroot/birt,,source/nl/org.eclipse.birt.report.model.nl
fragment@org.eclipse.birt.report.viewer.nl=HEAD,:pserver:anonymous@dev.eclipse.org:/cvsroot/birt,,source/nl/org.eclipse.birt.report.viewer.nl
fragment@org.eclipse.birt.resources.nl=HEAD,:pserver:anonymous@dev.eclipse.org:/cvsroot/birt,,source/nl/org.eclipse.birt.resources.nl
fragment@org.eclipse.birt.integration.wtp.ui.nl=HEAD,:pserver:anonymous@dev.eclipse.org:/cvsroot/birt,,source/nl/org.eclipse.birt.integration.wtp.ui.nl
fragment@org.eclipse.birt.report.item.crosstab.core.nl=HEAD,:pserver:anonymous@dev.eclipse.org:/cvsroot/birt,,source/nl/org.eclipse.birt.report.item.crosstab.core.nl
fragment@org.eclipse.birt.report.designer.ui.editor.xml.wtp.nl=HEAD,:pserver:anonymous@dev.eclipse.org:/cvsroot/birt,,source/nl/org.eclipse.birt.report.designer.ui.editor.xml.wtp.nl
fragment@org.eclipse.birt.report.designer.ui.views.nl=HEAD,:pserver:anonymous@dev.eclipse.org:/cvsroot/birt,,source/nl/org.eclipse.birt.report.designer.ui.views.nl
fragment@org.eclipse.birt.report.data.adapter.nl=HEAD,:pserver:anonymous@dev.eclipse.org:/cvsroot/birt,,source/nl/org.eclipse.birt.report.data.adapter.nl
fragment@org.eclipse.birt.report.designer.ui.samplesview.nl=HEAD,:pserver:anonymous@dev.eclipse.org:/cvsroot/birt,,source/nl/org.eclipse.birt.report.designer.ui.samplesview.nl
fragment@org.eclipse.birt.report.designer.ui.preview.web.nl=HEAD,:pserver:anonymous@dev.eclipse.org:/cvsroot/birt,,source/nl/org.eclipse.birt.report.designer.ui.preview.web.nl
fragment@org.eclipse.birt.report.item.crosstab.ui.nl=HEAD,:pserver:anonymous@dev.eclipse.org:/cvsroot/birt,,source/nl/org.eclipse.birt.report.item.crosstab.ui.nl
fragment@org.eclipse.birt.report.designer.ui.cubebuilder.nl=HEAD,:pserver:anonymous@dev.eclipse.org:/cvsroot/birt,,source/nl/org.eclipse.birt.report.designer.ui.cubebuilder.nl
fragment@org.eclipse.birt.chart.integration.wtp.ui.nl=HEAD,:pserver:anonymous@dev.eclipse.org:/cvsroot/birt,,source/nl/org.eclipse.birt.chart.integration.wtp.ui.nl
fragment@org.eclipse.birt.chart.examples.nl=HEAD,:pserver:anonymous@dev.eclipse.org:/cvsroot/birt,,source/nl/org.eclipse.birt.chart.examples.nl
fragment@org.eclipse.birt.report.engine.dataextraction.csv.nl=HEAD,:pserver:anonymous@dev.eclipse.org:/cvsroot/birt,,source/nl/org.eclipse.birt.report.engine.dataextraction.csv.nl
fragment@org.eclipse.birt.data.aggregation.nl=HEAD,:pserver:anonymous@dev.eclipse.org:/cvsroot/birt,,source/nl/org.eclipse.birt.data.aggregation.nl
fragment@org.eclipse.birt.report.designer.ui.editor.script.nl=HEAD,:pserver:anonymous@dev.eclipse.org:/cvsroot/birt,,source/nl/org.eclipse.birt.report.designer.ui.editor.script.nl
fragment@org.eclipse.birt.report.engine.dataextraction.csv.nl=HEAD,:pserver:anonymous@dev.eclipse.org:/cvsroot/birt,,source/nl/org.eclipse.birt.report.engine.dataextraction.csv.nl
fragment@org.eclipse.birt.data.aggregation.nl=HEAD,:pserver:anonymous@dev.eclipse.org:/cvsroot/birt,,source/nl/org.eclipse.birt.data.aggregation.nl
fragment@org.eclipse.birt.report.designer.ui.editor.script.nl=HEAD,:pserver:anonymous@dev.eclipse.org:/cvsroot/birt,,source/nl/org.eclipse.birt.report.designer.ui.editor.script.nl
fragment@org.eclipse.birt.report.data.oda.jdbc.dbprofile.nl=HEAD,:pserver:anonymous@dev.eclipse.org:/cvsroot/birt,,source/nl/org.eclipse.birt.report.data.oda.jdbc.dbprofile.nl
fragment@org.eclipse.birt.report.data.oda.jdbc.dbprofile.ui.nl=HEAD,:pserver:anonymous@dev.eclipse.org:/cvsroot/birt,,source/nl/org.eclipse.birt.report.data.oda.jdbc.dbprofile.ui.nl
fragment@org.eclipse.birt.report.data.oda.jdbc.dbprofile.sampledb.nl=HEAD,:pserver:anonymous@dev.eclipse.org:/cvsroot/birt,,source/nl/org.eclipse.birt.report.data.oda.jdbc.dbprofile.sampledb.nl
fragment@org.eclipse.birt.report.designer.ui.editors.nl=HEAD,:pserver:anonymous@dev.eclipse.org:/cvsroot/birt,,source/nl/org.eclipse.birt.report.designer.ui.editors.nl
fragment@org.eclipse.birt.report.designer.ui.samples.ide.nl=HEAD,:pserver:anonymous@dev.eclipse.org:/cvsroot/birt,,source/nl/org.eclipse.birt.report.designer.ui.samples.ide.nl
fragment@org.eclipse.birt.core.script.function.nl=HEAD,:pserver:anonymous@dev.eclipse.org:/cvsroot/birt,,source/nl/org.eclipse.birt.core.script.function.nl
fragment@org.eclipse.birt.report.engine.dataextraction.nl=HEAD,:pserver:anonymous@dev.eclipse.org:/cvsroot/birt,,source/nl/org.eclipse.birt.report.engine.dataextraction.nl
fragment@org.eclipse.birt.report.engine.emitter.config.nl=HEAD,:pserver:anonymous@dev.eclipse.org:/cvsroot/birt,,source/nl/org.eclipse.birt.report.engine.emitter.config.nl
fragment@org.eclipse.birt.report.engine.emitter.config.excel.nl=HEAD,:pserver:anonymous@dev.eclipse.org:/cvsroot/birt,,source/nl/org.eclipse.birt.report.engine.emitter.config.excel.nl
fragment@org.eclipse.birt.report.engine.emitter.config.pdf.nl=HEAD,:pserver:anonymous@dev.eclipse.org:/cvsroot/birt,,source/nl/org.eclipse.birt.report.engine.emitter.config.pdf.nl
fragment@org.eclipse.birt.report.engine.emitter.config.html.nl=HEAD,:pserver:anonymous@dev.eclipse.org:/cvsroot/birt,,source/nl/org.eclipse.birt.report.engine.emitter.config.html.nl
fragment@org.eclipse.birt.report.engine.emitter.config.ppt.nl=HEAD,:pserver:anonymous@dev.eclipse.org:/cvsroot/birt,,source/nl/org.eclipse.birt.report.engine.emitter.config.ppt.nl
fragment@org.eclipse.birt.report.engine.emitter.config.postscript.nl=HEAD,:pserver:anonymous@dev.eclipse.org:/cvsroot/birt,,source/nl/org.eclipse.birt.report.engine.emitter.config.postscript.nl
fragment@org.eclipse.birt.report.engine.emitter.config.wpml.nl=HEAD,:pserver:anonymous@dev.eclipse.org:/cvsroot/birt,,source/nl/org.eclipse.birt.report.engine.emitter.config.wpml.nl
