!**************** chart test ********************
plugin@org.eclipse.birt.chart.tests=HEAD,:pserver:anonymous@dev.eclipse.org:/cvsroot/birt,,source/org.eclipse.birt.chart.tests
!**************** gui test *******************
plugin@org.eclipse.birt.report.designer.tests=HEAD,:pserver:anonymous@dev.eclipse.org:/cvsroot/birt,,source/org.eclipse.birt.report.designer.tests
!**************** engine test *******************
plugin@org.eclipse.birt.core.tests=HEAD,:pserver:anonymous@dev.eclipse.org:/cvsroot/birt,,source/org.eclipse.birt.core.tests
plugin@org.eclipse.birt.report.engine.tests=HEAD,:pserver:anonymous@dev.eclipse.org:/cvsroot/birt,,source/org.eclipse.birt.report.engine.tests
plugin@org.eclipse.birt.report.engine.emitter.html.tests=HEAD,:pserver:anonymous@dev.eclipse.org:/cvsroot/birt,,source/org.eclipse.birt.report.engine.emitter.html.tests
plugin@org.eclipse.birt.report.engine.emitter.pdf.tests=HEAD,:pserver:anonymous@dev.eclipse.org:/cvsroot/birt,,source/org.eclipse.birt.report.engine.emitter.pdf.tests
!**************** model test  *******************
plugin@org.eclipse.birt.report.model.tests=HEAD,:pserver:anonymous@dev.eclipse.org:/cvsroot/birt,,source/org.eclipse.birt.report.model.tests
plugin@org.eclipse.birt.report.model.adapter.oda.tests=HEAD,:pserver:anonymous@dev.eclipse.org:/cvsroot/birt,,source/org.eclipse.birt.report.model.adapter.oda.tests
fragment@org.eclipse.birt.report.model.testhelper=HEAD,:pserver:anonymous@dev.eclipse.org:/cvsroot/birt,,source/org.eclipse.birt.report.model.testhelper
!**************** data test  *******************
plugin@org.eclipse.birt.data.tests=HEAD,:pserver:anonymous@dev.eclipse.org:/cvsroot/birt,,source/org.eclipse.birt.data.tests
plugin@org.eclipse.birt.data.oda.jdbc.ui=HEAD,:pserver:anonymous@dev.eclipse.org:/cvsroot/birt,,source/org.eclipse.birt.data.oda.jdbc.ui

!**************** automated test suite  *******************
plugin@org.eclipse.birt.report.tests.chart=HEAD,:pserver:anonymous@dev.eclipse.org:/cvsroot/birt,,source/org.eclipse.birt.report.tests.chart
plugin@org.eclipse.birt.report.tests.engine=HEAD,:pserver:anonymous@dev.eclipse.org:/cvsroot/birt,,source/org.eclipse.birt.report.tests.engine
plugin@org.eclipse.birt.report.tests.model=HEAD,:pserver:anonymous@dev.eclipse.org:/cvsroot/birt,,source/org.eclipse.birt.report.tests.model
