!**************** BIRT DATA ********************
plugin@org.eclipse.birt.data=I20061215,:pserver:anonymous@dev.eclipse.org:/cvsroot/birt,,source/org.eclipse.birt.data
plugin@org.eclipse.birt.report.data.adapter=I20061215,:pserver:anonymous@dev.eclipse.org:/cvsroot/birt,,source/org.eclipse.birt.report.data.adapter
plugin@org.eclipse.birt.report.data.oda.jdbc=I20061215,:pserver:anonymous@dev.eclipse.org:/cvsroot/birt,,source/org.eclipse.birt.report.data.oda.jdbc
plugin@org.eclipse.birt.report.data.oda.jdbc.ui=I20061215,:pserver:anonymous@dev.eclipse.org:/cvsroot/birt,,source/org.eclipse.birt.report.data.oda.jdbc.ui
plugin@org.eclipse.birt.report.data.oda.sampledb=I20061215,:pserver:anonymous@dev.eclipse.org:/cvsroot/birt,,source/org.eclipse.birt.report.data.oda.sampledb
plugin@org.eclipse.birt.report.data.oda.sampledb.ui=I20061215,:pserver:anonymous@dev.eclipse.org:/cvsroot/birt,,source/org.eclipse.birt.report.data.oda.sampledb.ui
plugin@org.eclipse.birt.report.data.oda.xml=I20061215,:pserver:anonymous@dev.eclipse.org:/cvsroot/birt,,source/org.eclipse.birt.report.data.oda.xml
plugin@org.eclipse.birt.report.data.oda.xml.ui=I20061215,:pserver:anonymous@dev.eclipse.org:/cvsroot/birt,,source/org.eclipse.birt.report.data.oda.xml.ui

!**************** data test  *******************
plugin@org.eclipse.birt.data.tests=I20061215,:pserver:anonymous@dev.eclipse.org:/cvsroot/birt,,source/org.eclipse.birt.data.tests
plugin@org.eclipse.birt.report.data.oda.jdbc.tests=I20061215,:pserver:anonymous@dev.eclipse.org:/cvsroot/birt,,source/org.eclipse.birt.report.data.oda.jdbc.tests
