fragment@org.eclipse.birt.chart.device.extension.nl=v20061120-1200,:pserver:anonymous@dev.eclipse.org:/cvsroot/birt,,source/nl/org.eclipse.birt.chart.device.extension.nl
fragment@org.eclipse.birt.chart.device.svg.nl=v20061120-1200,:pserver:anonymous@dev.eclipse.org:/cvsroot/birt,,source/nl/org.eclipse.birt.chart.device.svg.nl
fragment@org.eclipse.birt.chart.device.swt.nl=v20061120-1200,:pserver:anonymous@dev.eclipse.org:/cvsroot/birt,,source/nl/org.eclipse.birt.chart.device.swt.nl
fragment@org.eclipse.birt.chart.engine.extension.nl=v20061120-1200,:pserver:anonymous@dev.eclipse.org:/cvsroot/birt,,source/nl/org.eclipse.birt.chart.engine.extension.nl
fragment@org.eclipse.birt.chart.engine.nl=v20061120-1200,:pserver:anonymous@dev.eclipse.org:/cvsroot/birt,,source/nl/org.eclipse.birt.chart.engine.nl
fragment@org.eclipse.birt.chart.reportitem.nl=v20061120-1200,:pserver:anonymous@dev.eclipse.org:/cvsroot/birt,,source/nl/org.eclipse.birt.chart.reportitem.nl
fragment@org.eclipse.birt.chart.reportitem.ui.nl=v20061120-1200,:pserver:anonymous@dev.eclipse.org:/cvsroot/birt,,source/nl/org.eclipse.birt.chart.reportitem.ui.nl
fragment@org.eclipse.birt.chart.ui.extension.nl=v20061120-1200,:pserver:anonymous@dev.eclipse.org:/cvsroot/birt,,source/nl/org.eclipse.birt.chart.ui.extension.nl
fragment@org.eclipse.birt.core.nl=v20061120-1200,:pserver:anonymous@dev.eclipse.org:/cvsroot/birt,,source/nl/org.eclipse.birt.core.nl
fragment@org.eclipse.birt.core.ui.nl=v20061120-1200,:pserver:anonymous@dev.eclipse.org:/cvsroot/birt,,source/nl/org.eclipse.birt.core.ui.nl
fragment@org.eclipse.birt.data.nl=v20061120-1200,:pserver:anonymous@dev.eclipse.org:/cvsroot/birt,,source/nl/org.eclipse.birt.data.nl
fragment@org.eclipse.birt.chart.ui.nl=v20061120-1200,:pserver:anonymous@dev.eclipse.org:/cvsroot/birt,,source/nl/org.eclipse.birt.chart.ui.nl
fragment@org.eclipse.birt.report.data.oda.jdbc.nl=v20061120-1200,:pserver:anonymous@dev.eclipse.org:/cvsroot/birt,,source/nl/org.eclipse.birt.report.data.oda.jdbc.nl
fragment@org.eclipse.birt.report.data.oda.jdbc.ui.nl=v20061120-1200,:pserver:anonymous@dev.eclipse.org:/cvsroot/birt,,source/nl/org.eclipse.birt.report.data.oda.jdbc.ui.nl
fragment@org.eclipse.birt.report.data.oda.sampledb.nl=v20061120-1200,:pserver:anonymous@dev.eclipse.org:/cvsroot/birt,,source/nl/org.eclipse.birt.report.data.oda.sampledb.nl
fragment@org.eclipse.birt.report.data.oda.sampledb.ui.nl=v20061120-1200,:pserver:anonymous@dev.eclipse.org:/cvsroot/birt,,source/nl/org.eclipse.birt.report.data.oda.sampledb.ui.nl
fragment@org.eclipse.birt.report.data.oda.xml.nl=v20061120-1200,:pserver:anonymous@dev.eclipse.org:/cvsroot/birt,,source/nl/org.eclipse.birt.report.data.oda.xml.nl
fragment@org.eclipse.birt.report.data.oda.xml.ui.nl=v20061120-1200,:pserver:anonymous@dev.eclipse.org:/cvsroot/birt,,source/nl/org.eclipse.birt.report.data.oda.xml.ui.nl
fragment@org.eclipse.birt.report.debug.ui.nl=v20061120-1200,:pserver:anonymous@dev.eclipse.org:/cvsroot/birt,,source/nl/org.eclipse.birt.report.debug.ui.nl
fragment@org.eclipse.birt.report.designer.core.nl=v20061120-1200,:pserver:anonymous@dev.eclipse.org:/cvsroot/birt,,source/nl/org.eclipse.birt.report.designer.core.nl
fragment@org.eclipse.birt.report.designer.ui.editors.schematic.nl=v20061120-1200,:pserver:anonymous@dev.eclipse.org:/cvsroot/birt,,source/nl/org.eclipse.birt.report.designer.ui.editors.schematic.nl
fragment@org.eclipse.birt.report.designer.ui.ide.nl=v20061120-1200,:pserver:anonymous@dev.eclipse.org:/cvsroot/birt,,source/nl/org.eclipse.birt.report.designer.ui.ide.nl
fragment@org.eclipse.birt.report.designer.ui.lib.explorer.nl=v20061120-1200,:pserver:anonymous@dev.eclipse.org:/cvsroot/birt,,source/nl/org.eclipse.birt.report.designer.ui.lib.explorer.nl
fragment@org.eclipse.birt.report.designer.ui.lib.nl=v20061120-1200,:pserver:anonymous@dev.eclipse.org:/cvsroot/birt,,source/nl/org.eclipse.birt.report.designer.ui.lib.nl
fragment@org.eclipse.birt.report.designer.ui.nl=v20061120-1200,:pserver:anonymous@dev.eclipse.org:/cvsroot/birt,,source/nl/org.eclipse.birt.report.designer.ui.nl
fragment@org.eclipse.birt.report.designer.ui.preview.nl=v20061120-1200,:pserver:anonymous@dev.eclipse.org:/cvsroot/birt,,source/nl/org.eclipse.birt.report.designer.ui.preview.nl
fragment@org.eclipse.birt.report.designer.ui.rcp.nl=v20061120-1200,:pserver:anonymous@dev.eclipse.org:/cvsroot/birt,,source/nl/org.eclipse.birt.report.designer.ui.rcp.nl
fragment@org.eclipse.birt.report.engine.nl=v20061120-1200,:pserver:anonymous@dev.eclipse.org:/cvsroot/birt,,source/nl/org.eclipse.birt.report.engine.nl
fragment@org.eclipse.birt.report.model.tests.nl=v20061120-1200,:pserver:anonymous@dev.eclipse.org:/cvsroot/birt,,source/nl/org.eclipse.birt.report.model.tests.nl
fragment@org.eclipse.birt.report.model.nl=v20061120-1200,:pserver:anonymous@dev.eclipse.org:/cvsroot/birt,,source/nl/org.eclipse.birt.report.model.nl
fragment@org.eclipse.birt.report.viewer.nl=v20061120-1200,:pserver:anonymous@dev.eclipse.org:/cvsroot/birt,,source/nl/org.eclipse.birt.report.viewer.nl
fragment@org.eclipse.birt.resources.nl=v20061120-1200,:pserver:anonymous@dev.eclipse.org:/cvsroot/birt,,source/nl/org.eclipse.birt.resources.nl

fragment@org.eclipse.datatools.connectivity.nl=HEAD,:pserver:anonymous@dev.eclipse.org:/cvsroot/datatools,,org.eclipse.datatools.connectivity/nl/org.eclipse.datatools.connectivity.nl
fragment@org.eclipse.datatools.connectivity.oda.consumer.nl=HEAD,:pserver:anonymous@dev.eclipse.org:/cvsroot/datatools,,org.eclipse.datatools.connectivity/nl/org.eclipse.datatools.connectivity.oda.consumer.nl
fragment@org.eclipse.datatools.connectivity.oda.design.nl=HEAD,:pserver:anonymous@dev.eclipse.org:/cvsroot/datatools,,org.eclipse.datatools.connectivity/nl/org.eclipse.datatools.connectivity.oda.design.nl
fragment@org.eclipse.datatools.connectivity.oda.design.ui.nl=HEAD,:pserver:anonymous@dev.eclipse.org:/cvsroot/datatools,,org.eclipse.datatools.connectivity/nl/org.eclipse.datatools.connectivity.oda.design.ui.nl
fragment@org.eclipse.datatools.connectivity.oda.flatfile.nl=HEAD,:pserver:anonymous@dev.eclipse.org:/cvsroot/datatools,,org.eclipse.datatools.connectivity/nl/org.eclipse.datatools.connectivity.oda.flatfile.nl
fragment@org.eclipse.datatools.connectivity.oda.flatfile.ui.nl=HEAD,:pserver:anonymous@dev.eclipse.org:/cvsroot/datatools,,org.eclipse.datatools.connectivity/nl/org.eclipse.datatools.connectivity.oda.flatfile.ui.nl
fragment@org.eclipse.datatools.connectivity.oda.nl=HEAD,:pserver:anonymous@dev.eclipse.org:/cvsroot/datatools,,org.eclipse.datatools.connectivity/nl/org.eclipse.datatools.connectivity.oda.nl
fragment@org.eclipse.datatools.connectivity.oda.profile.nl=HEAD,:pserver:anonymous@dev.eclipse.org:/cvsroot/datatools,,org.eclipse.datatools.connectivity/nl/org.eclipse.datatools.connectivity.oda.profile.nl
fragment@org.eclipse.datatools.connectivity.ui.dse.nl=HEAD,:pserver:anonymous@dev.eclipse.org:/cvsroot/datatools,,org.eclipse.datatools.connectivity/nl/org.eclipse.datatools.connectivity.ui.dse.nl
fragment@org.eclipse.datatools.connectivity.ui.nl=HEAD,:pserver:anonymous@dev.eclipse.org:/cvsroot/datatools,,org.eclipse.datatools.connectivity/nl/org.eclipse.datatools.connectivity.ui.nl
