!*************** BIRT CHART ***********
plugin@org.eclipse.birt.chart.device.extension=v20061130,:pserver:anonymous@dev.eclipse.org:/cvsroot/birt,,source/org.eclipse.birt.chart.device.extension
plugin@org.eclipse.birt.chart.device.pdf=v20070309,:pserver:anonymous@dev.eclipse.org:/cvsroot/birt,,source/org.eclipse.birt.chart.device.pdf
plugin@org.eclipse.birt.chart.device.svg=v20070202,:pserver:anonymous@dev.eclipse.org:/cvsroot/birt,,source/org.eclipse.birt.chart.device.svg
plugin@org.eclipse.birt.chart.device.swt=v20070202,:pserver:anonymous@dev.eclipse.org:/cvsroot/birt,,source/org.eclipse.birt.chart.device.swt
plugin@org.eclipse.birt.chart.engine=v20070315,:pserver:anonymous@dev.eclipse.org:/cvsroot/birt,,source/org.eclipse.birt.chart.engine
plugin@org.eclipse.birt.chart.engine.extension=v20070315,:pserver:anonymous@dev.eclipse.org:/cvsroot/birt,,source/org.eclipse.birt.chart.engine.extension
plugin@org.eclipse.birt.chart.examples=v20070315,:pserver:anonymous@dev.eclipse.org:/cvsroot/birt,,source/org.eclipse.birt.chart.examples
plugin@org.eclipse.birt.chart.reportitem=v20070302,:pserver:anonymous@dev.eclipse.org:/cvsroot/birt,,source/org.eclipse.birt.chart.reportitem
plugin@org.eclipse.birt.chart.reportitem.ui=v20070315,:pserver:anonymous@dev.eclipse.org:/cvsroot/birt,,source/org.eclipse.birt.chart.reportitem.ui
plugin@org.eclipse.birt.chart.ui=v20070315,:pserver:anonymous@dev.eclipse.org:/cvsroot/birt,,source/org.eclipse.birt.chart.ui
plugin@org.eclipse.birt.chart.ui.extension=v20070315,:pserver:anonymous@dev.eclipse.org:/cvsroot/birt,,source/org.eclipse.birt.chart.ui.extension
plugin@org.eclipse.birt.chart.viewer=v20070315,:pserver:anonymous@dev.eclipse.org:/cvsroot/birt,,source/org.eclipse.birt.chart.viewer
plugin@org.eclipse.birt.core.ui=v20070315,:pserver:anonymous@dev.eclipse.org:/cvsroot/birt,,source/org.eclipse.birt.core.ui
