plugin@org.eclipse.birt.chart.device.extension.nl=HEAD,:pserver:anonymous@dev.eclipse.org:/cvsroot/birt,,source/nl/org.eclipse.birt.chart.device.extension.nl
plugin@org.eclipse.birt.chart.device.svg.nl=HEAD,:pserver:anonymous@dev.eclipse.org:/cvsroot/birt,,source/nl/org.eclipse.birt.chart.device.svg.nl
plugin@org.eclipse.birt.chart.device.swt.nl=HEAD,:pserver:anonymous@dev.eclipse.org:/cvsroot/birt,,source/nl/org.eclipse.birt.chart.device.swt.nl
plugin@org.eclipse.birt.chart.engine.extension.nl=HEAD,:pserver:anonymous@dev.eclipse.org:/cvsroot/birt,,source/nl/org.eclipse.birt.chart.engine.extension.nl
plugin@org.eclipse.birt.chart.engine.nl=HEAD,:pserver:anonymous@dev.eclipse.org:/cvsroot/birt,,source/nl/org.eclipse.birt.chart.engine.nl
plugin@org.eclipse.birt.chart.reportitem.nl=HEAD,:pserver:anonymous@dev.eclipse.org:/cvsroot/birt,,source/nl/org.eclipse.birt.chart.reportitem.nl
plugin@org.eclipse.birt.chart.reportitem.ui.nl=HEAD,:pserver:anonymous@dev.eclipse.org:/cvsroot/birt,,source/nl/org.eclipse.birt.chart.reportitem.ui.nl
plugin@org.eclipse.birt.chart.ui.extension.nl=HEAD,:pserver:anonymous@dev.eclipse.org:/cvsroot/birt,,source/nl/org.eclipse.birt.chart.ui.extension.nl
plugin@org.eclipse.birt.core.nl=HEAD,:pserver:anonymous@dev.eclipse.org:/cvsroot/birt,,source/nl/org.eclipse.birt.core.nl
plugin@org.eclipse.birt.core.ui.nl=HEAD,:pserver:anonymous@dev.eclipse.org:/cvsroot/birt,,source/nl/org.eclipse.birt.core.ui.nl
plugin@org.eclipse.birt.data.nl=HEAD,:pserver:anonymous@dev.eclipse.org:/cvsroot/birt,,source/nl/org.eclipse.birt.data.nl
plugin@org.eclipse.birt.chart.ui.nl=HEAD,:pserver:anonymous@dev.eclipse.org:/cvsroot/birt,,source/nl/org.eclipse.birt.chart.ui.nl
plugin@org.eclipse.birt.report.data.oda.jdbc.nl=HEAD,:pserver:anonymous@dev.eclipse.org:/cvsroot/birt,,source/nl/org.eclipse.birt.report.data.oda.jdbc.nl
plugin@org.eclipse.birt.report.data.oda.jdbc.ui.nl=HEAD,:pserver:anonymous@dev.eclipse.org:/cvsroot/birt,,source/nl/org.eclipse.birt.report.data.oda.jdbc.ui.nl
plugin@org.eclipse.birt.report.data.oda.sampledb.nl=HEAD,:pserver:anonymous@dev.eclipse.org:/cvsroot/birt,,source/nl/org.eclipse.birt.report.data.oda.sampledb.nl
plugin@org.eclipse.birt.report.data.oda.sampledb.ui.nl=HEAD,:pserver:anonymous@dev.eclipse.org:/cvsroot/birt,,source/nl/org.eclipse.birt.report.data.oda.sampledb.ui.nl
plugin@org.eclipse.birt.report.data.oda.xml.nl=HEAD,:pserver:anonymous@dev.eclipse.org:/cvsroot/birt,,source/nl/org.eclipse.birt.report.data.oda.xml.nl
plugin@org.eclipse.birt.report.data.oda.xml.ui.nl=HEAD,:pserver:anonymous@dev.eclipse.org:/cvsroot/birt,,source/nl/org.eclipse.birt.report.data.oda.xml.ui.nl
plugin@org.eclipse.birt.report.debug.ui.nl=HEAD,:pserver:anonymous@dev.eclipse.org:/cvsroot/birt,,source/nl/org.eclipse.birt.report.debug.ui.nl
plugin@org.eclipse.birt.report.designer.core.nl=HEAD,:pserver:anonymous@dev.eclipse.org:/cvsroot/birt,,source/nl/org.eclipse.birt.report.designer.core.nl
plugin@org.eclipse.birt.report.designer.ui.editors.schematic.nl=HEAD,:pserver:anonymous@dev.eclipse.org:/cvsroot/birt,,source/nl/org.eclipse.birt.report.designer.ui.editors.schematic.nl
plugin@org.eclipse.birt.report.designer.ui.ide.nl=HEAD,:pserver:anonymous@dev.eclipse.org:/cvsroot/birt,,source/nl/org.eclipse.birt.report.designer.ui.ide.nl
plugin@org.eclipse.birt.report.designer.ui.lib.explorer.nl=HEAD,:pserver:anonymous@dev.eclipse.org:/cvsroot/birt,,source/nl/org.eclipse.birt.report.designer.ui.lib.explorer.nl
plugin@org.eclipse.birt.report.designer.ui.lib.nl=HEAD,:pserver:anonymous@dev.eclipse.org:/cvsroot/birt,,source/nl/org.eclipse.birt.report.designer.ui.lib.nl
plugin@org.eclipse.birt.report.designer.ui.nl=HEAD,:pserver:anonymous@dev.eclipse.org:/cvsroot/birt,,source/nl/org.eclipse.birt.report.designer.ui.nl
plugin@org.eclipse.birt.report.designer.ui.preview.nl=HEAD,:pserver:anonymous@dev.eclipse.org:/cvsroot/birt,,source/nl/org.eclipse.birt.report.designer.ui.preview.nl
plugin@org.eclipse.birt.report.designer.ui.rcp.nl=HEAD,:pserver:anonymous@dev.eclipse.org:/cvsroot/birt,,source/nl/org.eclipse.birt.report.designer.ui.rcp.nl
plugin@org.eclipse.birt.report.engine.nl=HEAD,:pserver:anonymous@dev.eclipse.org:/cvsroot/birt,,source/nl/org.eclipse.birt.report.engine.nl
plugin@org.eclipse.birt.report.model.tests.nl=HEAD,:pserver:anonymous@dev.eclipse.org:/cvsroot/birt,,source/nl/org.eclipse.birt.report.model.tests.nl
plugin@org.eclipse.birt.report.model.nl=HEAD,:pserver:anonymous@dev.eclipse.org:/cvsroot/birt,,source/nl/org.eclipse.birt.report.model.nl
plugin@org.eclipse.birt.report.viewer.nl=HEAD,:pserver:anonymous@dev.eclipse.org:/cvsroot/birt,,source/nl/org.eclipse.birt.report.viewer.nl
