!**************** BIRT DATA ********************
plugin@org.eclipse.birt.data=r25x_v20090602,:pserver:anonymous@dev.eclipse.org:/cvsroot/birt,,source/org.eclipse.birt.data
plugin@org.eclipse.birt.data.aggregation=r25x_v20090601,:pserver:anonymous@dev.eclipse.org:/cvsroot/birt,,source/org.eclipse.birt.data.aggregation
plugin@org.eclipse.birt.report.data.adapter=r25x_v20090601,:pserver:anonymous@dev.eclipse.org:/cvsroot/birt,,source/org.eclipse.birt.report.data.adapter
plugin@org.eclipse.birt.report.data.oda.jdbc=r25x_v20090601,:pserver:anonymous@dev.eclipse.org:/cvsroot/birt,,source/org.eclipse.birt.report.data.oda.jdbc
plugin@org.eclipse.birt.report.data.oda.jdbc.ui=r25x_v20090601,:pserver:anonymous@dev.eclipse.org:/cvsroot/birt,,source/org.eclipse.birt.report.data.oda.jdbc.ui
plugin@org.eclipse.birt.report.data.oda.jdbc.dbprofile=r25x_v20090601,:pserver:anonymous@dev.eclipse.org:/cvsroot/birt,,source/org.eclipse.birt.report.data.oda.jdbc.dbprofile
plugin@org.eclipse.birt.report.data.oda.jdbc.dbprofile.ui=r25x_v20090601,:pserver:anonymous@dev.eclipse.org:/cvsroot/birt,,source/org.eclipse.birt.report.data.oda.jdbc.dbprofile.ui
plugin@org.eclipse.birt.report.data.oda.jdbc.dbprofile.sampledb=r25x_v20090601,:pserver:anonymous@dev.eclipse.org:/cvsroot/birt,,source/org.eclipse.birt.report.data.oda.jdbc.dbprofile.sampledb
plugin@org.eclipse.birt.report.data.oda.sampledb=r25x_v20090601,:pserver:anonymous@dev.eclipse.org:/cvsroot/birt,,source/org.eclipse.birt.report.data.oda.sampledb
plugin@org.eclipse.birt.report.data.oda.sampledb.ui=r25x_v20090601,:pserver:anonymous@dev.eclipse.org:/cvsroot/birt,,source/org.eclipse.birt.report.data.oda.sampledb.ui
plugin@org.eclipse.birt.report.data.oda.xml=r25x_v20090601,:pserver:anonymous@dev.eclipse.org:/cvsroot/birt,,source/org.eclipse.birt.report.data.oda.xml
plugin@org.eclipse.birt.report.data.oda.xml.ui=r25x_v20090601,:pserver:anonymous@dev.eclipse.org:/cvsroot/birt,,source/org.eclipse.birt.report.data.oda.xml.ui
plugin@org.eclipse.birt.core.script.function=r25x_v20090601,:pserver:anonymous@dev.eclipse.org:/cvsroot/birt,,source/org.eclipse.birt.core.script.function

!**************** data test  *******************
plugin@org.eclipse.birt.data.tests=r25x_v20090601,:pserver:anonymous@dev.eclipse.org:/cvsroot/birt,,source/org.eclipse.birt.data.tests
plugin@org.eclipse.birt.report.data.oda.jdbc.tests=r25x_v20090601,:pserver:anonymous@dev.eclipse.org:/cvsroot/birt,,source/org.eclipse.birt.report.data.oda.jdbc.tests