plugin@org.eclipse.birt.report.tests.chart=GIT,tag=v201501061437,repo=git://github.com/eclipse/birt.git,path=testsuites/org.eclipse.birt.report.tests.chart
plugin@org.eclipse.birt.report.tests.engine=GIT,tag=v201501061437,repo=git://github.com/eclipse/birt.git,path=testsuites/org.eclipse.birt.report.tests.engine
plugin@org.eclipse.birt.report.tests.model=GIT,tag=v201501061437,repo=git://github.com/eclipse/birt.git,path=testsuites/org.eclipse.birt.report.tests.model
plugin@org.eclipse.birt.report.tests.engine.emitter.html=GIT,tag=v201501061437,repo=git://github.com/eclipse/birt.git,path=testsuites/org.eclipse.birt.report.tests.engine.emitter.html
plugin@org.eclipse.birt.tests.core=GIT,tag=v201501061437,repo=git://github.com/eclipse/birt.git,path=testsuites/org.eclipse.birt.tests.core
plugin@org.eclipse.birt.tests.data=GIT,tag=v201501061437,repo=git://github.com/eclipse/birt.git,path=testsuites/org.eclipse.birt.tests.data
plugin@org.eclipse.birt.tests=GIT,tag=v201501061437,repo=git://github.com/eclipse/birt.git,path=testsuites/org.eclipse.birt.tests
