!**************** BIRT DATA ********************
plugin@org.eclipse.birt.data=v20061207,:pserver:anonymous@dev.eclipse.org:/cvsroot/birt,,source/org.eclipse.birt.data
plugin@org.eclipse.birt.report.data.adapter=v20061130,:pserver:anonymous@dev.eclipse.org:/cvsroot/birt,,source/org.eclipse.birt.report.data.adapter
plugin@org.eclipse.birt.report.data.oda.jdbc=v20061130,:pserver:anonymous@dev.eclipse.org:/cvsroot/birt,,source/org.eclipse.birt.report.data.oda.jdbc
plugin@org.eclipse.birt.report.data.oda.jdbc.ui=v20061130,:pserver:anonymous@dev.eclipse.org:/cvsroot/birt,,source/org.eclipse.birt.report.data.oda.jdbc.ui
plugin@org.eclipse.birt.report.data.oda.sampledb=v20061130,:pserver:anonymous@dev.eclipse.org:/cvsroot/birt,,source/org.eclipse.birt.report.data.oda.sampledb
plugin@org.eclipse.birt.report.data.oda.sampledb.ui=v20061130,:pserver:anonymous@dev.eclipse.org:/cvsroot/birt,,source/org.eclipse.birt.report.data.oda.sampledb.ui
plugin@org.eclipse.birt.report.data.oda.xml=v20061130,:pserver:anonymous@dev.eclipse.org:/cvsroot/birt,,source/org.eclipse.birt.report.data.oda.xml
plugin@org.eclipse.birt.report.data.oda.xml.ui=v20061130,:pserver:anonymous@dev.eclipse.org:/cvsroot/birt,,source/org.eclipse.birt.report.data.oda.xml.ui

!**************** data test  *******************
plugin@org.eclipse.birt.data.tests=v20061207,:pserver:anonymous@dev.eclipse.org:/cvsroot/birt,,source/org.eclipse.birt.data.tests
plugin@org.eclipse.birt.report.data.oda.jdbc.tests=v20061130,:pserver:anonymous@dev.eclipse.org:/cvsroot/birt,,source/org.eclipse.birt.report.data.oda.jdbc.tests
