!*************** REPORT MODEL AND VIEWER ***********

plugin@org.eclipse.birt.report.model=v20090311,:pserver:anonymous@dev.eclipse.org:/cvsroot/birt,,source/org.eclipse.birt.report.model
plugin@org.eclipse.birt.report.model.adapter.oda=v20090311,:pserver:anonymous@dev.eclipse.org:/cvsroot/birt,,source/org.eclipse.birt.report.model.adapter.oda
plugin@org.eclipse.birt.resources=v20090311,:pserver:anonymous@dev.eclipse.org:/cvsroot/birt,,source/org.eclipse.birt.resources
plugin@org.eclipse.birt.report.viewer=v20090306,:pserver:anonymous@dev.eclipse.org:/cvsroot/birt,,source/org.eclipse.birt.report.viewer
plugin@org.eclipse.birt.integration.wtp.ui=v20090306,:pserver:anonymous@dev.eclipse.org:/cvsroot/birt,,source/org.eclipse.birt.integration.wtp.ui
plugin@org.eclipse.birt.report.engine.dataextraction=v20090306,:pserver:anonymous@dev.eclipse.org:/cvsroot/birt,,source/org.eclipse.birt.report.engine.dataextraction
plugin@org.eclipse.birt.report.engine.dataextraction.csv=v20090306,:pserver:anonymous@dev.eclipse.org:/cvsroot/birt,,source/org.eclipse.birt.report.engine.dataextraction.csv