!***************  FEATURE CONTRIBUTION  ******************************************************
feature@org.eclipse.birt.sdk=r232_v20081010,:pserver:anonymous@dev.eclipse.org:/cvsroot/birt,,source/features/org.eclipse.birt.sdk.feature
plugin@org.eclipse.birt.sdk=r232_v20081107,:pserver:anonymous@dev.eclipse.org:/cvsroot/birt,,source/org.eclipse.birt.sdk

feature@org.eclipse.birt=r232_v20081010,:pserver:anonymous@dev.eclipse.org:/cvsroot/birt,,source/features/org.eclipse.birt.feature
plugin@org.eclipse.birt=r232_v20081010,:pserver:anonymous@dev.eclipse.org:/cvsroot/birt,,source/org.eclipse.birt

!*************** DOC ***********
feature@org.eclipse.birt.chart.cshelp=r232_v20081010,:pserver:anonymous@dev.eclipse.org:/cvsroot/birt,,source/features/org.eclipse.birt.chart.cshelp.feature
feature@org.eclipse.birt.chart.doc.isv=r232_v20081010,:pserver:anonymous@dev.eclipse.org:/cvsroot/birt,,source/features/org.eclipse.birt.chart.doc.isv.feature
feature@org.eclipse.birt.cshelp=r232_v20081010,:pserver:anonymous@dev.eclipse.org:/cvsroot/birt,,source/features/org.eclipse.birt.cshelp.feature
feature@org.eclipse.birt.doc.isv=r232_v20081010,:pserver:anonymous@dev.eclipse.org:/cvsroot/birt,,source/features/org.eclipse.birt.doc.isv.feature
feature@org.eclipse.birt.doc=r232_v20081010,:pserver:anonymous@dev.eclipse.org:/cvsroot/birt,,source/features/org.eclipse.birt.doc.feature
feature@org.eclipse.birt.example=r232_v20081010,:pserver:anonymous@dev.eclipse.org:/cvsroot/birt,,source/features/org.eclipse.birt.example.feature

!*************** BIRT  ***********
feature@org.eclipse.birt.chart.runtime=r232_v20081010,:pserver:anonymous@dev.eclipse.org:/cvsroot/birt,,source/features/org.eclipse.birt.chart.runtime.feature
plugin@org.eclipse.birt.chart.runtime=r232_v20081010,:pserver:anonymous@dev.eclipse.org:/cvsroot/birt,,source/org.eclipse.birt.chart.runtime

feature@org.eclipse.birt.chart=r232_v20081010,:pserver:anonymous@dev.eclipse.org:/cvsroot/birt,,source/features/org.eclipse.birt.chart.feature
plugin@org.eclipse.birt.chart=r232_v20081010,:pserver:anonymous@dev.eclipse.org:/cvsroot/birt,,source/org.eclipse.birt.chart

feature@org.eclipse.birt.report.designer=r232_v20081010,:pserver:anonymous@dev.eclipse.org:/cvsroot/birt,,source/features/org.eclipse.birt.report.designer.feature
plugin@org.eclipse.birt.report.designer=r232_v20081010,:pserver:anonymous@dev.eclipse.org:/cvsroot/birt,,source/org.eclipse.birt.report.designer

feature@org.eclipse.birt.report.runtime=r232_v20081010,:pserver:anonymous@dev.eclipse.org:/cvsroot/birt,,source/features/org.eclipse.birt.report.runtime.feature
plugin@org.eclipse.birt.report.runtime=r232_v20081010,:pserver:anonymous@dev.eclipse.org:/cvsroot/birt,,source/org.eclipse.birt.report.runtime

feature@org.eclipse.birt.crosstab=r232_v20081010,:pserver:anonymous@dev.eclipse.org:/cvsroot/birt,,source/features/org.eclipse.birt.crosstab.feature
feature@org.eclipse.birt.report.designer.editor.xml.wtp=r232_v20090212,:pserver:anonymous@dev.eclipse.org:/cvsroot/birt,,source/features/org.eclipse.birt.report.designer.editor.xml.wtp.feature

feature@org.eclipse.birt.report.designer.debug=r232_v20081010,:pserver:anonymous@dev.eclipse.org:/cvsroot/birt,,source/features/org.eclipse.birt.report.designer.debug.feature

feature@org.eclipse.birt.testhelper=r232_v20081010,:pserver:anonymous@dev.eclipse.org:/cvsroot/birt,,source/features/org.eclipse.birt.testhelper.feature
feature@org.eclipse.birt.tests=r232_v20081103,:pserver:anonymous@dev.eclipse.org:/cvsroot/birt,,source/features/org.eclipse.birt.tests.feature
plugin@org.eclipse.birt.tests=v20080313,:pserver:anonymous@dev.eclipse.org:/cvsroot/birt,,source/org.eclipse.birt.tests

feature@org.eclipse.birt.integration.wtp=r232_v20081204,:pserver:anonymous@dev.eclipse.org:/cvsroot/birt,,source/features/org.eclipse.birt.integration.wtp.feature
feature@org.eclipse.birt.chart.integration.wtp=r232_v20081010,:pserver:anonymous@dev.eclipse.org:/cvsroot/birt,,source/features/org.eclipse.birt.chart.integration.wtp.feature
feature@org.eclipse.birt.integration.wtp.sdk=r232_v20081010,:pserver:anonymous@dev.eclipse.org:/cvsroot/birt,,source/features/org.eclipse.birt.integration.wtp.sdk.feature
feature@org.eclipse.birt.report.data.oda.jdbc.dbprofile.sqlbuilder.feature=r232_v20081010,:pserver:anonymous@dev.eclipse.org:/cvsroot/birt,,source/features/org.eclipse.birt.report.data.oda.jdbc.dbprofile.sqlbuilder.feature
feature@org.eclipse.birt.report.data.oda.jdbc.dbprofile.feature=r232_v20081010,:pserver:anonymous@dev.eclipse.org:/cvsroot/birt,,source/features/org.eclipse.birt.report.data.oda.jdbc.dbprofile.feature

!*************** Third Party Features  ***********
feature@org.eclipse.birt.thirdparty=r232_v20081010,:pserver:anonymous@dev.eclipse.org:/cvsroot/birt,,source/features/org.eclipse.birt.thirdparty.feature
plugin@org.eclipse.birt.thirdparty=v20070914,:pserver:anonymous@dev.eclipse.org:/cvsroot/birt,,source/org.eclipse.birt.thirdparty
feature@org.eclipse.birt.nl=r232_v20090227,:pserver:anonymous@dev.eclipse.org:/cvsroot/birt,,source/features/org.eclipse.birt.nl.feature
feature@org.eclipse.birt.dtp.nl=v200811271130,:pserver:anonymous@dev.eclipse.org:/cvsroot/datatools,,org.eclipse.datatools.build/R1.6_Feature_Projects/org.eclipse.birt.dtp.nl.feature




!*** Apache Xerces**************************************************************************** 
feature@org.apache.commons.codec=v20070920,:pserver:anonymous@dev.eclipse.org:/cvsroot/birt,,source/features/org.apache.commons.codec.feature 

feature@com.lowagie.itext=v20080225,:pserver:anonymous@dev.eclipse.org:/cvsroot/birt,,source/features/com.lowagie.itext.feature
plugin@com.lowagie.itext=v20080228,:pserver:anonymous@dev.eclipse.org:/cvsroot/birt,,source/com.lowagie.itext

feature@org.apache.derby.core=v20080317,:pserver:anonymous@dev.eclipse.org:/cvsroot/birt,,source/features/org.apache.derby.core.feature
plugin@org.apache.derby.core=v20080317,:pserver:anonymous@dev.eclipse.org:/cvsroot/birt,,source/org.apache.derby.core

feature@org.mozilla.rhino=v20071217,:pserver:anonymous@dev.eclipse.org:/cvsroot/birt,,source/features/org.mozilla.rhino.feature 
plugin@org.mozilla.rhino=v20080214,:pserver:anonymous@dev.eclipse.org:/cvsroot/birt,,source/org.mozilla.rhino

feature@org.w3c.sac=v20080102,:pserver:anonymous@dev.eclipse.org:/cvsroot/birt,,source/features/org.w3c.sac.feature 
plugin@org.w3c.sac=v20070710,:pserver:anonymous@dev.eclipse.org:/cvsroot/birt,,source/org.w3c.sac