!***************  FEATURE CONTRIBUTION  ******************************************************
feature@org.eclipse.birt.sdk=v20070920,:pserver:anonymous@dev.eclipse.org:/cvsroot/birt,,source/features/org.eclipse.birt.sdk.feature
plugin@org.eclipse.birt.sdk=v20070914,:pserver:anonymous@dev.eclipse.org:/cvsroot/birt,,source/org.eclipse.birt.sdk

feature@org.eclipse.birt=v20070920,:pserver:anonymous@dev.eclipse.org:/cvsroot/birt,,source/features/org.eclipse.birt.feature
plugin@org.eclipse.birt=v20070914,:pserver:anonymous@dev.eclipse.org:/cvsroot/birt,,source/org.eclipse.birt

!*************** DOC ***********
feature@org.eclipse.birt.chart.cshelp=v20070920,:pserver:anonymous@dev.eclipse.org:/cvsroot/birt,,source/features/org.eclipse.birt.chart.cshelp.feature
feature@org.eclipse.birt.chart.doc.isv=v20070920,:pserver:anonymous@dev.eclipse.org:/cvsroot/birt,,source/features/org.eclipse.birt.chart.doc.isv.feature
feature@org.eclipse.birt.cshelp=v20070920,:pserver:anonymous@dev.eclipse.org:/cvsroot/birt,,source/features/org.eclipse.birt.cshelp.feature
feature@org.eclipse.birt.doc.isv=v20070920,:pserver:anonymous@dev.eclipse.org:/cvsroot/birt,,source/features/org.eclipse.birt.doc.isv.feature
feature@org.eclipse.birt.doc=v20070920,:pserver:anonymous@dev.eclipse.org:/cvsroot/birt,,source/features/org.eclipse.birt.doc.feature
feature@org.eclipse.birt.example=v20071113,:pserver:anonymous@dev.eclipse.org:/cvsroot/birt,,source/features/org.eclipse.birt.example.feature

!*************** BIRT  ***********
feature@org.eclipse.birt.chart.runtime=v20071218,:pserver:anonymous@dev.eclipse.org:/cvsroot/birt,,source/features/org.eclipse.birt.chart.runtime.feature
plugin@org.eclipse.birt.chart.runtime=v20070914,:pserver:anonymous@dev.eclipse.org:/cvsroot/birt,,source/org.eclipse.birt.chart.runtime

feature@org.eclipse.birt.chart=v20070920,:pserver:anonymous@dev.eclipse.org:/cvsroot/birt,,source/features/org.eclipse.birt.chart.feature
plugin@org.eclipse.birt.chart=v20070914,:pserver:anonymous@dev.eclipse.org:/cvsroot/birt,,source/org.eclipse.birt.chart

feature@org.eclipse.birt.report.designer=v20071120,:pserver:anonymous@dev.eclipse.org:/cvsroot/birt,,source/features/org.eclipse.birt.report.designer.feature
plugin@org.eclipse.birt.report.designer=v20070914,:pserver:anonymous@dev.eclipse.org:/cvsroot/birt,,source/org.eclipse.birt.report.designer

feature@org.eclipse.birt.report.runtime=v20071113,:pserver:anonymous@dev.eclipse.org:/cvsroot/birt,,source/features/org.eclipse.birt.report.runtime.feature
plugin@org.eclipse.birt.report.runtime=v20070914,:pserver:anonymous@dev.eclipse.org:/cvsroot/birt,,source/org.eclipse.birt.report.runtime

feature@org.eclipse.birt.crosstab=v20070920,:pserver:anonymous@dev.eclipse.org:/cvsroot/birt,,source/features/org.eclipse.birt.crosstab.feature

feature@org.eclipse.birt.testhelper=v20071029,:pserver:anonymous@dev.eclipse.org:/cvsroot/birt,,source/features/org.eclipse.birt.testhelper.feature
feature@org.eclipse.birt.tests=v20070920,:pserver:anonymous@dev.eclipse.org:/cvsroot/birt,,source/features/org.eclipse.birt.tests.feature
plugin@org.eclipse.birt.tests=v20070718,:pserver:anonymous@dev.eclipse.org:/cvsroot/birt,,source/org.eclipse.birt.tests

feature@org.eclipse.birt.integration.wtp=v20071007,:pserver:anonymous@dev.eclipse.org:/cvsroot/birt,,source/features/org.eclipse.birt.integration.wtp.feature
feature@org.eclipse.birt.chart.integration.wtp=v20071007,:pserver:anonymous@dev.eclipse.org:/cvsroot/birt,,source/features/org.eclipse.birt.chart.integration.wtp.feature
feature@org.eclipse.birt.integration.wtp.sdk=v20070920,:pserver:anonymous@dev.eclipse.org:/cvsroot/birt,,source/features/org.eclipse.birt.integration.wtp.sdk.feature

!*************** Third Party Features  ***********
feature@org.eclipse.birt.thirdparty=v20070920,:pserver:anonymous@dev.eclipse.org:/cvsroot/birt,,source/features/org.eclipse.birt.thirdparty.feature
plugin@org.eclipse.birt.thirdparty=v20070914,:pserver:anonymous@dev.eclipse.org:/cvsroot/birt,,source/org.eclipse.birt.thirdparty
feature@org.eclipse.birt.nl=v20070920,:pserver:anonymous@dev.eclipse.org:/cvsroot/birt,,source/features/org.eclipse.birt.nl.feature


plugin@javax.xml,1.3.4=GET,http://download.eclipse.org/tools/orbit/downloads/drops/S200712072116/bundles/javax.xml_1.3.4.v200712030721.jar
plugin@org.apache.xerces,2.9.0=GET,http://download.eclipse.org/tools/orbit/downloads/drops/S200712072116/bundles/org.apache.xerces_2.9.0.v200712030150.jar
plugin@org.apache.xml.resolver,1.2.0=GET,http://download.eclipse.org/tools/orbit/downloads/drops/S200712072116/bundles/org.apache.xml.resolver_1.2.0.v200712030150.jar
plugin@org.apache.xml.serializer,2.7.1=GET,http://download.eclipse.org/tools/orbit/downloads/drops/S200712072116/bundles/org.apache.xml.serializer_2.7.1.v200712030721.jar




!*** Apache Xerces**************************************************************************** 
feature@org.apache.commons.codec=v20070920,:pserver:anonymous@dev.eclipse.org:/cvsroot/birt,,source/features/org.apache.commons.codec.feature 

feature@com.lowagie.itext=v20071109,:pserver:anonymous@dev.eclipse.org:/cvsroot/birt,,source/features/com.lowagie.itext.feature 
plugin@com.lowagie.itext=v20071109,:pserver:anonymous@dev.eclipse.org:/cvsroot/birt,,source/com.lowagie.itext

feature@org.apache.derby.core=v20070920,:pserver:anonymous@dev.eclipse.org:/cvsroot/birt,,source/features/org.apache.derby.core.feature 
plugin@org.apache.derby.core=v20070710,:pserver:anonymous@dev.eclipse.org:/cvsroot/birt,,source/org.apache.derby.core

feature@org.mozilla.rhino=v20071217,:pserver:anonymous@dev.eclipse.org:/cvsroot/birt,,source/features/org.mozilla.rhino.feature 
plugin@org.mozilla.rhino=v200712171,:pserver:anonymous@dev.eclipse.org:/cvsroot/birt,,source/org.mozilla.rhino

feature@org.w3c.sac=v20070920,:pserver:anonymous@dev.eclipse.org:/cvsroot/birt,,source/features/org.w3c.sac.feature 
plugin@org.w3c.sac=v20070710,:pserver:anonymous@dev.eclipse.org:/cvsroot/birt,,source/org.w3c.sac
