plugin@org.eclipse.birt.chart.device.extension=GIT,tag=v201501061437,repo=git://github.com/eclipse/birt.git,path=chart/org.eclipse.birt.chart.device.extension
plugin@org.eclipse.birt.chart.device.pdf=GIT,tag=v201501061437,repo=git://github.com/eclipse/birt.git,path=chart/org.eclipse.birt.chart.device.pdf
plugin@org.eclipse.birt.chart.device.svg=GIT,tag=v201501061437,repo=git://github.com/eclipse/birt.git,path=chart/org.eclipse.birt.chart.device.svg
plugin@org.eclipse.birt.chart.device.swt=GIT,tag=v201501061437,repo=git://github.com/eclipse/birt.git,path=chart/org.eclipse.birt.chart.device.swt
plugin@org.eclipse.birt.chart.engine=GIT,tag=v201501061437,repo=git://github.com/eclipse/birt.git,path=chart/org.eclipse.birt.chart.engine
plugin@org.eclipse.birt.chart.engine.extension=GIT,tag=v201501061437,repo=git://github.com/eclipse/birt.git,path=chart/org.eclipse.birt.chart.engine.extension
plugin@org.eclipse.birt.chart.examples=GIT,tag=v201501061437,repo=git://github.com/eclipse/birt.git,path=chart/org.eclipse.birt.chart.examples
plugin@org.eclipse.birt.chart.examples.core=GIT,tag=v201501061437,repo=git://github.com/eclipse/birt.git,path=chart/org.eclipse.birt.chart.examples.core
plugin@org.eclipse.birt.chart.reportitem=GIT,tag=v201501061437,repo=git://github.com/eclipse/birt.git,path=chart/org.eclipse.birt.chart.reportitem
plugin@org.eclipse.birt.chart.reportitem.ui=GIT,tag=v201501061437,repo=git://github.com/eclipse/birt.git,path=chart/org.eclipse.birt.chart.reportitem.ui
plugin@org.eclipse.birt.chart.ui=GIT,tag=v201501061437,repo=git://github.com/eclipse/birt.git,path=chart/org.eclipse.birt.chart.ui
plugin@org.eclipse.birt.chart.ui.extension=GIT,tag=v201501061437,repo=git://github.com/eclipse/birt.git,path=chart/org.eclipse.birt.chart.ui.extension
plugin@org.eclipse.birt.chart.viewer=GIT,tag=v201501061437,repo=git://github.com/eclipse/birt.git,path=chart/org.eclipse.birt.chart.viewer
plugin@org.eclipse.birt.chart.integration.wtp.ui=GIT,tag=v201501061437,repo=git://github.com/eclipse/birt.git,path=chart/org.eclipse.birt.chart.integration.wtp.ui
plugin@org.eclipse.birt.chart.tests=GIT,tag=v201501221215,repo=git://github.com/eclipse/birt.git,path=chart/org.eclipse.birt.chart.tests

