!***************DATATOOLS CONNECTIVITY NL*****************
fragment@org.eclipse.datatools.connectivity.nl1=GIT,tag=master,repo=git://git.eclipse.org/gitroot/datatools/org.eclipse.datatools.nl.git,path=plugins/connectivity/org.eclipse.datatools.connectivity.nl
fragment@org.eclipse.datatools.connectivity.oda.consumer.nl1=GIT,tag=master,repo=git://git.eclipse.org/gitroot/datatools/org.eclipse.datatools.nl.git,path=plugins/connectivity/org.eclipse.datatools.connectivity.oda.consumer.nl
fragment@org.eclipse.datatools.connectivity.oda.design.nl1=GIT,tag=master,repo=git://git.eclipse.org/gitroot/datatools/org.eclipse.datatools.nl.git,path=plugins/connectivity/org.eclipse.datatools.connectivity.oda.design.nl
fragment@org.eclipse.datatools.connectivity.oda.design.ui.nl1=GIT,tag=master,repo=git://git.eclipse.org/gitroot/datatools/org.eclipse.datatools.nl.git,path=plugins/connectivity/org.eclipse.datatools.connectivity.oda.design.ui.nl
fragment@org.eclipse.datatools.connectivity.oda.flatfile.nl1=GIT,tag=master,repo=git://git.eclipse.org/gitroot/datatools/org.eclipse.datatools.nl.git,path=plugins/connectivity/org.eclipse.datatools.connectivity.oda.flatfile.nl
fragment@org.eclipse.datatools.connectivity.oda.flatfile.ui.nl1=GIT,tag=master,repo=git://git.eclipse.org/gitroot/datatools/org.eclipse.datatools.nl.git,path=plugins/connectivity/org.eclipse.datatools.connectivity.oda.flatfile.ui.nl
fragment@org.eclipse.datatools.connectivity.oda.nl1=GIT,tag=master,repo=git://git.eclipse.org/gitroot/datatools/org.eclipse.datatools.nl.git,path=plugins/connectivity/org.eclipse.datatools.connectivity.oda.nl
fragment@org.eclipse.datatools.connectivity.oda.profile.nl1=GIT,tag=master,repo=git://git.eclipse.org/gitroot/datatools/org.eclipse.datatools.nl.git,path=plugins/connectivity/org.eclipse.datatools.connectivity.oda.profile.nl
fragment@org.eclipse.datatools.connectivity.ui.dse.nl1=GIT,tag=master,repo=git://git.eclipse.org/gitroot/datatools/org.eclipse.datatools.nl.git,path=plugins/connectivity/org.eclipse.datatools.connectivity.ui.dse.nl
fragment@org.eclipse.datatools.connectivity.oda.template.ui.nl1=GIT,tag=master,repo=git://git.eclipse.org/gitroot/datatools/org.eclipse.datatools.nl.git,path=plugins/connectivity/org.eclipse.datatools.connectivity.oda.template.ui.nl
fragment@org.eclipse.datatools.connectivity.ui.nl1=GIT,tag=master,repo=git://git.eclipse.org/gitroot/datatools/org.eclipse.datatools.nl.git,path=plugins/connectivity/org.eclipse.datatools.connectivity.ui.nl
fragment@org.eclipse.datatools.connectivity.apache.derby.nl1=GIT,tag=master,repo=git://git.eclipse.org/gitroot/datatools/org.eclipse.datatools.nl.git,path=plugins/connectivity/org.eclipse.datatools.connectivity.apache.derby.nl
fragment@org.eclipse.datatools.connectivity.apache.derby.dbdefinition.nl1=GIT,tag=master,repo=git://git.eclipse.org/gitroot/datatools/org.eclipse.datatools.nl.git,path=plugins/connectivity/org.eclipse.datatools.connectivity.apache.derby.dbdefinition.nl
fragment@org.eclipse.datatools.connectivity.apache.derby.ui.nl1=GIT,tag=master,repo=git://git.eclipse.org/gitroot/datatools/org.eclipse.datatools.nl.git,path=plugins/connectivity/org.eclipse.datatools.connectivity.apache.derby.ui.nl
fragment@org.eclipse.datatools.connectivity.db.generic.nl1=GIT,tag=master,repo=git://git.eclipse.org/gitroot/datatools/org.eclipse.datatools.nl.git,path=plugins/connectivity/org.eclipse.datatools.connectivity.db.generic.nl
fragment@org.eclipse.datatools.connectivity.db.generic.ui.nl1=GIT,tag=master,repo=git://git.eclipse.org/gitroot/datatools/org.eclipse.datatools.nl.git,path=plugins/connectivity/org.eclipse.datatools.connectivity.db.generic.ui.nl
fragment@org.eclipse.datatools.connectivity.dbdefinition.genericJDBC.nl1=GIT,tag=master,repo=git://git.eclipse.org/gitroot/datatools/org.eclipse.datatools.nl.git,path=plugins/connectivity/org.eclipse.datatools.connectivity.dbdefinition.genericJDBC.nl
fragment@org.eclipse.datatools.connectivity.sqm.core.nl1=GIT,tag=master,repo=git://git.eclipse.org/gitroot/datatools/org.eclipse.datatools.nl.git,path=plugins/connectivity/org.eclipse.datatools.connectivity.sqm.core.nl
fragment@org.eclipse.datatools.connectivity.sqm.core.ui.nl1=GIT,tag=master,repo=git://git.eclipse.org/gitroot/datatools/org.eclipse.datatools.nl.git,path=plugins/connectivity/org.eclipse.datatools.connectivity.sqm.core.ui.nl
fragment@org.eclipse.datatools.connectivity.sqm.server.ui.nl1=GIT,tag=master,repo=git://git.eclipse.org/gitroot/datatools/org.eclipse.datatools.nl.git,path=plugins/connectivity/org.eclipse.datatools.connectivity.sqm.server.ui.nl
fragment@org.eclipse.datatools.connectivity.console.profile.nl1=GIT,tag=master,repo=git://git.eclipse.org/gitroot/datatools/org.eclipse.datatools.nl.git,path=plugins/connectivity/org.eclipse.datatools.connectivity.console.profile.nl

!***************DATATOOLS ENABLEMENT NL*****************
fragment@org.eclipse.datatools.enablement.oda.xml.nl1=GIT,tag=master,repo=git://git.eclipse.org/gitroot/datatools/org.eclipse.datatools.nl.git,path=plugins/enablement/org.eclipse.datatools.enablement.oda.xml.nl
fragment@org.eclipse.datatools.enablement.oda.xml.ui.nl1=GIT,tag=master,repo=git://git.eclipse.org/gitroot/datatools/org.eclipse.datatools.nl.git,path=plugins/enablement/org.eclipse.datatools.enablement.oda.xml.ui.nl
fragment@org.eclipse.datatools.enablement.oda.ws.nl1=GIT,tag=master,repo=git://git.eclipse.org/gitroot/datatools/org.eclipse.datatools.nl.git,path=plugins/enablement/org.eclipse.datatools.enablement.oda.ws.nl
fragment@org.eclipse.datatools.enablement.oda.ws.ui.nl1=GIT,tag=master,repo=git://git.eclipse.org/gitroot/datatools/org.eclipse.datatools.nl.git,path=plugins/enablement/org.eclipse.datatools.enablement.oda.ws.ui.nl
fragment@org.eclipse.datatools.enablement.hsqldb.nl1=GIT,tag=master,repo=git://git.eclipse.org/gitroot/datatools/org.eclipse.datatools.nl.git,path=plugins/enablement/org.eclipse.datatools.enablement.hsqldb.nl
fragment@org.eclipse.datatools.enablement.hsqldb.dbdefinition.nl1=GIT,tag=master,repo=git://git.eclipse.org/gitroot/datatools/org.eclipse.datatools.nl.git,path=plugins/enablement/org.eclipse.datatools.enablement.hsqldb.dbdefinition.nl
fragment@org.eclipse.datatools.enablement.hsqldb.ui.nl1=GIT,tag=master,repo=git://git.eclipse.org/gitroot/datatools/org.eclipse.datatools.nl.git,path=plugins/enablement/org.eclipse.datatools.enablement.hsqldb.ui.nl
fragment@org.eclipse.datatools.enablement.ibm.db2.iseries.nl1=GIT,tag=master,repo=git://git.eclipse.org/gitroot/datatools/org.eclipse.datatools.nl.git,path=plugins/enablement/org.eclipse.datatools.enablement.ibm.db2.iseries.nl
fragment@org.eclipse.datatools.enablement.ibm.db2.iseries.dbdefinition.nl1=GIT,tag=master,repo=git://git.eclipse.org/gitroot/datatools/org.eclipse.datatools.nl.git,path=plugins/enablement/org.eclipse.datatools.enablement.ibm.db2.iseries.dbdefinition.nl
fragment@org.eclipse.datatools.enablement.ibm.db2.iseries.ui.nl1=GIT,tag=master,repo=git://git.eclipse.org/gitroot/datatools/org.eclipse.datatools.nl.git,path=plugins/enablement/org.eclipse.datatools.enablement.ibm.db2.iseries.ui.nl
fragment@org.eclipse.datatools.enablement.ibm.db2.luw.nl1=GIT,tag=master,repo=git://git.eclipse.org/gitroot/datatools/org.eclipse.datatools.nl.git,path=plugins/enablement/org.eclipse.datatools.enablement.ibm.db2.luw.nl
fragment@org.eclipse.datatools.enablement.ibm.db2.luw.dbdefinition.nl1=GIT,tag=master,repo=git://git.eclipse.org/gitroot/datatools/org.eclipse.datatools.nl.git,path=plugins/enablement/org.eclipse.datatools.enablement.ibm.db2.luw.dbdefinition.nl
fragment@org.eclipse.datatools.enablement.ibm.db2.luw.ui.nl1=GIT,tag=master,repo=git://git.eclipse.org/gitroot/datatools/org.eclipse.datatools.nl.git,path=plugins/enablement/org.eclipse.datatools.enablement.ibm.db2.luw.ui.nl
fragment@org.eclipse.datatools.enablement.ibm.db2.zseries.nl1=GIT,tag=master,repo=git://git.eclipse.org/gitroot/datatools/org.eclipse.datatools.nl.git,path=plugins/enablement/org.eclipse.datatools.enablement.ibm.db2.zseries.nl
fragment@org.eclipse.datatools.enablement.ibm.db2.zseries.dbdefinition.nl1=GIT,tag=master,repo=git://git.eclipse.org/gitroot/datatools/org.eclipse.datatools.nl.git,path=plugins/enablement/org.eclipse.datatools.enablement.ibm.db2.zseries.dbdefinition.nl
fragment@org.eclipse.datatools.enablement.ibm.db2.zseries.ui.nl1=GIT,tag=master,repo=git://git.eclipse.org/gitroot/datatools/org.eclipse.datatools.nl.git,path=plugins/enablement/org.eclipse.datatools.enablement.ibm.db2.zseries.ui.nl
fragment@org.eclipse.datatools.enablement.ibm.informix.nl1=GIT,tag=master,repo=git://git.eclipse.org/gitroot/datatools/org.eclipse.datatools.nl.git,path=plugins/enablement/org.eclipse.datatools.enablement.ibm.informix.nl
fragment@org.eclipse.datatools.enablement.ibm.informix.dbdefinition.nl1=GIT,tag=master,repo=git://git.eclipse.org/gitroot/datatools/org.eclipse.datatools.nl.git,path=plugins/enablement/org.eclipse.datatools.enablement.ibm.informix.dbdefinition.nl
fragment@org.eclipse.datatools.enablement.ibm.informix.ui.nl1=GIT,tag=master,repo=git://git.eclipse.org/gitroot/datatools/org.eclipse.datatools.nl.git,path=plugins/enablement/org.eclipse.datatools.enablement.ibm.informix.ui.nl
fragment@org.eclipse.datatools.enablement.ibm.ui.nl1=GIT,tag=master,repo=git://git.eclipse.org/gitroot/datatools/org.eclipse.datatools.nl.git,path=plugins/enablement/org.eclipse.datatools.enablement.ibm.ui.nl
fragment@org.eclipse.datatools.enablement.msft.sqlserver.nl1=GIT,tag=master,repo=git://git.eclipse.org/gitroot/datatools/org.eclipse.datatools.nl.git,path=plugins/enablement/org.eclipse.datatools.enablement.msft.sqlserver.nl
fragment@org.eclipse.datatools.enablement.msft.sqlserver.dbdefinition.nl1=GIT,tag=master,repo=git://git.eclipse.org/gitroot/datatools/org.eclipse.datatools.nl.git,path=plugins/enablement/org.eclipse.datatools.enablement.msft.sqlserver.dbdefinition.nl
fragment@org.eclipse.datatools.enablement.msft.sqlserver.ui.nl1=GIT,tag=master,repo=git://git.eclipse.org/gitroot/datatools/org.eclipse.datatools.nl.git,path=plugins/enablement/org.eclipse.datatools.enablement.msft.sqlserver.ui.nl
fragment@org.eclipse.datatools.enablement.mysql.nl1=GIT,tag=master,repo=git://git.eclipse.org/gitroot/datatools/org.eclipse.datatools.nl.git,path=plugins/enablement/org.eclipse.datatools.enablement.mysql.nl
fragment@org.eclipse.datatools.enablement.mysql.dbdefinition.nl1=GIT,tag=master,repo=git://git.eclipse.org/gitroot/datatools/org.eclipse.datatools.nl.git,path=plugins/enablement/org.eclipse.datatools.enablement.mysql.dbdefinition.nl
fragment@org.eclipse.datatools.enablement.mysql.ui.nl1=GIT,tag=master,repo=git://git.eclipse.org/gitroot/datatools/org.eclipse.datatools.nl.git,path=plugins/enablement/org.eclipse.datatools.enablement.mysql.ui.nl
fragment@org.eclipse.datatools.enablement.oracle.nl1=GIT,tag=master,repo=git://git.eclipse.org/gitroot/datatools/org.eclipse.datatools.nl.git,path=plugins/enablement/org.eclipse.datatools.enablement.oracle.nl
fragment@org.eclipse.datatools.enablement.oracle.dbdefinition.nl1=GIT,tag=master,repo=git://git.eclipse.org/gitroot/datatools/org.eclipse.datatools.nl.git,path=plugins/enablement/org.eclipse.datatools.enablement.oracle.dbdefinition.nl
fragment@org.eclipse.datatools.enablement.oracle.ui.nl1=GIT,tag=master,repo=git://git.eclipse.org/gitroot/datatools/org.eclipse.datatools.nl.git,path=plugins/enablement/org.eclipse.datatools.enablement.oracle.ui.nl
fragment@org.eclipse.datatools.enablement.postgresql.nl1=GIT,tag=master,repo=git://git.eclipse.org/gitroot/datatools/org.eclipse.datatools.nl.git,path=plugins/enablement/org.eclipse.datatools.enablement.postgresql.nl
fragment@org.eclipse.datatools.enablement.postgresql.ui.nl1=GIT,tag=master,repo=git://git.eclipse.org/gitroot/datatools/org.eclipse.datatools.nl.git,path=plugins/enablement/org.eclipse.datatools.enablement.postgresql.ui.nl
fragment@org.eclipse.datatools.enablement.sap.maxdb.nl1=GIT,tag=master,repo=git://git.eclipse.org/gitroot/datatools/org.eclipse.datatools.nl.git,path=plugins/enablement/org.eclipse.datatools.enablement.sap.maxdb.nl
fragment@org.eclipse.datatools.enablement.sap.maxdb.dbdefinition.nl1=GIT,tag=master,repo=git://git.eclipse.org/gitroot/datatools/org.eclipse.datatools.nl.git,path=plugins/enablement/org.eclipse.datatools.enablement.sap.maxdb.dbdefinition.nl
fragment@org.eclipse.datatools.enablement.sap.maxdb.ui.nl1=GIT,tag=master,repo=git://git.eclipse.org/gitroot/datatools/org.eclipse.datatools.nl.git,path=plugins/enablement/org.eclipse.datatools.enablement.sap.maxdb.ui.nl
fragment@org.eclipse.datatools.enablement.sybase.ui.nl1=GIT,tag=master,repo=git://git.eclipse.org/gitroot/datatools/org.eclipse.datatools.nl.git,path=plugins/enablement/org.eclipse.datatools.enablement.sybase.ui.nl
fragment@org.eclipse.datatools.enablement.sybase.nl1=GIT,tag=master,repo=git://git.eclipse.org/gitroot/datatools/org.eclipse.datatools.nl.git,path=plugins/enablement/org.eclipse.datatools.enablement.sybase.nl
fragment@org.eclipse.datatools.enablement.sybase.asa.nl1=GIT,tag=master,repo=git://git.eclipse.org/gitroot/datatools/org.eclipse.datatools.nl.git,path=plugins/enablement/org.eclipse.datatools.enablement.sybase.asa.nl
fragment@org.eclipse.datatools.enablement.sybase.asa.models.nl1=GIT,tag=master,repo=git://git.eclipse.org/gitroot/datatools/org.eclipse.datatools.nl.git,path=plugins/enablement/org.eclipse.datatools.enablement.sybase.asa.models.nl
fragment@org.eclipse.datatools.enablement.sybase.ase.dbdefinition.nl1=GIT,tag=master,repo=git://git.eclipse.org/gitroot/datatools/org.eclipse.datatools.nl.git,path=plugins/enablement/org.eclipse.datatools.enablement.sybase.ase.dbdefinition.nl
fragment@org.eclipse.datatools.enablement.ingres.dbdefinition.nl1=GIT,tag=master,repo=git://git.eclipse.org/gitroot/datatools/org.eclipse.datatools.nl.git,path=plugins/enablement/org.eclipse.datatools.enablement.ingres.dbdefinition.nl
fragment@org.eclipse.datatools.enablement.ingres.nl1=GIT,tag=master,repo=git://git.eclipse.org/gitroot/datatools/org.eclipse.datatools.nl.git,path=plugins/enablement/org.eclipse.datatools.enablement.ingres.nl
fragment@org.eclipse.datatools.enablement.ingres.ui.nl1=GIT,tag=master,repo=git://git.eclipse.org/gitroot/datatools/org.eclipse.datatools.nl.git,path=plugins/enablement/org.eclipse.datatools.enablement.ingres.ui.nl
fragment@org.eclipse.datatools.enablement.jdt.classpath.nl1=GIT,tag=master,repo=git://git.eclipse.org/gitroot/datatools/org.eclipse.datatools.nl.git,path=plugins/enablement/org.eclipse.datatools.enablement.jdt.classpath.nl
fragment@org.eclipse.datatools.enablement.sqlite.dbdefinition.nl1=GIT,tag=master,repo=git://git.eclipse.org/gitroot/datatools/org.eclipse.datatools.nl.git,path=plugins/enablement/org.eclipse.datatools.enablement.sqlite.dbdefinition.nl
fragment@org.eclipse.datatools.enablement.sqlite.nl1=GIT,tag=master,repo=git://git.eclipse.org/gitroot/datatools/org.eclipse.datatools.nl.git,path=plugins/enablement/org.eclipse.datatools.enablement.sqlite.nl
fragment@org.eclipse.datatools.enablement.sqlite.ui.nl1=GIT,tag=master,repo=git://git.eclipse.org/gitroot/datatools/org.eclipse.datatools.nl.git,path=plugins/enablement/org.eclipse.datatools.enablement.sqlite.ui.nl

!***************DATATOOLS SQLTOOLS NL*****************
fragment@org.eclipse.datatools.sqltools.common.ui.nl1=GIT,tag=master,repo=git://git.eclipse.org/gitroot/datatools/org.eclipse.datatools.nl.git,path=plugins/sqltools/org.eclipse.datatools.sqltools.common.ui.nl
fragment@org.eclipse.datatools.sqltools.db.derby.nl1=GIT,tag=master,repo=git://git.eclipse.org/gitroot/datatools/org.eclipse.datatools.nl.git,path=plugins/sqltools/org.eclipse.datatools.sqltools.db.derby.nl
fragment@org.eclipse.datatools.sqltools.db.generic.nl1=GIT,tag=master,repo=git://git.eclipse.org/gitroot/datatools/org.eclipse.datatools.nl.git,path=plugins/sqltools/org.eclipse.datatools.sqltools.db.generic.nl
fragment@org.eclipse.datatools.sqltools.editor.core.nl1=GIT,tag=master,repo=git://git.eclipse.org/gitroot/datatools/org.eclipse.datatools.nl.git,path=plugins/sqltools/org.eclipse.datatools.sqltools.editor.core.nl
fragment@org.eclipse.datatools.sqltools.parsers.sql.nl1=GIT,tag=master,repo=git://git.eclipse.org/gitroot/datatools/org.eclipse.datatools.nl.git,path=plugins/sqltools/org.eclipse.datatools.sqltools.parsers.sql.nl
fragment@org.eclipse.datatools.sqltools.parsers.sql.query.nl1=GIT,tag=master,repo=git://git.eclipse.org/gitroot/datatools/org.eclipse.datatools.nl.git,path=plugins/sqltools/org.eclipse.datatools.sqltools.parsers.sql.query.nl
fragment@org.eclipse.datatools.sqltools.plan.nl1=GIT,tag=master,repo=git://git.eclipse.org/gitroot/datatools/org.eclipse.datatools.nl.git,path=plugins/sqltools/org.eclipse.datatools.sqltools.plan.nl
fragment@org.eclipse.datatools.sqltools.result.nl1=GIT,tag=master,repo=git://git.eclipse.org/gitroot/datatools/org.eclipse.datatools.nl.git,path=plugins/sqltools/org.eclipse.datatools.sqltools.result.nl
fragment@org.eclipse.datatools.sqltools.sql.nl1=GIT,tag=master,repo=git://git.eclipse.org/gitroot/datatools/org.eclipse.datatools.nl.git,path=plugins/sqltools/org.eclipse.datatools.sqltools.sql.nl
fragment@org.eclipse.datatools.sqltools.sqlbuilder.nl1=GIT,tag=master,repo=git://git.eclipse.org/gitroot/datatools/org.eclipse.datatools.nl.git,path=plugins/sqltools/org.eclipse.datatools.sqltools.sqlbuilder.nl
fragment@org.eclipse.datatools.sqltools.sqleditor.nl1=GIT,tag=master,repo=git://git.eclipse.org/gitroot/datatools/org.eclipse.datatools.nl.git,path=plugins/sqltools/org.eclipse.datatools.sqltools.sqleditor.nl

!***************DATATOOLS MODELBASE NL*****************
fragment@org.eclipse.datatools.modelbase.dbdefinition.nl1=GIT,tag=master,repo=git://git.eclipse.org/gitroot/datatools/org.eclipse.datatools.nl.git,path=plugins/modelbase/org.eclipse.datatools.modelbase.dbdefinition.nl
fragment@org.eclipse.datatools.modelbase.derby.nl1=GIT,tag=master,repo=git://git.eclipse.org/gitroot/datatools/org.eclipse.datatools.nl.git,path=plugins/modelbase/org.eclipse.datatools.modelbase.derby.nl
fragment@org.eclipse.datatools.modelbase.sql.edit.nl1=GIT,tag=master,repo=git://git.eclipse.org/gitroot/datatools/org.eclipse.datatools.nl.git,path=plugins/modelbase/org.eclipse.datatools.modelbase.sql.edit.nl
fragment@org.eclipse.datatools.modelbase.sql.nl1=GIT,tag=master,repo=git://git.eclipse.org/gitroot/datatools/org.eclipse.datatools.nl.git,path=plugins/modelbase/org.eclipse.datatools.modelbase.sql.nl
fragment@org.eclipse.datatools.modelbase.sql.query.edit.nl1=GIT,tag=master,repo=git://git.eclipse.org/gitroot/datatools/org.eclipse.datatools.nl.git,path=plugins/modelbase/org.eclipse.datatools.modelbase.sql.query.edit.nl
fragment@org.eclipse.datatools.modelbase.sql.query.nl1=GIT,tag=master,repo=git://git.eclipse.org/gitroot/datatools/org.eclipse.datatools.nl.git,path=plugins/modelbase/org.eclipse.datatools.modelbase.sql.query.nl
fragment@org.eclipse.datatools.modelbase.sql.xml.query.nl1=GIT,tag=master,repo=git://git.eclipse.org/gitroot/datatools/org.eclipse.datatools.nl.git,path=plugins/modelbase/org.eclipse.datatools.modelbase.sql.xml.query.nl
