!***************DATATOOLS CONNECTIVITY NL*****************
fragment@org.eclipse.datatools.connectivity.nl=HEAD,:pserver:anonymous@dev.eclipse.org:/cvsroot/datatools,,org.eclipse.datatools.connectivity/nl/org.eclipse.datatools.connectivity.nl
fragment@org.eclipse.datatools.connectivity.oda.consumer.nl=HEAD,:pserver:anonymous@dev.eclipse.org:/cvsroot/datatools,,org.eclipse.datatools.connectivity/nl/org.eclipse.datatools.connectivity.oda.consumer.nl
fragment@org.eclipse.datatools.connectivity.oda.design.nl=HEAD,:pserver:anonymous@dev.eclipse.org:/cvsroot/datatools,,org.eclipse.datatools.connectivity/nl/org.eclipse.datatools.connectivity.oda.design.nl
fragment@org.eclipse.datatools.connectivity.oda.design.ui.nl=HEAD,:pserver:anonymous@dev.eclipse.org:/cvsroot/datatools,,org.eclipse.datatools.connectivity/nl/org.eclipse.datatools.connectivity.oda.design.ui.nl
fragment@org.eclipse.datatools.connectivity.oda.flatfile.nl=HEAD,:pserver:anonymous@dev.eclipse.org:/cvsroot/datatools,,org.eclipse.datatools.connectivity/nl/org.eclipse.datatools.connectivity.oda.flatfile.nl
fragment@org.eclipse.datatools.connectivity.oda.flatfile.ui.nl=HEAD,:pserver:anonymous@dev.eclipse.org:/cvsroot/datatools,,org.eclipse.datatools.connectivity/nl/org.eclipse.datatools.connectivity.oda.flatfile.ui.nl
fragment@org.eclipse.datatools.connectivity.oda.nl=HEAD,:pserver:anonymous@dev.eclipse.org:/cvsroot/datatools,,org.eclipse.datatools.connectivity/nl/org.eclipse.datatools.connectivity.oda.nl
fragment@org.eclipse.datatools.connectivity.oda.profile.nl=HEAD,:pserver:anonymous@dev.eclipse.org:/cvsroot/datatools,,org.eclipse.datatools.connectivity/nl/org.eclipse.datatools.connectivity.oda.profile.nl
fragment@org.eclipse.datatools.connectivity.ui.dse.nl=HEAD,:pserver:anonymous@dev.eclipse.org:/cvsroot/datatools,,org.eclipse.datatools.connectivity/nl/org.eclipse.datatools.connectivity.ui.dse.nl
fragment@org.eclipse.datatools.connectivity.oda.template.ui.nl=HEAD,:pserver:anonymous@dev.eclipse.org:/cvsroot/datatools,,org.eclipse.datatools.connectivity/nl/org.eclipse.datatools.connectivity.oda.template.ui.nl
fragment@org.eclipse.datatools.connectivity.ui.nl=HEAD,:pserver:anonymous@dev.eclipse.org:/cvsroot/datatools,,org.eclipse.datatools.connectivity/nl/org.eclipse.datatools.connectivity.ui.nl

fragment@org.eclipse.datatools.connectivity.apache.derby.nl=HEAD,:pserver:anonymous@dev.eclipse.org:/cvsroot/datatools,,org.eclipse.datatools.connectivity/nl/org.eclipse.datatools.connectivity.apache.derby.nl
fragment@org.eclipse.datatools.connectivity.apache.derby.dbdefinition.nl=HEAD,:pserver:anonymous@dev.eclipse.org:/cvsroot/datatools,,org.eclipse.datatools.connectivity/nl/org.eclipse.datatools.connectivity.apache.derby.dbdefinition.nl
fragment@org.eclipse.datatools.connectivity.apache.derby.ui.nl=HEAD,:pserver:anonymous@dev.eclipse.org:/cvsroot/datatools,,org.eclipse.datatools.connectivity/nl/org.eclipse.datatools.connectivity.apache.derby.ui.nl
fragment@org.eclipse.datatools.connectivity.db.generic.nl=HEAD,:pserver:anonymous@dev.eclipse.org:/cvsroot/datatools,,org.eclipse.datatools.connectivity/nl/org.eclipse.datatools.connectivity.db.generic.nl
fragment@org.eclipse.datatools.connectivity.db.generic.ui.nl=HEAD,:pserver:anonymous@dev.eclipse.org:/cvsroot/datatools,,org.eclipse.datatools.connectivity/nl/org.eclipse.datatools.connectivity.db.generic.ui.nl
fragment@org.eclipse.datatools.connectivity.dbdefinition.genericJDBC.nl=HEAD,:pserver:anonymous@dev.eclipse.org:/cvsroot/datatools,,org.eclipse.datatools.connectivity/nl/org.eclipse.datatools.connectivity.dbdefinition.genericJDBC.nl
fragment@org.eclipse.datatools.connectivity.sqm.core.nl=HEAD,:pserver:anonymous@dev.eclipse.org:/cvsroot/datatools,,org.eclipse.datatools.connectivity/nl/org.eclipse.datatools.connectivity.sqm.core.nl
fragment@org.eclipse.datatools.connectivity.sqm.core.ui.nl=HEAD,:pserver:anonymous@dev.eclipse.org:/cvsroot/datatools,,org.eclipse.datatools.connectivity/nl/org.eclipse.datatools.connectivity.sqm.core.ui.nl
fragment@org.eclipse.datatools.connectivity.sqm.server.ui.nl=HEAD,:pserver:anonymous@dev.eclipse.org:/cvsroot/datatools,,org.eclipse.datatools.connectivity/nl/org.eclipse.datatools.connectivity.sqm.server.ui.nl

!***************DATATOOLS ENABLEMENT NL*****************
fragment@org.eclipse.datatools.enablement.oda.xml.nl=HEAD,:pserver:anonymous@dev.eclipse.org:/cvsroot/datatools,,org.eclipse.datatools.enablement/nl/org.eclipse.datatools.enablement.oda.xml.nl
fragment@org.eclipse.datatools.enablement.oda.xml.ui.nl=HEAD,:pserver:anonymous@dev.eclipse.org:/cvsroot/datatools,,org.eclipse.datatools.enablement/nl/org.eclipse.datatools.enablement.oda.xml.ui.nl
fragment@org.eclipse.datatools.enablement.oda.ws.nl=HEAD,:pserver:anonymous@dev.eclipse.org:/cvsroot/datatools,,org.eclipse.datatools.enablement/nl/org.eclipse.datatools.enablement.oda.ws.nl
fragment@org.eclipse.datatools.enablement.oda.ws.ui.nl=HEAD,:pserver:anonymous@dev.eclipse.org:/cvsroot/datatools,,org.eclipse.datatools.enablement/nl/org.eclipse.datatools.enablement.oda.ws.ui.nl

fragment@org.eclipse.datatools.enablement.hsqldb.nl=HEAD,:pserver:anonymous@dev.eclipse.org:/cvsroot/datatools,,org.eclipse.datatools.enablement/nl/org.eclipse.datatools.enablement.hsqldb.nl
fragment@org.eclipse.datatools.enablement.hsqldb.dbdefinition.nl=HEAD,:pserver:anonymous@dev.eclipse.org:/cvsroot/datatools,,org.eclipse.datatools.enablement/nl/org.eclipse.datatools.enablement.hsqldb.dbdefinition.nl
fragment@org.eclipse.datatools.enablement.hsqldb.ui.nl=HEAD,:pserver:anonymous@dev.eclipse.org:/cvsroot/datatools,,org.eclipse.datatools.enablement/nl/org.eclipse.datatools.enablement.hsqldb.ui.nl
fragment@org.eclipse.datatools.enablement.ibm.db2.iseries.nl=HEAD,:pserver:anonymous@dev.eclipse.org:/cvsroot/datatools,,org.eclipse.datatools.enablement/nl/org.eclipse.datatools.enablement.ibm.db2.iseries.nl
fragment@org.eclipse.datatools.enablement.ibm.db2.iseries.dbdefinition.nl=HEAD,:pserver:anonymous@dev.eclipse.org:/cvsroot/datatools,,org.eclipse.datatools.enablement/nl/org.eclipse.datatools.enablement.ibm.db2.iseries.dbdefinition.nl
fragment@org.eclipse.datatools.enablement.ibm.db2.iseries.ui.nl=HEAD,:pserver:anonymous@dev.eclipse.org:/cvsroot/datatools,,org.eclipse.datatools.enablement/nl/org.eclipse.datatools.enablement.ibm.db2.iseries.ui.nl
fragment@org.eclipse.datatools.enablement.ibm.db2.luw.nl=HEAD,:pserver:anonymous@dev.eclipse.org:/cvsroot/datatools,,org.eclipse.datatools.enablement/nl/org.eclipse.datatools.enablement.ibm.db2.luw.nl
fragment@org.eclipse.datatools.enablement.ibm.db2.luw.dbdefinition.nl=HEAD,:pserver:anonymous@dev.eclipse.org:/cvsroot/datatools,,org.eclipse.datatools.enablement/nl/org.eclipse.datatools.enablement.ibm.db2.luw.dbdefinition.nl
fragment@org.eclipse.datatools.enablement.ibm.db2.luw.ui.nl=HEAD,:pserver:anonymous@dev.eclipse.org:/cvsroot/datatools,,org.eclipse.datatools.enablement/nl/org.eclipse.datatools.enablement.ibm.db2.luw.ui.nl
fragment@org.eclipse.datatools.enablement.ibm.db2.zseries.nl=HEAD,:pserver:anonymous@dev.eclipse.org:/cvsroot/datatools,,org.eclipse.datatools.enablement/nl/org.eclipse.datatools.enablement.ibm.db2.zseries.nl
fragment@org.eclipse.datatools.enablement.ibm.db2.zseries.dbdefinition.nl=HEAD,:pserver:anonymous@dev.eclipse.org:/cvsroot/datatools,,org.eclipse.datatools.enablement/nl/org.eclipse.datatools.enablement.ibm.db2.zseries.dbdefinition.nl
fragment@org.eclipse.datatools.enablement.ibm.db2.zseries.ui.nl=HEAD,:pserver:anonymous@dev.eclipse.org:/cvsroot/datatools,,org.eclipse.datatools.enablement/nl/org.eclipse.datatools.enablement.ibm.db2.zseries.ui.nl
fragment@org.eclipse.datatools.enablement.ibm.informix.nl=HEAD,:pserver:anonymous@dev.eclipse.org:/cvsroot/datatools,,org.eclipse.datatools.enablement/nl/org.eclipse.datatools.enablement.ibm.informix.nl
fragment@org.eclipse.datatools.enablement.ibm.informix.dbdefinition.nl=HEAD,:pserver:anonymous@dev.eclipse.org:/cvsroot/datatools,,org.eclipse.datatools.enablement/nl/org.eclipse.datatools.enablement.ibm.informix.dbdefinition.nl
fragment@org.eclipse.datatools.enablement.ibm.informix.ui.nl=HEAD,:pserver:anonymous@dev.eclipse.org:/cvsroot/datatools,,org.eclipse.datatools.enablement/nl/org.eclipse.datatools.enablement.ibm.informix.ui.nl
fragment@org.eclipse.datatools.enablement.ibm.ui.nl=HEAD,:pserver:anonymous@dev.eclipse.org:/cvsroot/datatools,,org.eclipse.datatools.enablement/nl/org.eclipse.datatools.enablement.ibm.ui.nl
fragment@org.eclipse.datatools.enablement.msft.sqlserver.nl=HEAD,:pserver:anonymous@dev.eclipse.org:/cvsroot/datatools,,org.eclipse.datatools.enablement/nl/org.eclipse.datatools.enablement.msft.sqlserver.nl
fragment@org.eclipse.datatools.enablement.msft.sqlserver.dbdefinition.nl=HEAD,:pserver:anonymous@dev.eclipse.org:/cvsroot/datatools,,org.eclipse.datatools.enablement/nl/org.eclipse.datatools.enablement.msft.sqlserver.dbdefinition.nl
fragment@org.eclipse.datatools.enablement.msft.sqlserver.ui.nl=HEAD,:pserver:anonymous@dev.eclipse.org:/cvsroot/datatools,,org.eclipse.datatools.enablement/nl/org.eclipse.datatools.enablement.msft.sqlserver.ui.nl
fragment@org.eclipse.datatools.enablement.mysql.nl=HEAD,:pserver:anonymous@dev.eclipse.org:/cvsroot/datatools,,org.eclipse.datatools.enablement/nl/org.eclipse.datatools.enablement.mysql.nl
fragment@org.eclipse.datatools.enablement.mysql.dbdefinition.nl=HEAD,:pserver:anonymous@dev.eclipse.org:/cvsroot/datatools,,org.eclipse.datatools.enablement/nl/org.eclipse.datatools.enablement.mysql.dbdefinition.nl
fragment@org.eclipse.datatools.enablement.mysql.ui.nl=HEAD,:pserver:anonymous@dev.eclipse.org:/cvsroot/datatools,,org.eclipse.datatools.enablement/nl/org.eclipse.datatools.enablement.mysql.ui.nl
fragment@org.eclipse.datatools.enablement.oracle.nl=HEAD,:pserver:anonymous@dev.eclipse.org:/cvsroot/datatools,,org.eclipse.datatools.enablement/nl/org.eclipse.datatools.enablement.oracle.nl
fragment@org.eclipse.datatools.enablement.oracle.dbdefinition.nl=HEAD,:pserver:anonymous@dev.eclipse.org:/cvsroot/datatools,,org.eclipse.datatools.enablement/nl/org.eclipse.datatools.enablement.oracle.dbdefinition.nl
fragment@org.eclipse.datatools.enablement.oracle.ui.nl=HEAD,:pserver:anonymous@dev.eclipse.org:/cvsroot/datatools,,org.eclipse.datatools.enablement/nl/org.eclipse.datatools.enablement.oracle.ui.nl
fragment@org.eclipse.datatools.enablement.postgresql.nl=HEAD,:pserver:anonymous@dev.eclipse.org:/cvsroot/datatools,,org.eclipse.datatools.enablement/nl/org.eclipse.datatools.enablement.postgresql.nl
fragment@org.eclipse.datatools.enablement.postgresql.ui.nl=HEAD,:pserver:anonymous@dev.eclipse.org:/cvsroot/datatools,,org.eclipse.datatools.enablement/nl/org.eclipse.datatools.enablement.postgresql.ui.nl
fragment@org.eclipse.datatools.enablement.sap.maxdb.nl=HEAD,:pserver:anonymous@dev.eclipse.org:/cvsroot/datatools,,org.eclipse.datatools.enablement/nl/org.eclipse.datatools.enablement.sap.maxdb.nl
fragment@org.eclipse.datatools.enablement.sap.maxdb.dbdefinition.nl=HEAD,:pserver:anonymous@dev.eclipse.org:/cvsroot/datatools,,org.eclipse.datatools.enablement/nl/org.eclipse.datatools.enablement.sap.maxdb.dbdefinition.nl
fragment@org.eclipse.datatools.enablement.sap.maxdb.ui.nl=HEAD,:pserver:anonymous@dev.eclipse.org:/cvsroot/datatools,,org.eclipse.datatools.enablement/nl/org.eclipse.datatools.enablement.sap.maxdb.ui.nl
fragment@org.eclipse.datatools.enablement.sybase.ui.nl=HEAD,:pserver:anonymous@dev.eclipse.org:/cvsroot/datatools,,org.eclipse.datatools.enablement/nl/org.eclipse.datatools.enablement.sybase.ui.nl
fragment@org.eclipse.datatools.enablement.sybase.nl=HEAD,:pserver:anonymous@dev.eclipse.org:/cvsroot/datatools,,org.eclipse.datatools.enablement/nl/org.eclipse.datatools.enablement.sybase.nl
fragment@org.eclipse.datatools.enablement.sybase.asa.nl=HEAD,:pserver:anonymous@dev.eclipse.org:/cvsroot/datatools,,org.eclipse.datatools.enablement/nl/org.eclipse.datatools.enablement.sybase.asa.nl
fragment@org.eclipse.datatools.enablement.sybase.asa.models.nl=HEAD,:pserver:anonymous@dev.eclipse.org:/cvsroot/datatools,,org.eclipse.datatools.enablement/nl/org.eclipse.datatools.enablement.sybase.asa.models.nl
fragment@org.eclipse.datatools.enablement.sybase.ase.dbdefinition.nl=HEAD,:pserver:anonymous@dev.eclipse.org:/cvsroot/datatools,,org.eclipse.datatools.enablement/nl/org.eclipse.datatools.enablement.sybase.ase.dbdefinition.nl
fragment@org.eclipse.datatools.enablement.sybase.ase.profile.nl=HEAD,:pserver:anonymous@dev.eclipse.org:/cvsroot/datatools,,org.eclipse.datatools.enablement/nl/org.eclipse.datatools.enablement.sybase.ase.profile.nl

!***************DATATOOLS SQLTOOLS NL*****************
fragment@org.eclipse.datatools.sqltools.common.ui.nl=HEAD,:pserver:anonymous@dev.eclipse.org:/cvsroot/datatools,,org.eclipse.datatools.sqltools/nl/org.eclipse.datatools.sqltools.common.ui.nl
fragment@org.eclipse.datatools.sqltools.db.derby.nl=HEAD,:pserver:anonymous@dev.eclipse.org:/cvsroot/datatools,,org.eclipse.datatools.sqltools/nl/org.eclipse.datatools.sqltools.db.derby.nl
fragment@org.eclipse.datatools.sqltools.db.generic.nl=HEAD,:pserver:anonymous@dev.eclipse.org:/cvsroot/datatools,,org.eclipse.datatools.sqltools/nl/org.eclipse.datatools.sqltools.db.generic.nl
fragment@org.eclipse.datatools.sqltools.editor.core.nl=HEAD,:pserver:anonymous@dev.eclipse.org:/cvsroot/datatools,,org.eclipse.datatools.sqltools/nl/org.eclipse.datatools.sqltools.editor.core.nl
fragment@org.eclipse.datatools.sqltools.parsers.sql.nl=HEAD,:pserver:anonymous@dev.eclipse.org:/cvsroot/datatools,,org.eclipse.datatools.sqltools/nl/org.eclipse.datatools.sqltools.parsers.sql.nl
fragment@org.eclipse.datatools.sqltools.parsers.sql.query.nl=HEAD,:pserver:anonymous@dev.eclipse.org:/cvsroot/datatools,,org.eclipse.datatools.sqltools/nl/org.eclipse.datatools.sqltools.parsers.sql.query.nl
fragment@org.eclipse.datatools.sqltools.plan.nl=HEAD,:pserver:anonymous@dev.eclipse.org:/cvsroot/datatools,,org.eclipse.datatools.sqltools/nl/org.eclipse.datatools.sqltools.plan.nl
fragment@org.eclipse.datatools.sqltools.result.nl=HEAD,:pserver:anonymous@dev.eclipse.org:/cvsroot/datatools,,org.eclipse.datatools.sqltools/nl/org.eclipse.datatools.sqltools.result.nl
fragment@org.eclipse.datatools.sqltools.sql.nl=HEAD,:pserver:anonymous@dev.eclipse.org:/cvsroot/datatools,,org.eclipse.datatools.sqltools/nl/org.eclipse.datatools.sqltools.sql.nl
fragment@org.eclipse.datatools.sqltools.sqlbuilder.nl=HEAD,:pserver:anonymous@dev.eclipse.org:/cvsroot/datatools,,org.eclipse.datatools.sqltools/nl/org.eclipse.datatools.sqltools.sqlbuilder.nl
fragment@org.eclipse.datatools.sqltools.sqleditor.nl=HEAD,:pserver:anonymous@dev.eclipse.org:/cvsroot/datatools,,org.eclipse.datatools.sqltools/nl/org.eclipse.datatools.sqltools.sqleditor.nl


