!*** This file was created on February 28, 2008 11:15:23 PM GMT
plugin@ch.ethz.iks.slp,1.0.0=GET,http://download.eclipse.org/tools/orbit/downloads/drops/I20080228221323/bundles/ch.ethz.iks.slp_1.0.0.RC2_v200802271225.jar

plugin@ch.ethz.iks.slp.source,1.0.0=GET,http://download.eclipse.org/tools/orbit/downloads/drops/I20080228221323/bundles/ch.ethz.iks.slp.source_1.0.0.RC2_v200802271225.jar

plugin@com.ibm.icu,3.4.5=GET,http://download.eclipse.org/tools/orbit/downloads/drops/I20080228221323/bundles/com.ibm.icu_3.4.5.jar

plugin@com.ibm.icu,3.6.0=GET,http://download.eclipse.org/tools/orbit/downloads/drops/I20080228221323/bundles/com.ibm.icu_3.6.0.20061215.jar

plugin@com.ibm.icu,3.6.1=GET,http://download.eclipse.org/tools/orbit/downloads/drops/I20080228221323/bundles/com.ibm.icu_3.6.1.v20080103.jar

plugin@com.ibm.icu,3.8.1=GET,http://download.eclipse.org/tools/orbit/downloads/drops/I20080228221323/bundles/com.ibm.icu_3.8.1.v20080103.jar

plugin@com.ibm.icu.base,3.4.5=GET,http://download.eclipse.org/tools/orbit/downloads/drops/I20080228221323/bundles/com.ibm.icu.base_3.4.5.jar

plugin@com.ibm.icu.base,3.6.0=GET,http://download.eclipse.org/tools/orbit/downloads/drops/I20080228221323/bundles/com.ibm.icu.base_3.6.0.20061215.jar

plugin@com.ibm.icu.base,3.6.1=GET,http://download.eclipse.org/tools/orbit/downloads/drops/I20080228221323/bundles/com.ibm.icu.base_3.6.1.v20070906.jar

plugin@com.ibm.icu.base,3.8.1=GET,http://download.eclipse.org/tools/orbit/downloads/drops/I20080228221323/bundles/com.ibm.icu.base_3.8.1.v20080103.jar

plugin@com.ibm.icu.base.source,3.4.5=GET,http://download.eclipse.org/tools/orbit/downloads/drops/I20080228221323/bundles/com.ibm.icu.base.source_3.4.5.jar

plugin@com.ibm.icu.base.source,3.6.0=GET,http://download.eclipse.org/tools/orbit/downloads/drops/I20080228221323/bundles/com.ibm.icu.base.source_3.6.0.20061215.jar

plugin@com.ibm.icu.base.source,3.6.1=GET,http://download.eclipse.org/tools/orbit/downloads/drops/I20080228221323/bundles/com.ibm.icu.base.source_3.6.1.v20070906.jar

plugin@com.ibm.icu.base.source,3.8.1=GET,http://download.eclipse.org/tools/orbit/downloads/drops/I20080228221323/bundles/com.ibm.icu.base.source_3.8.1.v20080103.jar

plugin@com.ibm.icu.source,3.4.5=GET,http://download.eclipse.org/tools/orbit/downloads/drops/I20080228221323/bundles/com.ibm.icu.source_3.4.5.jar

plugin@com.ibm.icu.source,3.6.0=GET,http://download.eclipse.org/tools/orbit/downloads/drops/I20080228221323/bundles/com.ibm.icu.source_3.6.0.20061215.jar

plugin@com.ibm.icu.source,3.6.1=GET,http://download.eclipse.org/tools/orbit/downloads/drops/I20080228221323/bundles/com.ibm.icu.source_3.6.1.v20080103.jar

plugin@com.ibm.icu.source,3.8.1=GET,http://download.eclipse.org/tools/orbit/downloads/drops/I20080228221323/bundles/com.ibm.icu.source_3.8.1.v20080103.jar

plugin@com.jcraft.jsch,0.1.28=GET,http://download.eclipse.org/tools/orbit/downloads/drops/I20080228221323/bundles/com.jcraft.jsch_0.1.28.jar

plugin@com.jcraft.jsch,0.1.31=GET,http://download.eclipse.org/tools/orbit/downloads/drops/I20080228221323/bundles/com.jcraft.jsch_0.1.31.jar

plugin@com.sun.syndication,0.9.0=GET,http://download.eclipse.org/tools/orbit/downloads/drops/I20080228221323/bundles/com.sun.syndication_0.9.0.v200802271225.jar

plugin@com.sun.syndication.source,0.9.0=GET,http://download.eclipse.org/tools/orbit/downloads/drops/I20080228221323/bundles/com.sun.syndication.source_0.9.0.v200802271225.jar

plugin@java_cup.runtime,0.10.0=GET,http://download.eclipse.org/tools/orbit/downloads/drops/I20080228221323/bundles/java_cup.runtime_0.10.0.v200802271225.jar

plugin@java_cup.runtime.source,0.10.0=GET,http://download.eclipse.org/tools/orbit/downloads/drops/I20080228221323/bundles/java_cup.runtime.source_0.10.0.v200802271225.jar

plugin@javax.activation,1.1.0=GET,http://download.eclipse.org/tools/orbit/downloads/drops/I20080228221323/bundles/javax.activation_1.1.0.v200802220255.jar

plugin@javax.jws,2.0.0=GET,http://download.eclipse.org/tools/orbit/downloads/drops/I20080228221323/bundles/javax.jws_2.0.0.v200712290914.jar

plugin@javax.mail,1.4.0=GET,http://download.eclipse.org/tools/orbit/downloads/drops/I20080228221323/bundles/javax.mail_1.4.0.v200802220255.jar

plugin@javax.management,1.2.0=GET,http://download.eclipse.org/tools/orbit/downloads/drops/I20080228221323/bundles/javax.management_1.2.0.v200706111329.jar

plugin@javax.management.remote,1.0.0=GET,http://download.eclipse.org/tools/orbit/downloads/drops/I20080228221323/bundles/javax.management.remote_1.0.0.v200706111329.jar

plugin@javax.servlet,2.3.0=GET,http://download.eclipse.org/tools/orbit/downloads/drops/I20080228221323/bundles/javax.servlet_2.3.0.v200802271055.jar

plugin@javax.servlet,2.4.0=GET,http://download.eclipse.org/tools/orbit/downloads/drops/I20080228221323/bundles/javax.servlet_2.4.0.v200802271225.jar

plugin@javax.servlet,2.5.0=GET,http://download.eclipse.org/tools/orbit/downloads/drops/I20080228221323/bundles/javax.servlet_2.5.0.v200802271310.jar

plugin@javax.servlet.jsp,1.2.0=GET,http://download.eclipse.org/tools/orbit/downloads/drops/I20080228221323/bundles/javax.servlet.jsp_1.2.0.v200802271225.jar

plugin@javax.servlet.jsp,2.0.0=GET,http://download.eclipse.org/tools/orbit/downloads/drops/I20080228221323/bundles/javax.servlet.jsp_2.0.0.v200802271310.jar

plugin@javax.servlet.jsp.source,1.2.0=GET,http://download.eclipse.org/tools/orbit/downloads/drops/I20080228221323/bundles/javax.servlet.jsp.source_1.2.0.v200802271225.jar

plugin@javax.servlet.jsp.source,2.0.0=GET,http://download.eclipse.org/tools/orbit/downloads/drops/I20080228221323/bundles/javax.servlet.jsp.source_2.0.0.v200802271310.jar

plugin@javax.servlet.source,2.3.0=GET,http://download.eclipse.org/tools/orbit/downloads/drops/I20080228221323/bundles/javax.servlet.source_2.3.0.v200802271055.jar

plugin@javax.servlet.source,2.4.0=GET,http://download.eclipse.org/tools/orbit/downloads/drops/I20080228221323/bundles/javax.servlet.source_2.4.0.v200802271225.jar

plugin@javax.servlet.source,2.5.0=GET,http://download.eclipse.org/tools/orbit/downloads/drops/I20080228221323/bundles/javax.servlet.source_2.5.0.v200802271310.jar

plugin@javax.wsdl,1.4.0=GET,http://download.eclipse.org/tools/orbit/downloads/drops/I20080228221323/bundles/javax.wsdl_1.4.0.v200706111329.jar

plugin@javax.wsdl,1.5.1=GET,http://download.eclipse.org/tools/orbit/downloads/drops/I20080228221323/bundles/javax.wsdl_1.5.1.v200709050115.jar

plugin@javax.wsdl15,1.5.1=GET,http://download.eclipse.org/tools/orbit/downloads/drops/I20080228221323/bundles/javax.wsdl15_1.5.1.v200705290614.jar

plugin@javax.xml,1.3.4=GET,http://download.eclipse.org/tools/orbit/downloads/drops/I20080228221323/bundles/javax.xml_1.3.4.v200801282000.jar

plugin@javax.xml.bind,2.0.0=GET,http://download.eclipse.org/tools/orbit/downloads/drops/I20080228221323/bundles/javax.xml.bind_2.0.0.v200802271225.jar

plugin@javax.xml.bind.source,2.0.0=GET,http://download.eclipse.org/tools/orbit/downloads/drops/I20080228221323/bundles/javax.xml.bind.source_2.0.0.v200802271225.jar

plugin@javax.xml.rpc,1.1.0=GET,http://download.eclipse.org/tools/orbit/downloads/drops/I20080228221323/bundles/javax.xml.rpc_1.1.0.v200706111329.zip,unpack=true

plugin@javax.xml.soap,1.2.0=GET,http://download.eclipse.org/tools/orbit/downloads/drops/I20080228221323/bundles/javax.xml.soap_1.2.0.v200706111329.zip,unpack=true

plugin@javax.xml.ws,2.0.0=GET,http://download.eclipse.org/tools/orbit/downloads/drops/I20080228221323/bundles/javax.xml.ws_2.0.0.v200802030454.jar

plugin@net.sourceforge.lpg.lpgjavaruntime,1.0.0=GET,http://download.eclipse.org/tools/orbit/downloads/drops/I20080228221323/bundles/net.sourceforge.lpg.lpgjavaruntime_1.0.0.v200802271225.jar

plugin@net.sourceforge.lpg.lpgjavaruntime,1.1.0=GET,http://download.eclipse.org/tools/orbit/downloads/drops/I20080228221323/bundles/net.sourceforge.lpg.lpgjavaruntime_1.1.0.v200802271310.jar

plugin@net.sourceforge.lpg.lpgjavaruntime.source,1.0.0=GET,http://download.eclipse.org/tools/orbit/downloads/drops/I20080228221323/bundles/net.sourceforge.lpg.lpgjavaruntime.source_1.0.0.v200802271225.jar

plugin@net.sourceforge.lpg.lpgjavaruntime.source,1.1.0=GET,http://download.eclipse.org/tools/orbit/downloads/drops/I20080228221323/bundles/net.sourceforge.lpg.lpgjavaruntime.source_1.1.0.v200802271310.jar

plugin@net.sourceforge.mx4j,3.0.1=GET,http://download.eclipse.org/tools/orbit/downloads/drops/I20080228221323/bundles/net.sourceforge.mx4j_3.0.1.v200706111329.jar

plugin@net.sourceforge.mx4j.remote,3.0.1=GET,http://download.eclipse.org/tools/orbit/downloads/drops/I20080228221323/bundles/net.sourceforge.mx4j.remote_3.0.1.v200706111329.jar

plugin@org.antlr.runtime,3.0.0=GET,http://download.eclipse.org/tools/orbit/downloads/drops/I20080228221323/bundles/org.antlr.runtime_3.0.0.v200802271225.jar

plugin@org.antlr.runtime.source,3.0.0=GET,http://download.eclipse.org/tools/orbit/downloads/drops/I20080228221323/bundles/org.antlr.runtime.source_3.0.0.v200802271225.jar

plugin@org.apache.ant,1.6.5=GET,http://download.eclipse.org/tools/orbit/downloads/drops/I20080228221323/bundles/org.apache.ant_1.6.5.v200711021015.zip,unpack=true

plugin@org.apache.ant,1.7.0=GET,http://download.eclipse.org/tools/orbit/downloads/drops/I20080228221323/bundles/org.apache.ant_1.7.0.v200711021030.zip,unpack=true

plugin@org.apache.ant.source,1.6.5=GET,http://download.eclipse.org/tools/orbit/downloads/drops/I20080228221323/bundles/org.apache.ant.source_1.6.5.v200711021015.jar

plugin@org.apache.ant.source,1.7.0=GET,http://download.eclipse.org/tools/orbit/downloads/drops/I20080228221323/bundles/org.apache.ant.source_1.7.0.v200711021030.jar

plugin@org.apache.axis,1.4.0=GET,http://download.eclipse.org/tools/orbit/downloads/drops/I20080228221323/bundles/org.apache.axis_1.4.0.v200711030747.zip,unpack=true

plugin@org.apache.batik.bridge,1.6.0=GET,http://download.eclipse.org/tools/orbit/downloads/drops/I20080228221323/bundles/org.apache.batik.bridge_1.6.0.v200802271225.jar

plugin@org.apache.batik.bridge.source,1.6.0=GET,http://download.eclipse.org/tools/orbit/downloads/drops/I20080228221323/bundles/org.apache.batik.bridge.source_1.6.0.v200802271225.jar

plugin@org.apache.batik.css,1.6.0=GET,http://download.eclipse.org/tools/orbit/downloads/drops/I20080228221323/bundles/org.apache.batik.css_1.6.0.v200802271225.jar

plugin@org.apache.batik.css.source,1.6.0=GET,http://download.eclipse.org/tools/orbit/downloads/drops/I20080228221323/bundles/org.apache.batik.css.source_1.6.0.v200802271225.jar

plugin@org.apache.batik.dom,1.6.0=GET,http://download.eclipse.org/tools/orbit/downloads/drops/I20080228221323/bundles/org.apache.batik.dom_1.6.0.v200802271225.jar

plugin@org.apache.batik.dom.source,1.6.0=GET,http://download.eclipse.org/tools/orbit/downloads/drops/I20080228221323/bundles/org.apache.batik.dom.source_1.6.0.v200802271225.jar

plugin@org.apache.batik.dom.svg,1.6.0=GET,http://download.eclipse.org/tools/orbit/downloads/drops/I20080228221323/bundles/org.apache.batik.dom.svg_1.6.0.v200802271225.jar

plugin@org.apache.batik.dom.svg.source,1.6.0=GET,http://download.eclipse.org/tools/orbit/downloads/drops/I20080228221323/bundles/org.apache.batik.dom.svg.source_1.6.0.v200802271225.jar

plugin@org.apache.batik.ext.awt,1.6.0=GET,http://download.eclipse.org/tools/orbit/downloads/drops/I20080228221323/bundles/org.apache.batik.ext.awt_1.6.0.v200802252100.jar

plugin@org.apache.batik.ext.awt.source,1.6.0=GET,http://download.eclipse.org/tools/orbit/downloads/drops/I20080228221323/bundles/org.apache.batik.ext.awt.source_1.6.0.v200802252100.jar

plugin@org.apache.batik.extension,1.6.0=GET,http://download.eclipse.org/tools/orbit/downloads/drops/I20080228221323/bundles/org.apache.batik.extension_1.6.0.v200802271225.jar

plugin@org.apache.batik.extension.source,1.6.0=GET,http://download.eclipse.org/tools/orbit/downloads/drops/I20080228221323/bundles/org.apache.batik.extension.source_1.6.0.v200802271225.jar

plugin@org.apache.batik.parser,1.6.0=GET,http://download.eclipse.org/tools/orbit/downloads/drops/I20080228221323/bundles/org.apache.batik.parser_1.6.0.v200802271225.jar

plugin@org.apache.batik.parser.source,1.6.0=GET,http://download.eclipse.org/tools/orbit/downloads/drops/I20080228221323/bundles/org.apache.batik.parser.source_1.6.0.v200802271225.jar

plugin@org.apache.batik.pdf,1.6.0=GET,http://download.eclipse.org/tools/orbit/downloads/drops/I20080228221323/bundles/org.apache.batik.pdf_1.6.0.v200711212055.jar

plugin@org.apache.batik.svggen,1.6.0=GET,http://download.eclipse.org/tools/orbit/downloads/drops/I20080228221323/bundles/org.apache.batik.svggen_1.6.0.v200802271225.jar

plugin@org.apache.batik.svggen.source,1.6.0=GET,http://download.eclipse.org/tools/orbit/downloads/drops/I20080228221323/bundles/org.apache.batik.svggen.source_1.6.0.v200802271225.jar

plugin@org.apache.batik.swing,1.6.0=GET,http://download.eclipse.org/tools/orbit/downloads/drops/I20080228221323/bundles/org.apache.batik.swing_1.6.0.v200802271225.jar

plugin@org.apache.batik.swing.source,1.6.0=GET,http://download.eclipse.org/tools/orbit/downloads/drops/I20080228221323/bundles/org.apache.batik.swing.source_1.6.0.v200802271225.jar

plugin@org.apache.batik.transcoder,1.6.0=GET,http://download.eclipse.org/tools/orbit/downloads/drops/I20080228221323/bundles/org.apache.batik.transcoder_1.6.0.v200802271225.jar

plugin@org.apache.batik.transcoder.source,1.6.0=GET,http://download.eclipse.org/tools/orbit/downloads/drops/I20080228221323/bundles/org.apache.batik.transcoder.source_1.6.0.v200802271225.jar

plugin@org.apache.batik.util,1.6.0=GET,http://download.eclipse.org/tools/orbit/downloads/drops/I20080228221323/bundles/org.apache.batik.util_1.6.0.v200802271225.jar

plugin@org.apache.batik.util.gui,1.6.0=GET,http://download.eclipse.org/tools/orbit/downloads/drops/I20080228221323/bundles/org.apache.batik.util.gui_1.6.0.v200802271225.jar

plugin@org.apache.batik.util.gui.source,1.6.0=GET,http://download.eclipse.org/tools/orbit/downloads/drops/I20080228221323/bundles/org.apache.batik.util.gui.source_1.6.0.v200802271225.jar

plugin@org.apache.batik.util.source,1.6.0=GET,http://download.eclipse.org/tools/orbit/downloads/drops/I20080228221323/bundles/org.apache.batik.util.source_1.6.0.v200802271225.jar

plugin@org.apache.batik.xml,1.6.0=GET,http://download.eclipse.org/tools/orbit/downloads/drops/I20080228221323/bundles/org.apache.batik.xml_1.6.0.v200802271225.jar

plugin@org.apache.batik.xml.source,1.6.0=GET,http://download.eclipse.org/tools/orbit/downloads/drops/I20080228221323/bundles/org.apache.batik.xml.source_1.6.0.v200802271225.jar

plugin@org.apache.bcel,5.2.0=GET,http://download.eclipse.org/tools/orbit/downloads/drops/I20080228221323/bundles/org.apache.bcel_5.2.0.v200802271225.jar

plugin@org.apache.bcel.source,5.2.0=GET,http://download.eclipse.org/tools/orbit/downloads/drops/I20080228221323/bundles/org.apache.bcel.source_5.2.0.v200802271225.jar

plugin@org.apache.commons.beanutils,1.7.0=GET,http://download.eclipse.org/tools/orbit/downloads/drops/I20080228221323/bundles/org.apache.commons.beanutils_1.7.0.v200802271225.jar

plugin@org.apache.commons.beanutils.source,1.7.0=GET,http://download.eclipse.org/tools/orbit/downloads/drops/I20080228221323/bundles/org.apache.commons.beanutils.source_1.7.0.v200802271225.jar

plugin@org.apache.commons.cli,1.0.0=GET,http://download.eclipse.org/tools/orbit/downloads/drops/I20080228221323/bundles/org.apache.commons.cli_1.0.0.v200802271225.jar

plugin@org.apache.commons.cli.source,1.0.0=GET,http://download.eclipse.org/tools/orbit/downloads/drops/I20080228221323/bundles/org.apache.commons.cli.source_1.0.0.v200802271225.jar

plugin@org.apache.commons.codec,1.2.0=GET,http://download.eclipse.org/tools/orbit/downloads/drops/I20080228221323/bundles/org.apache.commons.codec_1.2.0.v200802271225.jar

plugin@org.apache.commons.codec,1.3.0=GET,http://download.eclipse.org/tools/orbit/downloads/drops/I20080228221323/bundles/org.apache.commons.codec_1.3.0.v200802271310.jar

plugin@org.apache.commons.codec.source,1.2.0=GET,http://download.eclipse.org/tools/orbit/downloads/drops/I20080228221323/bundles/org.apache.commons.codec.source_1.2.0.v200802271225.jar

plugin@org.apache.commons.codec.source,1.3.0=GET,http://download.eclipse.org/tools/orbit/downloads/drops/I20080228221323/bundles/org.apache.commons.codec.source_1.3.0.v200802271310.jar

plugin@org.apache.commons.collections,3.2.0=GET,http://download.eclipse.org/tools/orbit/downloads/drops/I20080228221323/bundles/org.apache.commons.collections_3.2.0.v200802271225.jar

plugin@org.apache.commons.collections.source,3.2.0=GET,http://download.eclipse.org/tools/orbit/downloads/drops/I20080228221323/bundles/org.apache.commons.collections.source_3.2.0.v200802271225.jar

plugin@org.apache.commons.discovery,0.2.0=GET,http://download.eclipse.org/tools/orbit/downloads/drops/I20080228221323/bundles/org.apache.commons.discovery_0.2.0.v200706111329.zip,unpack=true

plugin@org.apache.commons.el,1.0.0=GET,http://download.eclipse.org/tools/orbit/downloads/drops/I20080228221323/bundles/org.apache.commons.el_1.0.0.v200802271225.jar

plugin@org.apache.commons.el.source,1.0.0=GET,http://download.eclipse.org/tools/orbit/downloads/drops/I20080228221323/bundles/org.apache.commons.el.source_1.0.0.v200802271225.jar

plugin@org.apache.commons.fileupload,1.2.0=GET,http://download.eclipse.org/tools/orbit/downloads/drops/I20080228221323/bundles/org.apache.commons.fileupload_1.2.0.v200802271225.jar

plugin@org.apache.commons.fileupload.source,1.2.0=GET,http://download.eclipse.org/tools/orbit/downloads/drops/I20080228221323/bundles/org.apache.commons.fileupload.source_1.2.0.v200802271225.jar

plugin@org.apache.commons.httpclient,3.0.1=GET,http://download.eclipse.org/tools/orbit/downloads/drops/I20080228221323/bundles/org.apache.commons.httpclient_3.0.1.v200802271225.jar

plugin@org.apache.commons.httpclient,3.1.0=GET,http://download.eclipse.org/tools/orbit/downloads/drops/I20080228221323/bundles/org.apache.commons.httpclient_3.1.0.v200802271310.jar

plugin@org.apache.commons.httpclient.source,3.0.1=GET,http://download.eclipse.org/tools/orbit/downloads/drops/I20080228221323/bundles/org.apache.commons.httpclient.source_3.0.1.v200802271225.jar

plugin@org.apache.commons.httpclient.source,3.1.0=GET,http://download.eclipse.org/tools/orbit/downloads/drops/I20080228221323/bundles/org.apache.commons.httpclient.source_3.1.0.v200802271310.jar

plugin@org.apache.commons.io,1.3.2=GET,http://download.eclipse.org/tools/orbit/downloads/drops/I20080228221323/bundles/org.apache.commons.io_1.3.2.v200802271225.jar

plugin@org.apache.commons.io.source,1.3.2=GET,http://download.eclipse.org/tools/orbit/downloads/drops/I20080228221323/bundles/org.apache.commons.io.source_1.3.2.v200802271225.jar

plugin@org.apache.commons.lang,2.1.0=GET,http://download.eclipse.org/tools/orbit/downloads/drops/I20080228221323/bundles/org.apache.commons.lang_2.1.0.v200802271225.jar

plugin@org.apache.commons.lang,2.3.0=GET,http://download.eclipse.org/tools/orbit/downloads/drops/I20080228221323/bundles/org.apache.commons.lang_2.3.0.v200802271310.jar

plugin@org.apache.commons.lang.source,2.1.0=GET,http://download.eclipse.org/tools/orbit/downloads/drops/I20080228221323/bundles/org.apache.commons.lang.source_2.1.0.v200802271225.jar

plugin@org.apache.commons.lang.source,2.3.0=GET,http://download.eclipse.org/tools/orbit/downloads/drops/I20080228221323/bundles/org.apache.commons.lang.source_2.3.0.v200802271310.jar

plugin@org.apache.commons.logging,1.0.4=GET,http://download.eclipse.org/tools/orbit/downloads/drops/I20080228221323/bundles/org.apache.commons.logging_1.0.4.v200802271225.jar

plugin@org.apache.commons.logging,1.1.1=GET,http://download.eclipse.org/tools/orbit/downloads/drops/I20080228221323/bundles/org.apache.commons.logging_1.1.1.v200802271310.jar

plugin@org.apache.commons.logging.source,1.0.4=GET,http://download.eclipse.org/tools/orbit/downloads/drops/I20080228221323/bundles/org.apache.commons.logging.source_1.0.4.v200802271225.jar

plugin@org.apache.commons.logging.source,1.1.1=GET,http://download.eclipse.org/tools/orbit/downloads/drops/I20080228221323/bundles/org.apache.commons.logging.source_1.1.1.v200802271310.jar

plugin@org.apache.commons.net,1.4.1=GET,http://download.eclipse.org/tools/orbit/downloads/drops/I20080228221323/bundles/org.apache.commons.net_1.4.1.v200802271225.jar

plugin@org.apache.commons.net.source,1.4.1=GET,http://download.eclipse.org/tools/orbit/downloads/drops/I20080228221323/bundles/org.apache.commons.net.source_1.4.1.v200802271225.jar

plugin@org.apache.commons.pool,1.3.0=GET,http://download.eclipse.org/tools/orbit/downloads/drops/I20080228221323/bundles/org.apache.commons.pool_1.3.0.v200802271225.jar

plugin@org.apache.commons.pool.source,1.3.0=GET,http://download.eclipse.org/tools/orbit/downloads/drops/I20080228221323/bundles/org.apache.commons.pool.source_1.3.0.v200802271225.jar

plugin@org.apache.derby,10.1.2=GET,http://download.eclipse.org/tools/orbit/downloads/drops/I20080228221323/bundles/org.apache.derby_10.1.2.1_v200802271225.jar

plugin@org.apache.derby.source,10.1.2=GET,http://download.eclipse.org/tools/orbit/downloads/drops/I20080228221323/bundles/org.apache.derby.source_10.1.2.1_v200802271225.jar

plugin@org.apache.jasper,5.5.17=GET,http://download.eclipse.org/tools/orbit/downloads/drops/I20080228221323/bundles/org.apache.jasper_5.5.17.v200802271225.jar

plugin@org.apache.jasper.source,5.5.17=GET,http://download.eclipse.org/tools/orbit/downloads/drops/I20080228221323/bundles/org.apache.jasper.source_5.5.17.v200802271225.jar

plugin@org.apache.log4j,1.2.13=GET,http://download.eclipse.org/tools/orbit/downloads/drops/I20080228221323/bundles/org.apache.log4j_1.2.13.v200706111418.jar

plugin@org.apache.log4j,1.2.8=GET,http://download.eclipse.org/tools/orbit/downloads/drops/I20080228221323/bundles/org.apache.log4j_1.2.8.v200706111329.jar

plugin@org.apache.lucene,1.4.3=GET,http://download.eclipse.org/tools/orbit/downloads/drops/I20080228221323/bundles/org.apache.lucene_1.4.3.v200802271310.jar

plugin@org.apache.lucene,1.9.1=GET,http://download.eclipse.org/tools/orbit/downloads/drops/I20080228221323/bundles/org.apache.lucene_1.9.1.v200802271225.jar

plugin@org.apache.lucene.analysis,1.9.1=GET,http://download.eclipse.org/tools/orbit/downloads/drops/I20080228221323/bundles/org.apache.lucene.analysis_1.9.1.v200802271225.jar

plugin@org.apache.lucene.analysis.source,1.9.1=GET,http://download.eclipse.org/tools/orbit/downloads/drops/I20080228221323/bundles/org.apache.lucene.analysis.source_1.9.1.v200802271225.jar

plugin@org.apache.lucene.source,1.4.3=GET,http://download.eclipse.org/tools/orbit/downloads/drops/I20080228221323/bundles/org.apache.lucene.source_1.4.3.v200802271310.jar

plugin@org.apache.lucene.source,1.9.1=GET,http://download.eclipse.org/tools/orbit/downloads/drops/I20080228221323/bundles/org.apache.lucene.source_1.9.1.v200802271225.jar

plugin@org.apache.oro,2.0.8=GET,http://download.eclipse.org/tools/orbit/downloads/drops/I20080228221323/bundles/org.apache.oro_2.0.8.v200802271225.jar

plugin@org.apache.oro.source,2.0.8=GET,http://download.eclipse.org/tools/orbit/downloads/drops/I20080228221323/bundles/org.apache.oro.source_2.0.8.v200802271225.jar

plugin@org.apache.ws.commons.util,1.0.0=GET,http://download.eclipse.org/tools/orbit/downloads/drops/I20080228221323/bundles/org.apache.ws.commons.util_1.0.0.v200706111329.jar

plugin@org.apache.ws.jaxme,0.5.1=GET,http://download.eclipse.org/tools/orbit/downloads/drops/I20080228221323/bundles/org.apache.ws.jaxme_0.5.1.v200706111329.jar

plugin@org.apache.wsil4j,1.0.0=GET,http://download.eclipse.org/tools/orbit/downloads/drops/I20080228221323/bundles/org.apache.wsil4j_1.0.0.v200706111329.jar

plugin@org.apache.xalan,2.7.0=GET,http://download.eclipse.org/tools/orbit/downloads/drops/I20080228221323/bundles/org.apache.xalan_2.7.0.v200802222330.jar

plugin@org.apache.xerces,2.8.0=GET,http://download.eclipse.org/tools/orbit/downloads/drops/I20080228221323/bundles/org.apache.xerces_2.8.0.v200705301630.jar

plugin@org.apache.xerces,2.9.0=GET,http://download.eclipse.org/tools/orbit/downloads/drops/I20080228221323/bundles/org.apache.xerces_2.9.0.v200801282000.jar

plugin@org.apache.xml.resolver,1.1.0=GET,http://download.eclipse.org/tools/orbit/downloads/drops/I20080228221323/bundles/org.apache.xml.resolver_1.1.0.v200705310020.jar

plugin@org.apache.xml.resolver,1.2.0=GET,http://download.eclipse.org/tools/orbit/downloads/drops/I20080228221323/bundles/org.apache.xml.resolver_1.2.0.v200801282000.jar

plugin@org.apache.xml.serializer,2.7.1=GET,http://download.eclipse.org/tools/orbit/downloads/drops/I20080228221323/bundles/org.apache.xml.serializer_2.7.1.v200801282000.jar

plugin@org.apache.xmlrpc,3.0.0=GET,http://download.eclipse.org/tools/orbit/downloads/drops/I20080228221323/bundles/org.apache.xmlrpc_3.0.0.v200706111329.jar

plugin@org.jdom,1.0.0=GET,http://download.eclipse.org/tools/orbit/downloads/drops/I20080228221323/bundles/org.jdom_1.0.0.v200802271225.jar

plugin@org.jdom.source,1.0.0=GET,http://download.eclipse.org/tools/orbit/downloads/drops/I20080228221323/bundles/org.jdom.source_1.0.0.v200802271225.jar

plugin@org.junit,3.8.1=GET,http://download.eclipse.org/tools/orbit/downloads/drops/I20080228221323/bundles/org.junit_3.8.1.v200802271225.zip,unpack=true

plugin@org.junit,3.8.2=GET,http://download.eclipse.org/tools/orbit/downloads/drops/I20080228221323/bundles/org.junit_3.8.2.v200802271310.zip,unpack=true

plugin@org.junit.source,3.8.1=GET,http://download.eclipse.org/tools/orbit/downloads/drops/I20080228221323/bundles/org.junit.source_3.8.1.v200802271225.jar

plugin@org.junit.source,3.8.2=GET,http://download.eclipse.org/tools/orbit/downloads/drops/I20080228221323/bundles/org.junit.source_3.8.2.v200802271310.jar

plugin@org.mortbay.jetty,5.1.11=GET,http://download.eclipse.org/tools/orbit/downloads/drops/I20080228221323/bundles/org.mortbay.jetty_5.1.11.v200802271225.jar

plugin@org.mortbay.jetty.server,6.1.7=GET,http://download.eclipse.org/tools/orbit/downloads/drops/I20080228221323/bundles/org.mortbay.jetty.server_6.1.7.v200802281125.jar

plugin@org.mortbay.jetty.server.source,6.1.7=GET,http://download.eclipse.org/tools/orbit/downloads/drops/I20080228221323/bundles/org.mortbay.jetty.server.source_6.1.7.v200802281125.jar

plugin@org.mortbay.jetty.source,5.1.11=GET,http://download.eclipse.org/tools/orbit/downloads/drops/I20080228221323/bundles/org.mortbay.jetty.source_5.1.11.v200802271225.jar

plugin@org.mortbay.jetty.util,6.1.7=GET,http://download.eclipse.org/tools/orbit/downloads/drops/I20080228221323/bundles/org.mortbay.jetty.util_6.1.7.v200802281125.jar

plugin@org.mortbay.jetty.util.source,6.1.7=GET,http://download.eclipse.org/tools/orbit/downloads/drops/I20080228221323/bundles/org.mortbay.jetty.util.source_6.1.7.v200802281125.jar

plugin@org.mozilla.javascript,1.6.2=GET,http://download.eclipse.org/tools/orbit/downloads/drops/I20080228221323/bundles/org.mozilla.javascript_1.6.2.v200802272340.jar

plugin@org.mozilla.javascript,1.6.6=GET,http://download.eclipse.org/tools/orbit/downloads/drops/I20080228221323/bundles/org.mozilla.javascript_1.6.6.v200802282050.jar

plugin@org.objectweb.asm,3.0.0=GET,http://download.eclipse.org/tools/orbit/downloads/drops/I20080228221323/bundles/org.objectweb.asm_3.0.0.v200802271225.jar

plugin@org.objectweb.asm,3.1.0=GET,http://download.eclipse.org/tools/orbit/downloads/drops/I20080228221323/bundles/org.objectweb.asm_3.1.0.v200802271310.jar

plugin@org.objectweb.asm.source,3.0.0=GET,http://download.eclipse.org/tools/orbit/downloads/drops/I20080228221323/bundles/org.objectweb.asm.source_3.0.0.v200802271225.jar

plugin@org.objectweb.asm.source,3.1.0=GET,http://download.eclipse.org/tools/orbit/downloads/drops/I20080228221323/bundles/org.objectweb.asm.source_3.1.0.v200802271310.jar

plugin@org.uddi4j,2.0.5=GET,http://download.eclipse.org/tools/orbit/downloads/drops/I20080228221323/bundles/org.uddi4j_2.0.5.v200706111329.jar

plugin@org.w3c.css.sac,1.3.0=GET,http://download.eclipse.org/tools/orbit/downloads/drops/I20080228221323/bundles/org.w3c.css.sac_1.3.0.v200802271225.jar

plugin@org.w3c.css.sac.source,1.3.0=GET,http://download.eclipse.org/tools/orbit/downloads/drops/I20080228221323/bundles/org.w3c.css.sac.source_1.3.0.v200802271225.jar

plugin@org.w3c.dom.smil,1.0.0=GET,http://download.eclipse.org/tools/orbit/downloads/drops/I20080228221323/bundles/org.w3c.dom.smil_1.0.0.v200802271225.jar

plugin@org.w3c.dom.smil.source,1.0.0=GET,http://download.eclipse.org/tools/orbit/downloads/drops/I20080228221323/bundles/org.w3c.dom.smil.source_1.0.0.v200802271225.jar

plugin@org.w3c.dom.svg,1.1.0=GET,http://download.eclipse.org/tools/orbit/downloads/drops/I20080228221323/bundles/org.w3c.dom.svg_1.1.0.v200802271225.jar

plugin@org.w3c.dom.svg.source,1.1.0=GET,http://download.eclipse.org/tools/orbit/downloads/drops/I20080228221323/bundles/org.w3c.dom.svg.source_1.1.0.v200802271225.jar

