2004-10-29 03:08:49  Message [Line Number:1618 Error Code:BUILD_FAILED Exception:org.eclipse.birt.report.model.metadata.MetaDataException: Message:The specified element java class [java.util.HashMap] is not a Design Element, that is, the class is not a kind of DesignElement.   Error code:INVALID_ELEMENT_JAVA_CLASS  ]
					 Exception [org.eclipse.birt.report.model.metadata.MetaDataException: Message:The specified element java class [java.util.HashMap] is not a Design Element, that is, the class is not a kind of DesignElement.   Error code:INVALID_ELEMENT_JAVA_CLASS 
	at org.eclipse.birt.report.model.metadata.MetaDataHandler.endDocument(MetaDataHandler.java:105)
	at org.apache.crimson.parser.Parser2.parseInternal(Unknown Source)
	at org.apache.crimson.parser.Parser2.parse(Unknown Source)
	at org.apache.crimson.parser.XMLReaderImpl.parse(Unknown Source)
	at javax.xml.parsers.SAXParser.parse(Unknown Source)
	at javax.xml.parsers.SAXParser.parse(Unknown Source)
	at org.eclipse.birt.report.model.metadata.MetaDataReader.read(MetaDataReader.java:98)
	at org.eclipse.birt.report.model.metadata.MetaLoggerTest.loadMeta(MetaLoggerTest.java:250)
	at org.eclipse.birt.report.model.metadata.MetaLoggerTest.test_INVALID_ELEMENT_JAVA_CLASS(MetaLoggerTest.java:1353)
	at sun.reflect.NativeMethodAccessorImpl.invoke0(Native Method)
	at sun.reflect.NativeMethodAccessorImpl.invoke(Unknown Source)
	at sun.reflect.DelegatingMethodAccessorImpl.invoke(Unknown Source)
	at java.lang.reflect.Method.invoke(Unknown Source)
	at junit.framework.TestCase.runTest(TestCase.java:154)
	at junit.framework.TestCase.runBare(TestCase.java:127)
	at junit.framework.TestResult$1.protect(TestResult.java:106)
	at junit.framework.TestResult.runProtected(TestResult.java:124)
	at junit.framework.TestResult.run(TestResult.java:109)
	at junit.framework.TestCase.run(TestCase.java:118)
	at junit.framework.TestSuite.runTest(TestSuite.java:208)
	at junit.framework.TestSuite.run(TestSuite.java:203)
	at org.eclipse.jdt.internal.junit.runner.RemoteTestRunner.runTests(RemoteTestRunner.java:421)
	at org.eclipse.jdt.internal.junit.runner.RemoteTestRunner.run(RemoteTestRunner.java:305)
	at org.eclipse.jdt.internal.junit.runner.RemoteTestRunner.main(RemoteTestRunner.java:186)
]
