2004-11-01 03:11:47  Message [Line Number:488 Error Code:BUILD_FAILED Exception:org.eclipse.birt.report.model.metadata.MetaDataException: Message:Duplicate property names [author] when adding the property to element [ReportDesign]. Error code:DUPLICATE_PROPERTY  ]
					 Exception [org.eclipse.birt.report.model.metadata.MetaDataException: Message:Duplicate property names [author] when adding the property to element [ReportDesign]. Error code:DUPLICATE_PROPERTY 
	at org.eclipse.birt.report.model.metadata.MetaDataHandler$PropertyState.parseAttrs(MetaDataHandler.java:716)
	at org.eclipse.birt.report.model.util.XMLParserHandler.startElement(XMLParserHandler.java:175)
	at org.apache.crimson.parser.Parser2.maybeElement(Parser2.java:1637)
	at org.apache.crimson.parser.Parser2.content(Parser2.java:1926)
	at org.apache.crimson.parser.Parser2.maybeElement(Parser2.java:1654)
	at org.apache.crimson.parser.Parser2.content(Parser2.java:1926)
	at org.apache.crimson.parser.Parser2.maybeElement(Parser2.java:1654)
	at org.apache.crimson.parser.Parser2.parseInternal(Parser2.java:634)
	at org.apache.crimson.parser.Parser2.parse(Parser2.java:333)
	at org.apache.crimson.parser.XMLReaderImpl.parse(XMLReaderImpl.java:448)
	at javax.xml.parsers.SAXParser.parse(SAXParser.java:345)
	at javax.xml.parsers.SAXParser.parse(SAXParser.java:143)
	at org.eclipse.birt.report.model.metadata.MetaDataReader.read(MetaDataReader.java:98)
	at org.eclipse.birt.report.model.metadata.MetaLoggerTest.loadMeta(MetaLoggerTest.java:256)
	at org.eclipse.birt.report.model.metadata.MetaLoggerTest.test_DUPLICATE_PROPERTY(MetaLoggerTest.java:853)
	at sun.reflect.NativeMethodAccessorImpl.invoke0(Native Method)
	at sun.reflect.NativeMethodAccessorImpl.invoke(NativeMethodAccessorImpl.java:39)
	at sun.reflect.DelegatingMethodAccessorImpl.invoke(DelegatingMethodAccessorImpl.java:25)
	at java.lang.reflect.Method.invoke(Method.java:324)
	at junit.framework.TestCase.runTest(TestCase.java:154)
	at junit.framework.TestCase.runBare(TestCase.java:127)
	at junit.framework.TestResult$1.protect(TestResult.java:106)
	at junit.framework.TestResult.runProtected(TestResult.java:124)
	at junit.framework.TestResult.run(TestResult.java:109)
	at junit.framework.TestCase.run(TestCase.java:118)
	at junit.framework.TestSuite.runTest(TestSuite.java:208)
	at junit.framework.TestSuite.run(TestSuite.java:203)
	at org.eclipse.jdt.internal.junit.runner.RemoteTestRunner.runTests(RemoteTestRunner.java:421)
	at org.eclipse.jdt.internal.junit.runner.RemoteTestRunner.run(RemoteTestRunner.java:305)
	at org.eclipse.jdt.internal.junit.runner.RemoteTestRunner.main(RemoteTestRunner.java:186)
]
2004-11-01 03:11:47  Message [Line Number:592 Error Code:BUILD_FAILED Exception:org.eclipse.birt.report.model.metadata.MetaDataException: Message:Duplicate property names [displayName] when adding the property to element [DataSource]. Error code:DUPLICATE_PROPERTY  ]
					 Exception [org.eclipse.birt.report.model.metadata.MetaDataException: Message:Duplicate property names [displayName] when adding the property to element [DataSource]. Error code:DUPLICATE_PROPERTY 
	at org.eclipse.birt.report.model.metadata.MetaDataHandler$PropertyState.parseAttrs(MetaDataHandler.java:716)
	at org.eclipse.birt.report.model.util.XMLParserHandler.startElement(XMLParserHandler.java:175)
	at org.apache.crimson.parser.Parser2.maybeElement(Parser2.java:1637)
	at org.apache.crimson.parser.Parser2.content(Parser2.java:1926)
	at org.apache.crimson.parser.Parser2.maybeElement(Parser2.java:1654)
	at org.apache.crimson.parser.Parser2.content(Parser2.java:1926)
	at org.apache.crimson.parser.Parser2.maybeElement(Parser2.java:1654)
	at org.apache.crimson.parser.Parser2.parseInternal(Parser2.java:634)
	at org.apache.crimson.parser.Parser2.parse(Parser2.java:333)
	at org.apache.crimson.parser.XMLReaderImpl.parse(XMLReaderImpl.java:448)
	at javax.xml.parsers.SAXParser.parse(SAXParser.java:345)
	at javax.xml.parsers.SAXParser.parse(SAXParser.java:143)
	at org.eclipse.birt.report.model.metadata.MetaDataReader.read(MetaDataReader.java:98)
	at org.eclipse.birt.report.model.metadata.MetaLoggerTest.loadMeta(MetaLoggerTest.java:256)
	at org.eclipse.birt.report.model.metadata.MetaLoggerTest.test_DUPLICATE_PROPERTY(MetaLoggerTest.java:853)
	at sun.reflect.NativeMethodAccessorImpl.invoke0(Native Method)
	at sun.reflect.NativeMethodAccessorImpl.invoke(NativeMethodAccessorImpl.java:39)
	at sun.reflect.DelegatingMethodAccessorImpl.invoke(DelegatingMethodAccessorImpl.java:25)
	at java.lang.reflect.Method.invoke(Method.java:324)
	at junit.framework.TestCase.runTest(TestCase.java:154)
	at junit.framework.TestCase.runBare(TestCase.java:127)
	at junit.framework.TestResult$1.protect(TestResult.java:106)
	at junit.framework.TestResult.runProtected(TestResult.java:124)
	at junit.framework.TestResult.run(TestResult.java:109)
	at junit.framework.TestCase.run(TestCase.java:118)
	at junit.framework.TestSuite.runTest(TestSuite.java:208)
	at junit.framework.TestSuite.run(TestSuite.java:203)
	at org.eclipse.jdt.internal.junit.runner.RemoteTestRunner.runTests(RemoteTestRunner.java:421)
	at org.eclipse.jdt.internal.junit.runner.RemoteTestRunner.run(RemoteTestRunner.java:305)
	at org.eclipse.jdt.internal.junit.runner.RemoteTestRunner.main(RemoteTestRunner.java:186)
]
2004-11-01 03:11:47  Message [Line Number:858 Error Code:BUILD_FAILED Exception:org.eclipse.birt.report.model.metadata.MetaDataException: Message:Duplicate property names [font-family] when adding the property to element [MasterPage]. Error code:DUPLICATE_PROPERTY  ]
					 Exception [org.eclipse.birt.report.model.metadata.MetaDataException: Message:Duplicate property names [font-family] when adding the property to element [MasterPage]. Error code:DUPLICATE_PROPERTY 
	at org.eclipse.birt.report.model.metadata.MetaDataHandler$PropertyState.parseAttrs(MetaDataHandler.java:716)
	at org.eclipse.birt.report.model.util.XMLParserHandler.startElement(XMLParserHandler.java:175)
	at org.apache.crimson.parser.Parser2.maybeElement(Parser2.java:1637)
	at org.apache.crimson.parser.Parser2.content(Parser2.java:1926)
	at org.apache.crimson.parser.Parser2.maybeElement(Parser2.java:1654)
	at org.apache.crimson.parser.Parser2.content(Parser2.java:1926)
	at org.apache.crimson.parser.Parser2.maybeElement(Parser2.java:1654)
	at org.apache.crimson.parser.Parser2.parseInternal(Parser2.java:634)
	at org.apache.crimson.parser.Parser2.parse(Parser2.java:333)
	at org.apache.crimson.parser.XMLReaderImpl.parse(XMLReaderImpl.java:448)
	at javax.xml.parsers.SAXParser.parse(SAXParser.java:345)
	at javax.xml.parsers.SAXParser.parse(SAXParser.java:143)
	at org.eclipse.birt.report.model.metadata.MetaDataReader.read(MetaDataReader.java:98)
	at org.eclipse.birt.report.model.metadata.MetaLoggerTest.loadMeta(MetaLoggerTest.java:256)
	at org.eclipse.birt.report.model.metadata.MetaLoggerTest.test_DUPLICATE_PROPERTY(MetaLoggerTest.java:853)
	at sun.reflect.NativeMethodAccessorImpl.invoke0(Native Method)
	at sun.reflect.NativeMethodAccessorImpl.invoke(NativeMethodAccessorImpl.java:39)
	at sun.reflect.DelegatingMethodAccessorImpl.invoke(DelegatingMethodAccessorImpl.java:25)
	at java.lang.reflect.Method.invoke(Method.java:324)
	at junit.framework.TestCase.runTest(TestCase.java:154)
	at junit.framework.TestCase.runBare(TestCase.java:127)
	at junit.framework.TestResult$1.protect(TestResult.java:106)
	at junit.framework.TestResult.runProtected(TestResult.java:124)
	at junit.framework.TestResult.run(TestResult.java:109)
	at junit.framework.TestCase.run(TestCase.java:118)
	at junit.framework.TestSuite.runTest(TestSuite.java:208)
	at junit.framework.TestSuite.run(TestSuite.java:203)
	at org.eclipse.jdt.internal.junit.runner.RemoteTestRunner.runTests(RemoteTestRunner.java:421)
	at org.eclipse.jdt.internal.junit.runner.RemoteTestRunner.run(RemoteTestRunner.java:305)
	at org.eclipse.jdt.internal.junit.runner.RemoteTestRunner.main(RemoteTestRunner.java:186)
]
2004-11-01 03:11:47  Message [Metadata Meta Parsing Error]
					 Exception [org.eclipse.birt.report.model.util.XMLParserException: The parse completed, but recoverable errors occurred.
	at org.eclipse.birt.report.model.metadata.MetaDataHandler.endDocument(MetaDataHandler.java:101)
	at org.apache.crimson.parser.Parser2.parseInternal(Parser2.java:642)
	at org.apache.crimson.parser.Parser2.parse(Parser2.java:333)
	at org.apache.crimson.parser.XMLReaderImpl.parse(XMLReaderImpl.java:448)
	at javax.xml.parsers.SAXParser.parse(SAXParser.java:345)
	at javax.xml.parsers.SAXParser.parse(SAXParser.java:143)
	at org.eclipse.birt.report.model.metadata.MetaDataReader.read(MetaDataReader.java:98)
	at org.eclipse.birt.report.model.metadata.MetaLoggerTest.loadMeta(MetaLoggerTest.java:256)
	at org.eclipse.birt.report.model.metadata.MetaLoggerTest.test_DUPLICATE_PROPERTY(MetaLoggerTest.java:853)
	at sun.reflect.NativeMethodAccessorImpl.invoke0(Native Method)
	at sun.reflect.NativeMethodAccessorImpl.invoke(NativeMethodAccessorImpl.java:39)
	at sun.reflect.DelegatingMethodAccessorImpl.invoke(DelegatingMethodAccessorImpl.java:25)
	at java.lang.reflect.Method.invoke(Method.java:324)
	at junit.framework.TestCase.runTest(TestCase.java:154)
	at junit.framework.TestCase.runBare(TestCase.java:127)
	at junit.framework.TestResult$1.protect(TestResult.java:106)
	at junit.framework.TestResult.runProtected(TestResult.java:124)
	at junit.framework.TestResult.run(TestResult.java:109)
	at junit.framework.TestCase.run(TestCase.java:118)
	at junit.framework.TestSuite.runTest(TestSuite.java:208)
	at junit.framework.TestSuite.run(TestSuite.java:203)
	at org.eclipse.jdt.internal.junit.runner.RemoteTestRunner.runTests(RemoteTestRunner.java:421)
	at org.eclipse.jdt.internal.junit.runner.RemoteTestRunner.run(RemoteTestRunner.java:305)
	at org.eclipse.jdt.internal.junit.runner.RemoteTestRunner.main(RemoteTestRunner.java:186)
]
