2004-11-01 02:59:42  Message [Line Number:23 Error Code:NAME_REQUIRED ]
					 Exception [org.eclipse.birt.report.model.metadata.MetaDataReaderException: Line Number:23 Error Code:NAME_REQUIRED 
	at org.eclipse.birt.report.model.metadata.MetaDataHandler$ChoiceTypeState.parseAttrs(MetaDataHandler.java:170)
	at org.eclipse.birt.report.model.util.XMLParserHandler.startElement(XMLParserHandler.java:175)
	at org.apache.crimson.parser.Parser2.maybeElement(Parser2.java:1637)
	at org.apache.crimson.parser.Parser2.content(Parser2.java:1926)
	at org.apache.crimson.parser.Parser2.maybeElement(Parser2.java:1654)
	at org.apache.crimson.parser.Parser2.parseInternal(Parser2.java:634)
	at org.apache.crimson.parser.Parser2.parse(Parser2.java:333)
	at org.apache.crimson.parser.XMLReaderImpl.parse(XMLReaderImpl.java:448)
	at javax.xml.parsers.SAXParser.parse(SAXParser.java:345)
	at javax.xml.parsers.SAXParser.parse(SAXParser.java:143)
	at org.eclipse.birt.report.model.metadata.MetaDataReader.read(MetaDataReader.java:98)
	at org.eclipse.birt.report.model.metadata.MetaLoggerTest.loadMeta(MetaLoggerTest.java:256)
	at org.eclipse.birt.report.model.metadata.MetaLoggerTest.test_NAME_REQUIRED(MetaLoggerTest.java:348)
	at sun.reflect.NativeMethodAccessorImpl.invoke0(Native Method)
	at sun.reflect.NativeMethodAccessorImpl.invoke(NativeMethodAccessorImpl.java:39)
	at sun.reflect.DelegatingMethodAccessorImpl.invoke(DelegatingMethodAccessorImpl.java:25)
	at java.lang.reflect.Method.invoke(Method.java:324)
	at junit.framework.TestCase.runTest(TestCase.java:154)
	at junit.framework.TestCase.runBare(TestCase.java:127)
	at junit.framework.TestResult$1.protect(TestResult.java:106)
	at junit.framework.TestResult.runProtected(TestResult.java:124)
	at junit.framework.TestResult.run(TestResult.java:109)
	at junit.framework.TestCase.run(TestCase.java:118)
	at junit.framework.TestSuite.runTest(TestSuite.java:208)
	at junit.framework.TestSuite.run(TestSuite.java:203)
	at org.eclipse.jdt.internal.junit.runner.RemoteTestRunner.runTests(RemoteTestRunner.java:421)
	at org.eclipse.jdt.internal.junit.runner.RemoteTestRunner.run(RemoteTestRunner.java:305)
	at org.eclipse.jdt.internal.junit.runner.RemoteTestRunner.main(RemoteTestRunner.java:186)
]
2004-11-01 02:59:42  Message [Line Number:356 Error Code:NAME_REQUIRED ]
					 Exception [org.eclipse.birt.report.model.metadata.MetaDataReaderException: Line Number:356 Error Code:NAME_REQUIRED 
	at org.eclipse.birt.report.model.metadata.MetaDataHandler$MemberState.parseAttrs(MetaDataHandler.java:305)
	at org.eclipse.birt.report.model.util.XMLParserHandler.startElement(XMLParserHandler.java:175)
	at org.apache.crimson.parser.Parser2.maybeElement(Parser2.java:1637)
	at org.apache.crimson.parser.Parser2.content(Parser2.java:1926)
	at org.apache.crimson.parser.Parser2.maybeElement(Parser2.java:1654)
	at org.apache.crimson.parser.Parser2.content(Parser2.java:1926)
	at org.apache.crimson.parser.Parser2.maybeElement(Parser2.java:1654)
	at org.apache.crimson.parser.Parser2.parseInternal(Parser2.java:634)
	at org.apache.crimson.parser.Parser2.parse(Parser2.java:333)
	at org.apache.crimson.parser.XMLReaderImpl.parse(XMLReaderImpl.java:448)
	at javax.xml.parsers.SAXParser.parse(SAXParser.java:345)
	at javax.xml.parsers.SAXParser.parse(SAXParser.java:143)
	at org.eclipse.birt.report.model.metadata.MetaDataReader.read(MetaDataReader.java:98)
	at org.eclipse.birt.report.model.metadata.MetaLoggerTest.loadMeta(MetaLoggerTest.java:256)
	at org.eclipse.birt.report.model.metadata.MetaLoggerTest.test_NAME_REQUIRED(MetaLoggerTest.java:348)
	at sun.reflect.NativeMethodAccessorImpl.invoke0(Native Method)
	at sun.reflect.NativeMethodAccessorImpl.invoke(NativeMethodAccessorImpl.java:39)
	at sun.reflect.DelegatingMethodAccessorImpl.invoke(DelegatingMethodAccessorImpl.java:25)
	at java.lang.reflect.Method.invoke(Method.java:324)
	at junit.framework.TestCase.runTest(TestCase.java:154)
	at junit.framework.TestCase.runBare(TestCase.java:127)
	at junit.framework.TestResult$1.protect(TestResult.java:106)
	at junit.framework.TestResult.runProtected(TestResult.java:124)
	at junit.framework.TestResult.run(TestResult.java:109)
	at junit.framework.TestCase.run(TestCase.java:118)
	at junit.framework.TestSuite.runTest(TestSuite.java:208)
	at junit.framework.TestSuite.run(TestSuite.java:203)
	at org.eclipse.jdt.internal.junit.runner.RemoteTestRunner.runTests(RemoteTestRunner.java:421)
	at org.eclipse.jdt.internal.junit.runner.RemoteTestRunner.run(RemoteTestRunner.java:305)
	at org.eclipse.jdt.internal.junit.runner.RemoteTestRunner.main(RemoteTestRunner.java:186)
]
2004-11-01 02:59:42  Message [Line Number:362 Error Code:NAME_REQUIRED ]
					 Exception [org.eclipse.birt.report.model.metadata.MetaDataReaderException: Line Number:362 Error Code:NAME_REQUIRED 
	at org.eclipse.birt.report.model.metadata.MetaDataHandler$StructDefnState.parseAttrs(MetaDataHandler.java:248)
	at org.eclipse.birt.report.model.util.XMLParserHandler.startElement(XMLParserHandler.java:175)
	at org.apache.crimson.parser.Parser2.maybeElement(Parser2.java:1637)
	at org.apache.crimson.parser.Parser2.content(Parser2.java:1926)
	at org.apache.crimson.parser.Parser2.maybeElement(Parser2.java:1654)
	at org.apache.crimson.parser.Parser2.parseInternal(Parser2.java:634)
	at org.apache.crimson.parser.Parser2.parse(Parser2.java:333)
	at org.apache.crimson.parser.XMLReaderImpl.parse(XMLReaderImpl.java:448)
	at javax.xml.parsers.SAXParser.parse(SAXParser.java:345)
	at javax.xml.parsers.SAXParser.parse(SAXParser.java:143)
	at org.eclipse.birt.report.model.metadata.MetaDataReader.read(MetaDataReader.java:98)
	at org.eclipse.birt.report.model.metadata.MetaLoggerTest.loadMeta(MetaLoggerTest.java:256)
	at org.eclipse.birt.report.model.metadata.MetaLoggerTest.test_NAME_REQUIRED(MetaLoggerTest.java:348)
	at sun.reflect.NativeMethodAccessorImpl.invoke0(Native Method)
	at sun.reflect.NativeMethodAccessorImpl.invoke(NativeMethodAccessorImpl.java:39)
	at sun.reflect.DelegatingMethodAccessorImpl.invoke(DelegatingMethodAccessorImpl.java:25)
	at java.lang.reflect.Method.invoke(Method.java:324)
	at junit.framework.TestCase.runTest(TestCase.java:154)
	at junit.framework.TestCase.runBare(TestCase.java:127)
	at junit.framework.TestResult$1.protect(TestResult.java:106)
	at junit.framework.TestResult.runProtected(TestResult.java:124)
	at junit.framework.TestResult.run(TestResult.java:109)
	at junit.framework.TestCase.run(TestCase.java:118)
	at junit.framework.TestSuite.runTest(TestSuite.java:208)
	at junit.framework.TestSuite.run(TestSuite.java:203)
	at org.eclipse.jdt.internal.junit.runner.RemoteTestRunner.runTests(RemoteTestRunner.java:421)
	at org.eclipse.jdt.internal.junit.runner.RemoteTestRunner.run(RemoteTestRunner.java:305)
	at org.eclipse.jdt.internal.junit.runner.RemoteTestRunner.main(RemoteTestRunner.java:186)
]
2004-11-01 02:59:42  Message [Line Number:362 Error Code:BUILD_FAILED Exception:org.eclipse.birt.report.model.metadata.MetaDataException: Message:Missing structure name when adding a structure to the meta-data dictionary. Error code:MISSING_STRUCT_NAME  ]
					 Exception [org.eclipse.birt.report.model.metadata.MetaDataException: Message:Missing structure name when adding a structure to the meta-data dictionary. Error code:MISSING_STRUCT_NAME 
	at org.eclipse.birt.report.model.metadata.MetaDataHandler$StructDefnState.parseAttrs(MetaDataHandler.java:267)
	at org.eclipse.birt.report.model.util.XMLParserHandler.startElement(XMLParserHandler.java:175)
	at org.apache.crimson.parser.Parser2.maybeElement(Parser2.java:1637)
	at org.apache.crimson.parser.Parser2.content(Parser2.java:1926)
	at org.apache.crimson.parser.Parser2.maybeElement(Parser2.java:1654)
	at org.apache.crimson.parser.Parser2.parseInternal(Parser2.java:634)
	at org.apache.crimson.parser.Parser2.parse(Parser2.java:333)
	at org.apache.crimson.parser.XMLReaderImpl.parse(XMLReaderImpl.java:448)
	at javax.xml.parsers.SAXParser.parse(SAXParser.java:345)
	at javax.xml.parsers.SAXParser.parse(SAXParser.java:143)
	at org.eclipse.birt.report.model.metadata.MetaDataReader.read(MetaDataReader.java:98)
	at org.eclipse.birt.report.model.metadata.MetaLoggerTest.loadMeta(MetaLoggerTest.java:256)
	at org.eclipse.birt.report.model.metadata.MetaLoggerTest.test_NAME_REQUIRED(MetaLoggerTest.java:348)
	at sun.reflect.NativeMethodAccessorImpl.invoke0(Native Method)
	at sun.reflect.NativeMethodAccessorImpl.invoke(NativeMethodAccessorImpl.java:39)
	at sun.reflect.DelegatingMethodAccessorImpl.invoke(DelegatingMethodAccessorImpl.java:25)
	at java.lang.reflect.Method.invoke(Method.java:324)
	at junit.framework.TestCase.runTest(TestCase.java:154)
	at junit.framework.TestCase.runBare(TestCase.java:127)
	at junit.framework.TestResult$1.protect(TestResult.java:106)
	at junit.framework.TestResult.runProtected(TestResult.java:124)
	at junit.framework.TestResult.run(TestResult.java:109)
	at junit.framework.TestCase.run(TestCase.java:118)
	at junit.framework.TestSuite.runTest(TestSuite.java:208)
	at junit.framework.TestSuite.run(TestSuite.java:203)
	at org.eclipse.jdt.internal.junit.runner.RemoteTestRunner.runTests(RemoteTestRunner.java:421)
	at org.eclipse.jdt.internal.junit.runner.RemoteTestRunner.run(RemoteTestRunner.java:305)
	at org.eclipse.jdt.internal.junit.runner.RemoteTestRunner.main(RemoteTestRunner.java:186)
]
2004-11-01 02:59:42  Message [Line Number:383 Error Code:INVALID_CHOICE_TYPE ]
					 Exception [org.eclipse.birt.report.model.metadata.MetaDataReaderException: Line Number:383 Error Code:INVALID_CHOICE_TYPE 
	at org.eclipse.birt.report.model.metadata.MetaDataHandler.validateChoiceSet(MetaDataHandler.java:935)
	at org.eclipse.birt.report.model.metadata.MetaDataHandler.access$1(MetaDataHandler.java:929)
	at org.eclipse.birt.report.model.metadata.MetaDataHandler$MemberState.parseAttrs(MetaDataHandler.java:345)
	at org.eclipse.birt.report.model.util.XMLParserHandler.startElement(XMLParserHandler.java:175)
	at org.apache.crimson.parser.Parser2.maybeElement(Parser2.java:1637)
	at org.apache.crimson.parser.Parser2.content(Parser2.java:1926)
	at org.apache.crimson.parser.Parser2.maybeElement(Parser2.java:1654)
	at org.apache.crimson.parser.Parser2.content(Parser2.java:1926)
	at org.apache.crimson.parser.Parser2.maybeElement(Parser2.java:1654)
	at org.apache.crimson.parser.Parser2.parseInternal(Parser2.java:634)
	at org.apache.crimson.parser.Parser2.parse(Parser2.java:333)
	at org.apache.crimson.parser.XMLReaderImpl.parse(XMLReaderImpl.java:448)
	at javax.xml.parsers.SAXParser.parse(SAXParser.java:345)
	at javax.xml.parsers.SAXParser.parse(SAXParser.java:143)
	at org.eclipse.birt.report.model.metadata.MetaDataReader.read(MetaDataReader.java:98)
	at org.eclipse.birt.report.model.metadata.MetaLoggerTest.loadMeta(MetaLoggerTest.java:256)
	at org.eclipse.birt.report.model.metadata.MetaLoggerTest.test_NAME_REQUIRED(MetaLoggerTest.java:348)
	at sun.reflect.NativeMethodAccessorImpl.invoke0(Native Method)
	at sun.reflect.NativeMethodAccessorImpl.invoke(NativeMethodAccessorImpl.java:39)
	at sun.reflect.DelegatingMethodAccessorImpl.invoke(DelegatingMethodAccessorImpl.java:25)
	at java.lang.reflect.Method.invoke(Method.java:324)
	at junit.framework.TestCase.runTest(TestCase.java:154)
	at junit.framework.TestCase.runBare(TestCase.java:127)
	at junit.framework.TestResult$1.protect(TestResult.java:106)
	at junit.framework.TestResult.runProtected(TestResult.java:124)
	at junit.framework.TestResult.run(TestResult.java:109)
	at junit.framework.TestCase.run(TestCase.java:118)
	at junit.framework.TestSuite.runTest(TestSuite.java:208)
	at junit.framework.TestSuite.run(TestSuite.java:203)
	at org.eclipse.jdt.internal.junit.runner.RemoteTestRunner.runTests(RemoteTestRunner.java:421)
	at org.eclipse.jdt.internal.junit.runner.RemoteTestRunner.run(RemoteTestRunner.java:305)
	at org.eclipse.jdt.internal.junit.runner.RemoteTestRunner.main(RemoteTestRunner.java:186)
]
2004-11-01 02:59:42  Message [Line Number:487 Error Code:NAME_REQUIRED ]
					 Exception [org.eclipse.birt.report.model.metadata.MetaDataReaderException: Line Number:487 Error Code:NAME_REQUIRED 
	at org.eclipse.birt.report.model.metadata.MetaDataHandler$PropertyState.parseAttrs(MetaDataHandler.java:585)
	at org.eclipse.birt.report.model.util.XMLParserHandler.startElement(XMLParserHandler.java:175)
	at org.apache.crimson.parser.Parser2.maybeElement(Parser2.java:1637)
	at org.apache.crimson.parser.Parser2.content(Parser2.java:1926)
	at org.apache.crimson.parser.Parser2.maybeElement(Parser2.java:1654)
	at org.apache.crimson.parser.Parser2.content(Parser2.java:1926)
	at org.apache.crimson.parser.Parser2.maybeElement(Parser2.java:1654)
	at org.apache.crimson.parser.Parser2.parseInternal(Parser2.java:634)
	at org.apache.crimson.parser.Parser2.parse(Parser2.java:333)
	at org.apache.crimson.parser.XMLReaderImpl.parse(XMLReaderImpl.java:448)
	at javax.xml.parsers.SAXParser.parse(SAXParser.java:345)
	at javax.xml.parsers.SAXParser.parse(SAXParser.java:143)
	at org.eclipse.birt.report.model.metadata.MetaDataReader.read(MetaDataReader.java:98)
	at org.eclipse.birt.report.model.metadata.MetaLoggerTest.loadMeta(MetaLoggerTest.java:256)
	at org.eclipse.birt.report.model.metadata.MetaLoggerTest.test_NAME_REQUIRED(MetaLoggerTest.java:348)
	at sun.reflect.NativeMethodAccessorImpl.invoke0(Native Method)
	at sun.reflect.NativeMethodAccessorImpl.invoke(NativeMethodAccessorImpl.java:39)
	at sun.reflect.DelegatingMethodAccessorImpl.invoke(DelegatingMethodAccessorImpl.java:25)
	at java.lang.reflect.Method.invoke(Method.java:324)
	at junit.framework.TestCase.runTest(TestCase.java:154)
	at junit.framework.TestCase.runBare(TestCase.java:127)
	at junit.framework.TestResult$1.protect(TestResult.java:106)
	at junit.framework.TestResult.runProtected(TestResult.java:124)
	at junit.framework.TestResult.run(TestResult.java:109)
	at junit.framework.TestCase.run(TestCase.java:118)
	at junit.framework.TestSuite.runTest(TestSuite.java:208)
	at junit.framework.TestSuite.run(TestSuite.java:203)
	at org.eclipse.jdt.internal.junit.runner.RemoteTestRunner.runTests(RemoteTestRunner.java:421)
	at org.eclipse.jdt.internal.junit.runner.RemoteTestRunner.run(RemoteTestRunner.java:305)
	at org.eclipse.jdt.internal.junit.runner.RemoteTestRunner.main(RemoteTestRunner.java:186)
]
2004-11-01 02:59:42  Message [Line Number:523 Error Code:NAME_REQUIRED ]
					 Exception [org.eclipse.birt.report.model.metadata.MetaDataReaderException: Line Number:523 Error Code:NAME_REQUIRED 
	at org.eclipse.birt.report.model.metadata.MetaDataHandler$SlotState.parseAttrs(MetaDataHandler.java:840)
	at org.eclipse.birt.report.model.util.XMLParserHandler.startElement(XMLParserHandler.java:175)
	at org.apache.crimson.parser.Parser2.maybeElement(Parser2.java:1637)
	at org.apache.crimson.parser.Parser2.content(Parser2.java:1926)
	at org.apache.crimson.parser.Parser2.maybeElement(Parser2.java:1654)
	at org.apache.crimson.parser.Parser2.content(Parser2.java:1926)
	at org.apache.crimson.parser.Parser2.maybeElement(Parser2.java:1654)
	at org.apache.crimson.parser.Parser2.parseInternal(Parser2.java:634)
	at org.apache.crimson.parser.Parser2.parse(Parser2.java:333)
	at org.apache.crimson.parser.XMLReaderImpl.parse(XMLReaderImpl.java:448)
	at javax.xml.parsers.SAXParser.parse(SAXParser.java:345)
	at javax.xml.parsers.SAXParser.parse(SAXParser.java:143)
	at org.eclipse.birt.report.model.metadata.MetaDataReader.read(MetaDataReader.java:98)
	at org.eclipse.birt.report.model.metadata.MetaLoggerTest.loadMeta(MetaLoggerTest.java:256)
	at org.eclipse.birt.report.model.metadata.MetaLoggerTest.test_NAME_REQUIRED(MetaLoggerTest.java:348)
	at sun.reflect.NativeMethodAccessorImpl.invoke0(Native Method)
	at sun.reflect.NativeMethodAccessorImpl.invoke(NativeMethodAccessorImpl.java:39)
	at sun.reflect.DelegatingMethodAccessorImpl.invoke(DelegatingMethodAccessorImpl.java:25)
	at java.lang.reflect.Method.invoke(Method.java:324)
	at junit.framework.TestCase.runTest(TestCase.java:154)
	at junit.framework.TestCase.runBare(TestCase.java:127)
	at junit.framework.TestResult$1.protect(TestResult.java:106)
	at junit.framework.TestResult.runProtected(TestResult.java:124)
	at junit.framework.TestResult.run(TestResult.java:109)
	at junit.framework.TestCase.run(TestCase.java:118)
	at junit.framework.TestSuite.runTest(TestSuite.java:208)
	at junit.framework.TestSuite.run(TestSuite.java:203)
	at org.eclipse.jdt.internal.junit.runner.RemoteTestRunner.runTests(RemoteTestRunner.java:421)
	at org.eclipse.jdt.internal.junit.runner.RemoteTestRunner.run(RemoteTestRunner.java:305)
	at org.eclipse.jdt.internal.junit.runner.RemoteTestRunner.main(RemoteTestRunner.java:186)
]
2004-11-01 02:59:42  Message [Line Number:537 Error Code:NAME_REQUIRED ]
					 Exception [org.eclipse.birt.report.model.metadata.MetaDataReaderException: Line Number:537 Error Code:NAME_REQUIRED 
	at org.eclipse.birt.report.model.metadata.MetaDataHandler$SlotTypeState.parseAttrs(MetaDataHandler.java:898)
	at org.eclipse.birt.report.model.util.XMLParserHandler.startElement(XMLParserHandler.java:175)
	at org.apache.crimson.parser.Parser2.maybeElement(Parser2.java:1637)
	at org.apache.crimson.parser.Parser2.content(Parser2.java:1926)
	at org.apache.crimson.parser.Parser2.maybeElement(Parser2.java:1654)
	at org.apache.crimson.parser.Parser2.content(Parser2.java:1926)
	at org.apache.crimson.parser.Parser2.maybeElement(Parser2.java:1654)
	at org.apache.crimson.parser.Parser2.content(Parser2.java:1926)
	at org.apache.crimson.parser.Parser2.maybeElement(Parser2.java:1654)
	at org.apache.crimson.parser.Parser2.parseInternal(Parser2.java:634)
	at org.apache.crimson.parser.Parser2.parse(Parser2.java:333)
	at org.apache.crimson.parser.XMLReaderImpl.parse(XMLReaderImpl.java:448)
	at javax.xml.parsers.SAXParser.parse(SAXParser.java:345)
	at javax.xml.parsers.SAXParser.parse(SAXParser.java:143)
	at org.eclipse.birt.report.model.metadata.MetaDataReader.read(MetaDataReader.java:98)
	at org.eclipse.birt.report.model.metadata.MetaLoggerTest.loadMeta(MetaLoggerTest.java:256)
	at org.eclipse.birt.report.model.metadata.MetaLoggerTest.test_NAME_REQUIRED(MetaLoggerTest.java:348)
	at sun.reflect.NativeMethodAccessorImpl.invoke0(Native Method)
	at sun.reflect.NativeMethodAccessorImpl.invoke(NativeMethodAccessorImpl.java:39)
	at sun.reflect.DelegatingMethodAccessorImpl.invoke(DelegatingMethodAccessorImpl.java:25)
	at java.lang.reflect.Method.invoke(Method.java:324)
	at junit.framework.TestCase.runTest(TestCase.java:154)
	at junit.framework.TestCase.runBare(TestCase.java:127)
	at junit.framework.TestResult$1.protect(TestResult.java:106)
	at junit.framework.TestResult.runProtected(TestResult.java:124)
	at junit.framework.TestResult.run(TestResult.java:109)
	at junit.framework.TestCase.run(TestCase.java:118)
	at junit.framework.TestSuite.runTest(TestSuite.java:208)
	at junit.framework.TestSuite.run(TestSuite.java:203)
	at org.eclipse.jdt.internal.junit.runner.RemoteTestRunner.runTests(RemoteTestRunner.java:421)
	at org.eclipse.jdt.internal.junit.runner.RemoteTestRunner.run(RemoteTestRunner.java:305)
	at org.eclipse.jdt.internal.junit.runner.RemoteTestRunner.main(RemoteTestRunner.java:186)
]
2004-11-01 02:59:42  Message [Line Number:595 Error Code:NAME_REQUIRED ]
					 Exception [org.eclipse.birt.report.model.metadata.MetaDataReaderException: Line Number:595 Error Code:NAME_REQUIRED 
	at org.eclipse.birt.report.model.metadata.MetaDataHandler$ElementDefnState.parseAttrs(MetaDataHandler.java:438)
	at org.eclipse.birt.report.model.util.XMLParserHandler.startElement(XMLParserHandler.java:175)
	at org.apache.crimson.parser.Parser2.maybeElement(Parser2.java:1637)
	at org.apache.crimson.parser.Parser2.content(Parser2.java:1926)
	at org.apache.crimson.parser.Parser2.maybeElement(Parser2.java:1654)
	at org.apache.crimson.parser.Parser2.parseInternal(Parser2.java:634)
	at org.apache.crimson.parser.Parser2.parse(Parser2.java:333)
	at org.apache.crimson.parser.XMLReaderImpl.parse(XMLReaderImpl.java:448)
	at javax.xml.parsers.SAXParser.parse(SAXParser.java:345)
	at javax.xml.parsers.SAXParser.parse(SAXParser.java:143)
	at org.eclipse.birt.report.model.metadata.MetaDataReader.read(MetaDataReader.java:98)
	at org.eclipse.birt.report.model.metadata.MetaLoggerTest.loadMeta(MetaLoggerTest.java:256)
	at org.eclipse.birt.report.model.metadata.MetaLoggerTest.test_NAME_REQUIRED(MetaLoggerTest.java:348)
	at sun.reflect.NativeMethodAccessorImpl.invoke0(Native Method)
	at sun.reflect.NativeMethodAccessorImpl.invoke(NativeMethodAccessorImpl.java:39)
	at sun.reflect.DelegatingMethodAccessorImpl.invoke(DelegatingMethodAccessorImpl.java:25)
	at java.lang.reflect.Method.invoke(Method.java:324)
	at junit.framework.TestCase.runTest(TestCase.java:154)
	at junit.framework.TestCase.runBare(TestCase.java:127)
	at junit.framework.TestResult$1.protect(TestResult.java:106)
	at junit.framework.TestResult.runProtected(TestResult.java:124)
	at junit.framework.TestResult.run(TestResult.java:109)
	at junit.framework.TestCase.run(TestCase.java:118)
	at junit.framework.TestSuite.runTest(TestSuite.java:208)
	at junit.framework.TestSuite.run(TestSuite.java:203)
	at org.eclipse.jdt.internal.junit.runner.RemoteTestRunner.runTests(RemoteTestRunner.java:421)
	at org.eclipse.jdt.internal.junit.runner.RemoteTestRunner.run(RemoteTestRunner.java:305)
	at org.eclipse.jdt.internal.junit.runner.RemoteTestRunner.main(RemoteTestRunner.java:186)
]
2004-11-01 02:59:42  Message [Line Number:681 Error Code:INVALID_CHOICE_TYPE ]
					 Exception [org.eclipse.birt.report.model.metadata.MetaDataReaderException: Line Number:681 Error Code:INVALID_CHOICE_TYPE 
	at org.eclipse.birt.report.model.metadata.MetaDataHandler.validateChoiceSet(MetaDataHandler.java:935)
	at org.eclipse.birt.report.model.metadata.MetaDataHandler.access$1(MetaDataHandler.java:929)
	at org.eclipse.birt.report.model.metadata.MetaDataHandler$PropertyState.parseAttrs(MetaDataHandler.java:630)
	at org.eclipse.birt.report.model.util.XMLParserHandler.startElement(XMLParserHandler.java:175)
	at org.apache.crimson.parser.Parser2.maybeElement(Parser2.java:1637)
	at org.apache.crimson.parser.Parser2.content(Parser2.java:1926)
	at org.apache.crimson.parser.Parser2.maybeElement(Parser2.java:1654)
	at org.apache.crimson.parser.Parser2.content(Parser2.java:1926)
	at org.apache.crimson.parser.Parser2.maybeElement(Parser2.java:1654)
	at org.apache.crimson.parser.Parser2.content(Parser2.java:1926)
	at org.apache.crimson.parser.Parser2.maybeElement(Parser2.java:1654)
	at org.apache.crimson.parser.Parser2.parseInternal(Parser2.java:634)
	at org.apache.crimson.parser.Parser2.parse(Parser2.java:333)
	at org.apache.crimson.parser.XMLReaderImpl.parse(XMLReaderImpl.java:448)
	at javax.xml.parsers.SAXParser.parse(SAXParser.java:345)
	at javax.xml.parsers.SAXParser.parse(SAXParser.java:143)
	at org.eclipse.birt.report.model.metadata.MetaDataReader.read(MetaDataReader.java:98)
	at org.eclipse.birt.report.model.metadata.MetaLoggerTest.loadMeta(MetaLoggerTest.java:256)
	at org.eclipse.birt.report.model.metadata.MetaLoggerTest.test_NAME_REQUIRED(MetaLoggerTest.java:348)
	at sun.reflect.NativeMethodAccessorImpl.invoke0(Native Method)
	at sun.reflect.NativeMethodAccessorImpl.invoke(NativeMethodAccessorImpl.java:39)
	at sun.reflect.DelegatingMethodAccessorImpl.invoke(DelegatingMethodAccessorImpl.java:25)
	at java.lang.reflect.Method.invoke(Method.java:324)
	at junit.framework.TestCase.runTest(TestCase.java:154)
	at junit.framework.TestCase.runBare(TestCase.java:127)
	at junit.framework.TestResult$1.protect(TestResult.java:106)
	at junit.framework.TestResult.runProtected(TestResult.java:124)
	at junit.framework.TestResult.run(TestResult.java:109)
	at junit.framework.TestCase.run(TestCase.java:118)
	at junit.framework.TestSuite.runTest(TestSuite.java:208)
	at junit.framework.TestSuite.run(TestSuite.java:203)
	at org.eclipse.jdt.internal.junit.runner.RemoteTestRunner.runTests(RemoteTestRunner.java:421)
	at org.eclipse.jdt.internal.junit.runner.RemoteTestRunner.run(RemoteTestRunner.java:305)
	at org.eclipse.jdt.internal.junit.runner.RemoteTestRunner.main(RemoteTestRunner.java:186)
]
2004-11-01 02:59:42  Message [Line Number:851 Error Code:INVALID_STRUCT_TYPE ]
					 Exception [org.eclipse.birt.report.model.metadata.MetaDataReaderException: Line Number:851 Error Code:INVALID_STRUCT_TYPE 
	at org.eclipse.birt.report.model.metadata.MetaDataHandler$PropertyState.parseAttrs(MetaDataHandler.java:670)
	at org.eclipse.birt.report.model.util.XMLParserHandler.startElement(XMLParserHandler.java:175)
	at org.apache.crimson.parser.Parser2.maybeElement(Parser2.java:1637)
	at org.apache.crimson.parser.Parser2.content(Parser2.java:1926)
	at org.apache.crimson.parser.Parser2.maybeElement(Parser2.java:1654)
	at org.apache.crimson.parser.Parser2.content(Parser2.java:1926)
	at org.apache.crimson.parser.Parser2.maybeElement(Parser2.java:1654)
	at org.apache.crimson.parser.Parser2.parseInternal(Parser2.java:634)
	at org.apache.crimson.parser.Parser2.parse(Parser2.java:333)
	at org.apache.crimson.parser.XMLReaderImpl.parse(XMLReaderImpl.java:448)
	at javax.xml.parsers.SAXParser.parse(SAXParser.java:345)
	at javax.xml.parsers.SAXParser.parse(SAXParser.java:143)
	at org.eclipse.birt.report.model.metadata.MetaDataReader.read(MetaDataReader.java:98)
	at org.eclipse.birt.report.model.metadata.MetaLoggerTest.loadMeta(MetaLoggerTest.java:256)
	at org.eclipse.birt.report.model.metadata.MetaLoggerTest.test_NAME_REQUIRED(MetaLoggerTest.java:348)
	at sun.reflect.NativeMethodAccessorImpl.invoke0(Native Method)
	at sun.reflect.NativeMethodAccessorImpl.invoke(NativeMethodAccessorImpl.java:39)
	at sun.reflect.DelegatingMethodAccessorImpl.invoke(DelegatingMethodAccessorImpl.java:25)
	at java.lang.reflect.Method.invoke(Method.java:324)
	at junit.framework.TestCase.runTest(TestCase.java:154)
	at junit.framework.TestCase.runBare(TestCase.java:127)
	at junit.framework.TestResult$1.protect(TestResult.java:106)
	at junit.framework.TestResult.runProtected(TestResult.java:124)
	at junit.framework.TestResult.run(TestResult.java:109)
	at junit.framework.TestCase.run(TestCase.java:118)
	at junit.framework.TestSuite.runTest(TestSuite.java:208)
	at junit.framework.TestSuite.run(TestSuite.java:203)
	at org.eclipse.jdt.internal.junit.runner.RemoteTestRunner.runTests(RemoteTestRunner.java:421)
	at org.eclipse.jdt.internal.junit.runner.RemoteTestRunner.run(RemoteTestRunner.java:305)
	at org.eclipse.jdt.internal.junit.runner.RemoteTestRunner.main(RemoteTestRunner.java:186)
]
2004-11-01 02:59:42  Message [Line Number:1027 Error Code:NAME_REQUIRED ]
					 Exception [org.eclipse.birt.report.model.metadata.MetaDataReaderException: Line Number:1027 Error Code:NAME_REQUIRED 
	at org.eclipse.birt.report.model.metadata.MetaDataHandler$StylePropertyState.parseAttrs(MetaDataHandler.java:816)
	at org.eclipse.birt.report.model.util.XMLParserHandler.startElement(XMLParserHandler.java:175)
	at org.apache.crimson.parser.Parser2.maybeElement(Parser2.java:1637)
	at org.apache.crimson.parser.Parser2.content(Parser2.java:1926)
	at org.apache.crimson.parser.Parser2.maybeElement(Parser2.java:1654)
	at org.apache.crimson.parser.Parser2.content(Parser2.java:1926)
	at org.apache.crimson.parser.Parser2.maybeElement(Parser2.java:1654)
	at org.apache.crimson.parser.Parser2.parseInternal(Parser2.java:634)
	at org.apache.crimson.parser.Parser2.parse(Parser2.java:333)
	at org.apache.crimson.parser.XMLReaderImpl.parse(XMLReaderImpl.java:448)
	at javax.xml.parsers.SAXParser.parse(SAXParser.java:345)
	at javax.xml.parsers.SAXParser.parse(SAXParser.java:143)
	at org.eclipse.birt.report.model.metadata.MetaDataReader.read(MetaDataReader.java:98)
	at org.eclipse.birt.report.model.metadata.MetaLoggerTest.loadMeta(MetaLoggerTest.java:256)
	at org.eclipse.birt.report.model.metadata.MetaLoggerTest.test_NAME_REQUIRED(MetaLoggerTest.java:348)
	at sun.reflect.NativeMethodAccessorImpl.invoke0(Native Method)
	at sun.reflect.NativeMethodAccessorImpl.invoke(NativeMethodAccessorImpl.java:39)
	at sun.reflect.DelegatingMethodAccessorImpl.invoke(DelegatingMethodAccessorImpl.java:25)
	at java.lang.reflect.Method.invoke(Method.java:324)
	at junit.framework.TestCase.runTest(TestCase.java:154)
	at junit.framework.TestCase.runBare(TestCase.java:127)
	at junit.framework.TestResult$1.protect(TestResult.java:106)
	at junit.framework.TestResult.runProtected(TestResult.java:124)
	at junit.framework.TestResult.run(TestResult.java:109)
	at junit.framework.TestCase.run(TestCase.java:118)
	at junit.framework.TestSuite.runTest(TestSuite.java:208)
	at junit.framework.TestSuite.run(TestSuite.java:203)
	at org.eclipse.jdt.internal.junit.runner.RemoteTestRunner.runTests(RemoteTestRunner.java:421)
	at org.eclipse.jdt.internal.junit.runner.RemoteTestRunner.run(RemoteTestRunner.java:305)
	at org.eclipse.jdt.internal.junit.runner.RemoteTestRunner.main(RemoteTestRunner.java:186)
]
2004-11-01 02:59:42  Message [Line Number:1477 Error Code:NAME_REQUIRED ]
					 Exception [org.eclipse.birt.report.model.metadata.MetaDataReaderException: Line Number:1477 Error Code:NAME_REQUIRED 
	at org.eclipse.birt.report.model.metadata.MetaDataHandler$StyleState.parseAttrs(MetaDataHandler.java:211)
	at org.eclipse.birt.report.model.util.XMLParserHandler.startElement(XMLParserHandler.java:175)
	at org.apache.crimson.parser.Parser2.maybeElement(Parser2.java:1637)
	at org.apache.crimson.parser.Parser2.content(Parser2.java:1926)
	at org.apache.crimson.parser.Parser2.maybeElement(Parser2.java:1654)
	at org.apache.crimson.parser.Parser2.parseInternal(Parser2.java:634)
	at org.apache.crimson.parser.Parser2.parse(Parser2.java:333)
	at org.apache.crimson.parser.XMLReaderImpl.parse(XMLReaderImpl.java:448)
	at javax.xml.parsers.SAXParser.parse(SAXParser.java:345)
	at javax.xml.parsers.SAXParser.parse(SAXParser.java:143)
	at org.eclipse.birt.report.model.metadata.MetaDataReader.read(MetaDataReader.java:98)
	at org.eclipse.birt.report.model.metadata.MetaLoggerTest.loadMeta(MetaLoggerTest.java:256)
	at org.eclipse.birt.report.model.metadata.MetaLoggerTest.test_NAME_REQUIRED(MetaLoggerTest.java:348)
	at sun.reflect.NativeMethodAccessorImpl.invoke0(Native Method)
	at sun.reflect.NativeMethodAccessorImpl.invoke(NativeMethodAccessorImpl.java:39)
	at sun.reflect.DelegatingMethodAccessorImpl.invoke(DelegatingMethodAccessorImpl.java:25)
	at java.lang.reflect.Method.invoke(Method.java:324)
	at junit.framework.TestCase.runTest(TestCase.java:154)
	at junit.framework.TestCase.runBare(TestCase.java:127)
	at junit.framework.TestResult$1.protect(TestResult.java:106)
	at junit.framework.TestResult.runProtected(TestResult.java:124)
	at junit.framework.TestResult.run(TestResult.java:109)
	at junit.framework.TestCase.run(TestCase.java:118)
	at junit.framework.TestSuite.runTest(TestSuite.java:208)
	at junit.framework.TestSuite.run(TestSuite.java:203)
	at org.eclipse.jdt.internal.junit.runner.RemoteTestRunner.runTests(RemoteTestRunner.java:421)
	at org.eclipse.jdt.internal.junit.runner.RemoteTestRunner.run(RemoteTestRunner.java:305)
	at org.eclipse.jdt.internal.junit.runner.RemoteTestRunner.main(RemoteTestRunner.java:186)
]
2004-11-01 02:59:42  Message [Metadata Meta Parsing Error]
					 Exception [org.eclipse.birt.report.model.util.XMLParserException: The parse completed, but recoverable errors occurred.
	at org.eclipse.birt.report.model.metadata.MetaDataHandler.endDocument(MetaDataHandler.java:101)
	at org.apache.crimson.parser.Parser2.parseInternal(Parser2.java:642)
	at org.apache.crimson.parser.Parser2.parse(Parser2.java:333)
	at org.apache.crimson.parser.XMLReaderImpl.parse(XMLReaderImpl.java:448)
	at javax.xml.parsers.SAXParser.parse(SAXParser.java:345)
	at javax.xml.parsers.SAXParser.parse(SAXParser.java:143)
	at org.eclipse.birt.report.model.metadata.MetaDataReader.read(MetaDataReader.java:98)
	at org.eclipse.birt.report.model.metadata.MetaLoggerTest.loadMeta(MetaLoggerTest.java:256)
	at org.eclipse.birt.report.model.metadata.MetaLoggerTest.test_NAME_REQUIRED(MetaLoggerTest.java:348)
	at sun.reflect.NativeMethodAccessorImpl.invoke0(Native Method)
	at sun.reflect.NativeMethodAccessorImpl.invoke(NativeMethodAccessorImpl.java:39)
	at sun.reflect.DelegatingMethodAccessorImpl.invoke(DelegatingMethodAccessorImpl.java:25)
	at java.lang.reflect.Method.invoke(Method.java:324)
	at junit.framework.TestCase.runTest(TestCase.java:154)
	at junit.framework.TestCase.runBare(TestCase.java:127)
	at junit.framework.TestResult$1.protect(TestResult.java:106)
	at junit.framework.TestResult.runProtected(TestResult.java:124)
	at junit.framework.TestResult.run(TestResult.java:109)
	at junit.framework.TestCase.run(TestCase.java:118)
	at junit.framework.TestSuite.runTest(TestSuite.java:208)
	at junit.framework.TestSuite.run(TestSuite.java:203)
	at org.eclipse.jdt.internal.junit.runner.RemoteTestRunner.runTests(RemoteTestRunner.java:421)
	at org.eclipse.jdt.internal.junit.runner.RemoteTestRunner.run(RemoteTestRunner.java:305)
	at org.eclipse.jdt.internal.junit.runner.RemoteTestRunner.main(RemoteTestRunner.java:186)
]
