2004-10-29 10:56:16  Message [Line Number:1478 Error Code:BUILD_FAILED Exception:org.eclipse.birt.report.model.metadata.MetaDataException: Message:Duplicate style names when adding the predefined style [group-header-1] to the meta-data dictionary. Error code:DUPLICATE_STYLE_NAME  ]
					 Exception [org.eclipse.birt.report.model.metadata.MetaDataException: Message:Duplicate style names when adding the predefined style [group-header-1] to the meta-data dictionary. Error code:DUPLICATE_STYLE_NAME 
	at org.eclipse.birt.report.model.metadata.MetaDataHandler$StyleState.parseAttrs(MetaDataHandler.java:228)
	at org.eclipse.birt.report.model.util.XMLParserHandler.startElement(XMLParserHandler.java:174)
	at org.apache.crimson.parser.Parser2.maybeElement(Unknown Source)
	at org.apache.crimson.parser.Parser2.content(Unknown Source)
	at org.apache.crimson.parser.Parser2.maybeElement(Unknown Source)
	at org.apache.crimson.parser.Parser2.parseInternal(Unknown Source)
	at org.apache.crimson.parser.Parser2.parse(Unknown Source)
	at org.apache.crimson.parser.XMLReaderImpl.parse(Unknown Source)
	at javax.xml.parsers.SAXParser.parse(Unknown Source)
	at javax.xml.parsers.SAXParser.parse(Unknown Source)
	at org.eclipse.birt.report.model.metadata.MetaDataReader.read(MetaDataReader.java:98)
	at org.eclipse.birt.report.model.metadata.MetaLoggerTest.loadMeta(MetaLoggerTest.java:240)
	at org.eclipse.birt.report.model.metadata.MetaLoggerTest.test_DUPLICATE_STYLE_NAME(MetaLoggerTest.java:782)
	at sun.reflect.NativeMethodAccessorImpl.invoke0(Native Method)
	at sun.reflect.NativeMethodAccessorImpl.invoke(Unknown Source)
	at sun.reflect.DelegatingMethodAccessorImpl.invoke(Unknown Source)
	at java.lang.reflect.Method.invoke(Unknown Source)
	at junit.framework.TestCase.runTest(TestCase.java:154)
	at junit.framework.TestCase.runBare(TestCase.java:127)
	at junit.framework.TestResult$1.protect(TestResult.java:106)
	at junit.framework.TestResult.runProtected(TestResult.java:124)
	at junit.framework.TestResult.run(TestResult.java:109)
	at junit.framework.TestCase.run(TestCase.java:118)
	at junit.framework.TestSuite.runTest(TestSuite.java:208)
	at junit.framework.TestSuite.run(TestSuite.java:203)
	at org.eclipse.jdt.internal.junit.runner.RemoteTestRunner.runTests(RemoteTestRunner.java:421)
	at org.eclipse.jdt.internal.junit.runner.RemoteTestRunner.run(RemoteTestRunner.java:305)
	at org.eclipse.jdt.internal.junit.runner.RemoteTestRunner.main(RemoteTestRunner.java:186)
]
