2004-09-30 02:47:16  Message [Line Number:464 Error Code:GROUP_NAME_ID_REQUIRED ]
					 Exception [org.eclipse.birt.report.model.metadata.MetaDataReaderException: Line Number:464 Error Code:GROUP_NAME_ID_REQUIRED 
	at org.eclipse.birt.report.model.metadata.MetaDataHandler$PropertyGroupState.parseAttrs(MetaDataHandler.java:514)
	at org.eclipse.birt.report.model.util.XMLParserHandler.startElement(XMLParserHandler.java:174)
	at org.apache.crimson.parser.Parser2.maybeElement(Unknown Source)
	at org.apache.crimson.parser.Parser2.content(Unknown Source)
	at org.apache.crimson.parser.Parser2.maybeElement(Unknown Source)
	at org.apache.crimson.parser.Parser2.content(Unknown Source)
	at org.apache.crimson.parser.Parser2.maybeElement(Unknown Source)
	at org.apache.crimson.parser.Parser2.parseInternal(Unknown Source)
	at org.apache.crimson.parser.Parser2.parse(Unknown Source)
	at org.apache.crimson.parser.XMLReaderImpl.parse(Unknown Source)
	at javax.xml.parsers.SAXParser.parse(Unknown Source)
	at javax.xml.parsers.SAXParser.parse(Unknown Source)
	at org.eclipse.birt.report.model.metadata.MetaDataReader.read(MetaDataReader.java:86)
	at org.eclipse.birt.report.model.metadata.MetaLoggerTest.loadMeta(MetaLoggerTest.java:166)
	at org.eclipse.birt.report.model.metadata.MetaLoggerTest.test_GROUP_NAME_ID_REQUIRED(MetaLoggerTest.java:472)
	at sun.reflect.NativeMethodAccessorImpl.invoke0(Native Method)
	at sun.reflect.NativeMethodAccessorImpl.invoke(Unknown Source)
	at sun.reflect.DelegatingMethodAccessorImpl.invoke(Unknown Source)
	at java.lang.reflect.Method.invoke(Unknown Source)
	at junit.framework.TestCase.runTest(TestCase.java:154)
	at junit.framework.TestCase.runBare(TestCase.java:127)
	at junit.framework.TestResult$1.protect(TestResult.java:106)
	at junit.framework.TestResult.runProtected(TestResult.java:124)
	at junit.framework.TestResult.run(TestResult.java:109)
	at junit.framework.TestCase.run(TestCase.java:118)
	at junit.framework.TestSuite.runTest(TestSuite.java:208)
	at junit.framework.TestSuite.run(TestSuite.java:203)
	at org.eclipse.jdt.internal.junit.runner.RemoteTestRunner.runTests(RemoteTestRunner.java:421)
	at org.eclipse.jdt.internal.junit.runner.RemoteTestRunner.run(RemoteTestRunner.java:305)
	at org.eclipse.jdt.internal.junit.runner.RemoteTestRunner.main(RemoteTestRunner.java:186)
]
2004-09-30 02:47:16  Message [Line Number:284 Error Code:INVALID_CHOICE_TYPE ]
					 Exception [org.eclipse.birt.report.model.metadata.MetaDataReaderException: Line Number:284 Error Code:INVALID_CHOICE_TYPE 
	at org.eclipse.birt.report.model.metadata.MetaDataHandler.validateChoiceSet(MetaDataHandler.java:905)
	at org.eclipse.birt.report.model.metadata.MetaDataHandler.access$1(MetaDataHandler.java:899)
	at org.eclipse.birt.report.model.metadata.MetaDataHandler$MemberState.parseAttrs(MetaDataHandler.java:366)
	at org.eclipse.birt.report.model.util.XMLParserHandler.startElement(XMLParserHandler.java:174)
	at org.apache.crimson.parser.Parser2.maybeElement(Unknown Source)
	at org.apache.crimson.parser.Parser2.content(Unknown Source)
	at org.apache.crimson.parser.Parser2.maybeElement(Unknown Source)
	at org.apache.crimson.parser.Parser2.content(Unknown Source)
	at org.apache.crimson.parser.Parser2.maybeElement(Unknown Source)
	at org.apache.crimson.parser.Parser2.parseInternal(Unknown Source)
	at org.apache.crimson.parser.Parser2.parse(Unknown Source)
	at org.apache.crimson.parser.XMLReaderImpl.parse(Unknown Source)
	at javax.xml.parsers.SAXParser.parse(Unknown Source)
	at javax.xml.parsers.SAXParser.parse(Unknown Source)
	at org.eclipse.birt.report.model.metadata.MetaDataReader.read(MetaDataReader.java:86)
	at org.eclipse.birt.report.model.metadata.MetaLoggerTest.loadMeta(MetaLoggerTest.java:166)
	at org.eclipse.birt.report.model.metadata.MetaLoggerTest.test_INVALID_CHOICE_TYPE(MetaLoggerTest.java:494)
	at sun.reflect.NativeMethodAccessorImpl.invoke0(Native Method)
	at sun.reflect.NativeMethodAccessorImpl.invoke(Unknown Source)
	at sun.reflect.DelegatingMethodAccessorImpl.invoke(Unknown Source)
	at java.lang.reflect.Method.invoke(Unknown Source)
	at junit.framework.TestCase.runTest(TestCase.java:154)
	at junit.framework.TestCase.runBare(TestCase.java:127)
	at junit.framework.TestResult$1.protect(TestResult.java:106)
	at junit.framework.TestResult.runProtected(TestResult.java:124)
	at junit.framework.TestResult.run(TestResult.java:109)
	at junit.framework.TestCase.run(TestCase.java:118)
	at junit.framework.TestSuite.runTest(TestSuite.java:208)
	at junit.framework.TestSuite.run(TestSuite.java:203)
	at org.eclipse.jdt.internal.junit.runner.RemoteTestRunner.runTests(RemoteTestRunner.java:421)
	at org.eclipse.jdt.internal.junit.runner.RemoteTestRunner.run(RemoteTestRunner.java:305)
	at org.eclipse.jdt.internal.junit.runner.RemoteTestRunner.main(RemoteTestRunner.java:186)
]
2004-09-30 02:47:16  Message [Line Number:351 Error Code:INVALID_CHOICE_TYPE ]
					 Exception [org.eclipse.birt.report.model.metadata.MetaDataReaderException: Line Number:351 Error Code:INVALID_CHOICE_TYPE 
	at org.eclipse.birt.report.model.metadata.MetaDataHandler.validateChoiceSet(MetaDataHandler.java:905)
	at org.eclipse.birt.report.model.metadata.MetaDataHandler.access$1(MetaDataHandler.java:899)
	at org.eclipse.birt.report.model.metadata.MetaDataHandler$PropertyState.parseAttrs(MetaDataHandler.java:616)
	at org.eclipse.birt.report.model.util.XMLParserHandler.startElement(XMLParserHandler.java:174)
	at org.apache.crimson.parser.Parser2.maybeElement(Unknown Source)
	at org.apache.crimson.parser.Parser2.content(Unknown Source)
	at org.apache.crimson.parser.Parser2.maybeElement(Unknown Source)
	at org.apache.crimson.parser.Parser2.content(Unknown Source)
	at org.apache.crimson.parser.Parser2.maybeElement(Unknown Source)
	at org.apache.crimson.parser.Parser2.parseInternal(Unknown Source)
	at org.apache.crimson.parser.Parser2.parse(Unknown Source)
	at org.apache.crimson.parser.XMLReaderImpl.parse(Unknown Source)
	at javax.xml.parsers.SAXParser.parse(Unknown Source)
	at javax.xml.parsers.SAXParser.parse(Unknown Source)
	at org.eclipse.birt.report.model.metadata.MetaDataReader.read(MetaDataReader.java:86)
	at org.eclipse.birt.report.model.metadata.MetaLoggerTest.loadMeta(MetaLoggerTest.java:166)
	at org.eclipse.birt.report.model.metadata.MetaLoggerTest.test_INVALID_CHOICE_TYPE(MetaLoggerTest.java:494)
	at sun.reflect.NativeMethodAccessorImpl.invoke0(Native Method)
	at sun.reflect.NativeMethodAccessorImpl.invoke(Unknown Source)
	at sun.reflect.DelegatingMethodAccessorImpl.invoke(Unknown Source)
	at java.lang.reflect.Method.invoke(Unknown Source)
	at junit.framework.TestCase.runTest(TestCase.java:154)
	at junit.framework.TestCase.runBare(TestCase.java:127)
	at junit.framework.TestResult$1.protect(TestResult.java:106)
	at junit.framework.TestResult.runProtected(TestResult.java:124)
	at junit.framework.TestResult.run(TestResult.java:109)
	at junit.framework.TestCase.run(TestCase.java:118)
	at junit.framework.TestSuite.runTest(TestSuite.java:208)
	at junit.framework.TestSuite.run(TestSuite.java:203)
	at org.eclipse.jdt.internal.junit.runner.RemoteTestRunner.runTests(RemoteTestRunner.java:421)
	at org.eclipse.jdt.internal.junit.runner.RemoteTestRunner.run(RemoteTestRunner.java:305)
	at org.eclipse.jdt.internal.junit.runner.RemoteTestRunner.main(RemoteTestRunner.java:186)
]
2004-09-30 02:47:16  Message [Line Number:277 Error Code:CHOICE_TYPE_REQUIRED ]
					 Exception [org.eclipse.birt.report.model.metadata.MetaDataReaderException: Line Number:277 Error Code:CHOICE_TYPE_REQUIRED 
	at org.eclipse.birt.report.model.metadata.MetaDataHandler$MemberState.parseAttrs(MetaDataHandler.java:362)
	at org.eclipse.birt.report.model.util.XMLParserHandler.startElement(XMLParserHandler.java:174)
	at org.apache.crimson.parser.Parser2.maybeElement(Unknown Source)
	at org.apache.crimson.parser.Parser2.content(Unknown Source)
	at org.apache.crimson.parser.Parser2.maybeElement(Unknown Source)
	at org.apache.crimson.parser.Parser2.content(Unknown Source)
	at org.apache.crimson.parser.Parser2.maybeElement(Unknown Source)
	at org.apache.crimson.parser.Parser2.parseInternal(Unknown Source)
	at org.apache.crimson.parser.Parser2.parse(Unknown Source)
	at org.apache.crimson.parser.XMLReaderImpl.parse(Unknown Source)
	at javax.xml.parsers.SAXParser.parse(Unknown Source)
	at javax.xml.parsers.SAXParser.parse(Unknown Source)
	at org.eclipse.birt.report.model.metadata.MetaDataReader.read(MetaDataReader.java:86)
	at org.eclipse.birt.report.model.metadata.MetaLoggerTest.loadMeta(MetaLoggerTest.java:166)
	at org.eclipse.birt.report.model.metadata.MetaLoggerTest.test_CHOICE_TYPE_REQUIRED(MetaLoggerTest.java:515)
	at sun.reflect.NativeMethodAccessorImpl.invoke0(Native Method)
	at sun.reflect.NativeMethodAccessorImpl.invoke(Unknown Source)
	at sun.reflect.DelegatingMethodAccessorImpl.invoke(Unknown Source)
	at java.lang.reflect.Method.invoke(Unknown Source)
	at junit.framework.TestCase.runTest(TestCase.java:154)
	at junit.framework.TestCase.runBare(TestCase.java:127)
	at junit.framework.TestResult$1.protect(TestResult.java:106)
	at junit.framework.TestResult.runProtected(TestResult.java:124)
	at junit.framework.TestResult.run(TestResult.java:109)
	at junit.framework.TestCase.run(TestCase.java:118)
	at junit.framework.TestSuite.runTest(TestSuite.java:208)
	at junit.framework.TestSuite.run(TestSuite.java:203)
	at org.eclipse.jdt.internal.junit.runner.RemoteTestRunner.runTests(RemoteTestRunner.java:421)
	at org.eclipse.jdt.internal.junit.runner.RemoteTestRunner.run(RemoteTestRunner.java:305)
	at org.eclipse.jdt.internal.junit.runner.RemoteTestRunner.main(RemoteTestRunner.java:186)
]
2004-09-30 02:47:16  Message [Line Number:351 Error Code:CHOICE_TYPE_REQUIRED ]
					 Exception [org.eclipse.birt.report.model.metadata.MetaDataReaderException: Line Number:351 Error Code:CHOICE_TYPE_REQUIRED 
	at org.eclipse.birt.report.model.metadata.MetaDataHandler$PropertyState.parseAttrs(MetaDataHandler.java:613)
	at org.eclipse.birt.report.model.util.XMLParserHandler.startElement(XMLParserHandler.java:174)
	at org.apache.crimson.parser.Parser2.maybeElement(Unknown Source)
	at org.apache.crimson.parser.Parser2.content(Unknown Source)
	at org.apache.crimson.parser.Parser2.maybeElement(Unknown Source)
	at org.apache.crimson.parser.Parser2.content(Unknown Source)
	at org.apache.crimson.parser.Parser2.maybeElement(Unknown Source)
	at org.apache.crimson.parser.Parser2.parseInternal(Unknown Source)
	at org.apache.crimson.parser.Parser2.parse(Unknown Source)
	at org.apache.crimson.parser.XMLReaderImpl.parse(Unknown Source)
	at javax.xml.parsers.SAXParser.parse(Unknown Source)
	at javax.xml.parsers.SAXParser.parse(Unknown Source)
	at org.eclipse.birt.report.model.metadata.MetaDataReader.read(MetaDataReader.java:86)
	at org.eclipse.birt.report.model.metadata.MetaLoggerTest.loadMeta(MetaLoggerTest.java:166)
	at org.eclipse.birt.report.model.metadata.MetaLoggerTest.test_CHOICE_TYPE_REQUIRED(MetaLoggerTest.java:515)
	at sun.reflect.NativeMethodAccessorImpl.invoke0(Native Method)
	at sun.reflect.NativeMethodAccessorImpl.invoke(Unknown Source)
	at sun.reflect.DelegatingMethodAccessorImpl.invoke(Unknown Source)
	at java.lang.reflect.Method.invoke(Unknown Source)
	at junit.framework.TestCase.runTest(TestCase.java:154)
	at junit.framework.TestCase.runBare(TestCase.java:127)
	at junit.framework.TestResult$1.protect(TestResult.java:106)
	at junit.framework.TestResult.runProtected(TestResult.java:124)
	at junit.framework.TestResult.run(TestResult.java:109)
	at junit.framework.TestCase.run(TestCase.java:118)
	at junit.framework.TestSuite.runTest(TestSuite.java:208)
	at junit.framework.TestSuite.run(TestSuite.java:203)
	at org.eclipse.jdt.internal.junit.runner.RemoteTestRunner.runTests(RemoteTestRunner.java:421)
	at org.eclipse.jdt.internal.junit.runner.RemoteTestRunner.run(RemoteTestRunner.java:305)
	at org.eclipse.jdt.internal.junit.runner.RemoteTestRunner.main(RemoteTestRunner.java:186)
]
2004-09-30 02:47:16  Message [Line Number:369 Error Code:STRUCT_TYPE_REQUIRED ]
					 Exception [org.eclipse.birt.report.model.metadata.MetaDataReaderException: Line Number:369 Error Code:STRUCT_TYPE_REQUIRED 
	at org.eclipse.birt.report.model.metadata.MetaDataHandler$PropertyState.parseAttrs(MetaDataHandler.java:634)
	at org.eclipse.birt.report.model.util.XMLParserHandler.startElement(XMLParserHandler.java:174)
	at org.apache.crimson.parser.Parser2.maybeElement(Unknown Source)
	at org.apache.crimson.parser.Parser2.content(Unknown Source)
	at org.apache.crimson.parser.Parser2.maybeElement(Unknown Source)
	at org.apache.crimson.parser.Parser2.content(Unknown Source)
	at org.apache.crimson.parser.Parser2.maybeElement(Unknown Source)
	at org.apache.crimson.parser.Parser2.parseInternal(Unknown Source)
	at org.apache.crimson.parser.Parser2.parse(Unknown Source)
	at org.apache.crimson.parser.XMLReaderImpl.parse(Unknown Source)
	at javax.xml.parsers.SAXParser.parse(Unknown Source)
	at javax.xml.parsers.SAXParser.parse(Unknown Source)
	at org.eclipse.birt.report.model.metadata.MetaDataReader.read(MetaDataReader.java:86)
	at org.eclipse.birt.report.model.metadata.MetaLoggerTest.loadMeta(MetaLoggerTest.java:166)
	at org.eclipse.birt.report.model.metadata.MetaLoggerTest.test_CHOICE_TYPE_REQUIRED(MetaLoggerTest.java:515)
	at sun.reflect.NativeMethodAccessorImpl.invoke0(Native Method)
	at sun.reflect.NativeMethodAccessorImpl.invoke(Unknown Source)
	at sun.reflect.DelegatingMethodAccessorImpl.invoke(Unknown Source)
	at java.lang.reflect.Method.invoke(Unknown Source)
	at junit.framework.TestCase.runTest(TestCase.java:154)
	at junit.framework.TestCase.runBare(TestCase.java:127)
	at junit.framework.TestResult$1.protect(TestResult.java:106)
	at junit.framework.TestResult.runProtected(TestResult.java:124)
	at junit.framework.TestResult.run(TestResult.java:109)
	at junit.framework.TestCase.run(TestCase.java:118)
	at junit.framework.TestSuite.runTest(TestSuite.java:208)
	at junit.framework.TestSuite.run(TestSuite.java:203)
	at org.eclipse.jdt.internal.junit.runner.RemoteTestRunner.runTests(RemoteTestRunner.java:421)
	at org.eclipse.jdt.internal.junit.runner.RemoteTestRunner.run(RemoteTestRunner.java:305)
	at org.eclipse.jdt.internal.junit.runner.RemoteTestRunner.main(RemoteTestRunner.java:186)
]
2004-09-30 02:47:17  Message [Line Number:369 Error Code:STRUCT_TYPE_REQUIRED ]
					 Exception [org.eclipse.birt.report.model.metadata.MetaDataReaderException: Line Number:369 Error Code:STRUCT_TYPE_REQUIRED 
	at org.eclipse.birt.report.model.metadata.MetaDataHandler$PropertyState.parseAttrs(MetaDataHandler.java:634)
	at org.eclipse.birt.report.model.util.XMLParserHandler.startElement(XMLParserHandler.java:174)
	at org.apache.crimson.parser.Parser2.maybeElement(Unknown Source)
	at org.apache.crimson.parser.Parser2.content(Unknown Source)
	at org.apache.crimson.parser.Parser2.maybeElement(Unknown Source)
	at org.apache.crimson.parser.Parser2.content(Unknown Source)
	at org.apache.crimson.parser.Parser2.maybeElement(Unknown Source)
	at org.apache.crimson.parser.Parser2.parseInternal(Unknown Source)
	at org.apache.crimson.parser.Parser2.parse(Unknown Source)
	at org.apache.crimson.parser.XMLReaderImpl.parse(Unknown Source)
	at javax.xml.parsers.SAXParser.parse(Unknown Source)
	at javax.xml.parsers.SAXParser.parse(Unknown Source)
	at org.eclipse.birt.report.model.metadata.MetaDataReader.read(MetaDataReader.java:86)
	at org.eclipse.birt.report.model.metadata.MetaLoggerTest.loadMeta(MetaLoggerTest.java:166)
	at org.eclipse.birt.report.model.metadata.MetaLoggerTest.test_STRUCT_TYPE_REQUIRED(MetaLoggerTest.java:540)
	at sun.reflect.NativeMethodAccessorImpl.invoke0(Native Method)
	at sun.reflect.NativeMethodAccessorImpl.invoke(Unknown Source)
	at sun.reflect.DelegatingMethodAccessorImpl.invoke(Unknown Source)
	at java.lang.reflect.Method.invoke(Unknown Source)
	at junit.framework.TestCase.runTest(TestCase.java:154)
	at junit.framework.TestCase.runBare(TestCase.java:127)
	at junit.framework.TestResult$1.protect(TestResult.java:106)
	at junit.framework.TestResult.runProtected(TestResult.java:124)
	at junit.framework.TestResult.run(TestResult.java:109)
	at junit.framework.TestCase.run(TestCase.java:118)
	at junit.framework.TestSuite.runTest(TestSuite.java:208)
	at junit.framework.TestSuite.run(TestSuite.java:203)
	at org.eclipse.jdt.internal.junit.runner.RemoteTestRunner.runTests(RemoteTestRunner.java:421)
	at org.eclipse.jdt.internal.junit.runner.RemoteTestRunner.run(RemoteTestRunner.java:305)
	at org.eclipse.jdt.internal.junit.runner.RemoteTestRunner.main(RemoteTestRunner.java:186)
]
2004-09-30 02:47:17  Message [Line Number:369 Error Code:INVALID_STRUCT_TYPE ]
					 Exception [org.eclipse.birt.report.model.metadata.MetaDataReaderException: Line Number:369 Error Code:INVALID_STRUCT_TYPE 
	at org.eclipse.birt.report.model.metadata.MetaDataHandler$PropertyState.parseAttrs(MetaDataHandler.java:641)
	at org.eclipse.birt.report.model.util.XMLParserHandler.startElement(XMLParserHandler.java:174)
	at org.apache.crimson.parser.Parser2.maybeElement(Unknown Source)
	at org.apache.crimson.parser.Parser2.content(Unknown Source)
	at org.apache.crimson.parser.Parser2.maybeElement(Unknown Source)
	at org.apache.crimson.parser.Parser2.content(Unknown Source)
	at org.apache.crimson.parser.Parser2.maybeElement(Unknown Source)
	at org.apache.crimson.parser.Parser2.parseInternal(Unknown Source)
	at org.apache.crimson.parser.Parser2.parse(Unknown Source)
	at org.apache.crimson.parser.XMLReaderImpl.parse(Unknown Source)
	at javax.xml.parsers.SAXParser.parse(Unknown Source)
	at javax.xml.parsers.SAXParser.parse(Unknown Source)
	at org.eclipse.birt.report.model.metadata.MetaDataReader.read(MetaDataReader.java:86)
	at org.eclipse.birt.report.model.metadata.MetaLoggerTest.loadMeta(MetaLoggerTest.java:166)
	at org.eclipse.birt.report.model.metadata.MetaLoggerTest.test_INVALID_STRUCT_TYPE(MetaLoggerTest.java:568)
	at sun.reflect.NativeMethodAccessorImpl.invoke0(Native Method)
	at sun.reflect.NativeMethodAccessorImpl.invoke(Unknown Source)
	at sun.reflect.DelegatingMethodAccessorImpl.invoke(Unknown Source)
	at java.lang.reflect.Method.invoke(Unknown Source)
	at junit.framework.TestCase.runTest(TestCase.java:154)
	at junit.framework.TestCase.runBare(TestCase.java:127)
	at junit.framework.TestResult$1.protect(TestResult.java:106)
	at junit.framework.TestResult.runProtected(TestResult.java:124)
	at junit.framework.TestResult.run(TestResult.java:109)
	at junit.framework.TestCase.run(TestCase.java:118)
	at junit.framework.TestSuite.runTest(TestSuite.java:208)
	at junit.framework.TestSuite.run(TestSuite.java:203)
	at org.eclipse.jdt.internal.junit.runner.RemoteTestRunner.runTests(RemoteTestRunner.java:421)
	at org.eclipse.jdt.internal.junit.runner.RemoteTestRunner.run(RemoteTestRunner.java:305)
	at org.eclipse.jdt.internal.junit.runner.RemoteTestRunner.main(RemoteTestRunner.java:186)
]
2004-09-30 02:47:17  Message [Line Number:435 Error Code:ELEMENT_REF_TYPE_REQUIRED ]
					 Exception [org.eclipse.birt.report.model.metadata.MetaDataReaderException: Line Number:435 Error Code:ELEMENT_REF_TYPE_REQUIRED 
	at org.eclipse.birt.report.model.metadata.MetaDataHandler$PropertyState.parseAttrs(MetaDataHandler.java:650)
	at org.eclipse.birt.report.model.util.XMLParserHandler.startElement(XMLParserHandler.java:174)
	at org.apache.crimson.parser.Parser2.maybeElement(Unknown Source)
	at org.apache.crimson.parser.Parser2.content(Unknown Source)
	at org.apache.crimson.parser.Parser2.maybeElement(Unknown Source)
	at org.apache.crimson.parser.Parser2.content(Unknown Source)
	at org.apache.crimson.parser.Parser2.maybeElement(Unknown Source)
	at org.apache.crimson.parser.Parser2.parseInternal(Unknown Source)
	at org.apache.crimson.parser.Parser2.parse(Unknown Source)
	at org.apache.crimson.parser.XMLReaderImpl.parse(Unknown Source)
	at javax.xml.parsers.SAXParser.parse(Unknown Source)
	at javax.xml.parsers.SAXParser.parse(Unknown Source)
	at org.eclipse.birt.report.model.metadata.MetaDataReader.read(MetaDataReader.java:86)
	at org.eclipse.birt.report.model.metadata.MetaLoggerTest.loadMeta(MetaLoggerTest.java:166)
	at org.eclipse.birt.report.model.metadata.MetaLoggerTest.test_ELEMENT_REF_TYPE_REQUIRED(MetaLoggerTest.java:591)
	at sun.reflect.NativeMethodAccessorImpl.invoke0(Native Method)
	at sun.reflect.NativeMethodAccessorImpl.invoke(Unknown Source)
	at sun.reflect.DelegatingMethodAccessorImpl.invoke(Unknown Source)
	at java.lang.reflect.Method.invoke(Unknown Source)
	at junit.framework.TestCase.runTest(TestCase.java:154)
	at junit.framework.TestCase.runBare(TestCase.java:127)
	at junit.framework.TestResult$1.protect(TestResult.java:106)
	at junit.framework.TestResult.runProtected(TestResult.java:124)
	at junit.framework.TestResult.run(TestResult.java:109)
	at junit.framework.TestCase.run(TestCase.java:118)
	at junit.framework.TestSuite.runTest(TestSuite.java:208)
	at junit.framework.TestSuite.run(TestSuite.java:203)
	at org.eclipse.jdt.internal.junit.runner.RemoteTestRunner.runTests(RemoteTestRunner.java:421)
	at org.eclipse.jdt.internal.junit.runner.RemoteTestRunner.run(RemoteTestRunner.java:305)
	at org.eclipse.jdt.internal.junit.runner.RemoteTestRunner.main(RemoteTestRunner.java:186)
]
2004-09-30 02:47:17  Message [Line Number:1080 Error Code:BUILD_FAILED Exception:org.eclipse.birt.report.model.metadata.MetaDataException: Message:Duplicate style name when adding the predefined style [group-header-1]. Error code:DUPLICATE_STYLE_NAME  ]
					 Exception [org.eclipse.birt.report.model.metadata.MetaDataException: Message:Duplicate style name when adding the predefined style [group-header-1]. Error code:DUPLICATE_STYLE_NAME 
	at org.eclipse.birt.report.model.metadata.MetaDataHandler$StyleState.parseAttrs(MetaDataHandler.java:227)
	at org.eclipse.birt.report.model.util.XMLParserHandler.startElement(XMLParserHandler.java:174)
	at org.apache.crimson.parser.Parser2.maybeElement(Unknown Source)
	at org.apache.crimson.parser.Parser2.content(Unknown Source)
	at org.apache.crimson.parser.Parser2.maybeElement(Unknown Source)
	at org.apache.crimson.parser.Parser2.parseInternal(Unknown Source)
	at org.apache.crimson.parser.Parser2.parse(Unknown Source)
	at org.apache.crimson.parser.XMLReaderImpl.parse(Unknown Source)
	at javax.xml.parsers.SAXParser.parse(Unknown Source)
	at javax.xml.parsers.SAXParser.parse(Unknown Source)
	at org.eclipse.birt.report.model.metadata.MetaDataReader.read(MetaDataReader.java:86)
	at org.eclipse.birt.report.model.metadata.MetaLoggerTest.loadMeta(MetaLoggerTest.java:166)
	at org.eclipse.birt.report.model.metadata.MetaLoggerTest.test_DUPLICATE_STYLE_NAME(MetaLoggerTest.java:704)
	at sun.reflect.NativeMethodAccessorImpl.invoke0(Native Method)
	at sun.reflect.NativeMethodAccessorImpl.invoke(Unknown Source)
	at sun.reflect.DelegatingMethodAccessorImpl.invoke(Unknown Source)
	at java.lang.reflect.Method.invoke(Unknown Source)
	at junit.framework.TestCase.runTest(TestCase.java:154)
	at junit.framework.TestCase.runBare(TestCase.java:127)
	at junit.framework.TestResult$1.protect(TestResult.java:106)
	at junit.framework.TestResult.runProtected(TestResult.java:124)
	at junit.framework.TestResult.run(TestResult.java:109)
	at junit.framework.TestCase.run(TestCase.java:118)
	at junit.framework.TestSuite.runTest(TestSuite.java:208)
	at junit.framework.TestSuite.run(TestSuite.java:203)
	at org.eclipse.jdt.internal.junit.runner.RemoteTestRunner.runTests(RemoteTestRunner.java:421)
	at org.eclipse.jdt.internal.junit.runner.RemoteTestRunner.run(RemoteTestRunner.java:305)
	at org.eclipse.jdt.internal.junit.runner.RemoteTestRunner.main(RemoteTestRunner.java:186)
]
2004-09-30 02:47:17  Message [Line Number:1032 Error Code:BUILD_FAILED Exception:org.eclipse.birt.report.model.metadata.MetaDataException: Message:Missing Style element. Error code:STYLE_TYPE_MISSING  ]
					 Exception [org.eclipse.birt.report.model.metadata.MetaDataException: Message:Missing Style element. Error code:STYLE_TYPE_MISSING 
	at org.eclipse.birt.report.model.metadata.MetaDataHandler.endDocument(MetaDataHandler.java:104)
	at org.apache.crimson.parser.Parser2.parseInternal(Unknown Source)
	at org.apache.crimson.parser.Parser2.parse(Unknown Source)
	at org.apache.crimson.parser.XMLReaderImpl.parse(Unknown Source)
	at javax.xml.parsers.SAXParser.parse(Unknown Source)
	at javax.xml.parsers.SAXParser.parse(Unknown Source)
	at org.eclipse.birt.report.model.metadata.MetaDataReader.read(MetaDataReader.java:86)
	at org.eclipse.birt.report.model.metadata.MetaLoggerTest.loadMeta(MetaLoggerTest.java:166)
	at org.eclipse.birt.report.model.metadata.MetaLoggerTest.test_STYLE_TYPE_MISSING(MetaLoggerTest.java:738)
	at sun.reflect.NativeMethodAccessorImpl.invoke0(Native Method)
	at sun.reflect.NativeMethodAccessorImpl.invoke(Unknown Source)
	at sun.reflect.DelegatingMethodAccessorImpl.invoke(Unknown Source)
	at java.lang.reflect.Method.invoke(Unknown Source)
	at junit.framework.TestCase.runTest(TestCase.java:154)
	at junit.framework.TestCase.runBare(TestCase.java:127)
	at junit.framework.TestResult$1.protect(TestResult.java:106)
	at junit.framework.TestResult.runProtected(TestResult.java:124)
	at junit.framework.TestResult.run(TestResult.java:109)
	at junit.framework.TestCase.run(TestCase.java:118)
	at junit.framework.TestSuite.runTest(TestSuite.java:208)
	at junit.framework.TestSuite.run(TestSuite.java:203)
	at org.eclipse.jdt.internal.junit.runner.RemoteTestRunner.runTests(RemoteTestRunner.java:421)
	at org.eclipse.jdt.internal.junit.runner.RemoteTestRunner.run(RemoteTestRunner.java:305)
	at org.eclipse.jdt.internal.junit.runner.RemoteTestRunner.main(RemoteTestRunner.java:186)
]
2004-09-30 02:47:17  Message [Line Number:347 Error Code:BUILD_FAILED Exception:org.eclipse.birt.report.model.metadata.MetaDataException: Message:Duplicate property name [author] when adding the property to element [ReportDesign]. Error code:DUPLICATE_PROPERTY  ]
					 Exception [org.eclipse.birt.report.model.metadata.MetaDataException: Message:Duplicate property name [author] when adding the property to element [ReportDesign]. Error code:DUPLICATE_PROPERTY 
	at org.eclipse.birt.report.model.metadata.MetaDataHandler$PropertyState.parseAttrs(MetaDataHandler.java:687)
	at org.eclipse.birt.report.model.util.XMLParserHandler.startElement(XMLParserHandler.java:174)
	at org.apache.crimson.parser.Parser2.maybeElement(Unknown Source)
	at org.apache.crimson.parser.Parser2.content(Unknown Source)
	at org.apache.crimson.parser.Parser2.maybeElement(Unknown Source)
	at org.apache.crimson.parser.Parser2.content(Unknown Source)
	at org.apache.crimson.parser.Parser2.maybeElement(Unknown Source)
	at org.apache.crimson.parser.Parser2.parseInternal(Unknown Source)
	at org.apache.crimson.parser.Parser2.parse(Unknown Source)
	at org.apache.crimson.parser.XMLReaderImpl.parse(Unknown Source)
	at javax.xml.parsers.SAXParser.parse(Unknown Source)
	at javax.xml.parsers.SAXParser.parse(Unknown Source)
	at org.eclipse.birt.report.model.metadata.MetaDataReader.read(MetaDataReader.java:86)
	at org.eclipse.birt.report.model.metadata.MetaLoggerTest.loadMeta(MetaLoggerTest.java:166)
	at org.eclipse.birt.report.model.metadata.MetaLoggerTest.test_DUPLICATE_PROPERTY(MetaLoggerTest.java:751)
	at sun.reflect.NativeMethodAccessorImpl.invoke0(Native Method)
	at sun.reflect.NativeMethodAccessorImpl.invoke(Unknown Source)
	at sun.reflect.DelegatingMethodAccessorImpl.invoke(Unknown Source)
	at java.lang.reflect.Method.invoke(Unknown Source)
	at junit.framework.TestCase.runTest(TestCase.java:154)
	at junit.framework.TestCase.runBare(TestCase.java:127)
	at junit.framework.TestResult$1.protect(TestResult.java:106)
	at junit.framework.TestResult.runProtected(TestResult.java:124)
	at junit.framework.TestResult.run(TestResult.java:109)
	at junit.framework.TestCase.run(TestCase.java:118)
	at junit.framework.TestSuite.runTest(TestSuite.java:208)
	at junit.framework.TestSuite.run(TestSuite.java:203)
	at org.eclipse.jdt.internal.junit.runner.RemoteTestRunner.runTests(RemoteTestRunner.java:421)
	at org.eclipse.jdt.internal.junit.runner.RemoteTestRunner.run(RemoteTestRunner.java:305)
	at org.eclipse.jdt.internal.junit.runner.RemoteTestRunner.main(RemoteTestRunner.java:186)
]
2004-09-30 02:47:17  Message [Line Number:1206 Error Code:BUILD_FAILED Exception:org.eclipse.birt.report.model.metadata.MetaDataException: Message:Parent [none-exsit-parent] for element [ScalarParameter] was not found.  Error code:ELEMENT_PARENT_NOT_FOUND  ]
					 Exception [org.eclipse.birt.report.model.metadata.MetaDataException: Message:Parent [none-exsit-parent] for element [ScalarParameter] was not found.  Error code:ELEMENT_PARENT_NOT_FOUND 
	at org.eclipse.birt.report.model.metadata.MetaDataHandler.endDocument(MetaDataHandler.java:104)
	at org.apache.crimson.parser.Parser2.parseInternal(Unknown Source)
	at org.apache.crimson.parser.Parser2.parse(Unknown Source)
	at org.apache.crimson.parser.XMLReaderImpl.parse(Unknown Source)
	at javax.xml.parsers.SAXParser.parse(Unknown Source)
	at javax.xml.parsers.SAXParser.parse(Unknown Source)
	at org.eclipse.birt.report.model.metadata.MetaDataReader.read(MetaDataReader.java:86)
	at org.eclipse.birt.report.model.metadata.MetaLoggerTest.loadMeta(MetaLoggerTest.java:166)
	at org.eclipse.birt.report.model.metadata.MetaLoggerTest.test_ELEMENT_PARENT_NOT_FOUND(MetaLoggerTest.java:765)
	at sun.reflect.NativeMethodAccessorImpl.invoke0(Native Method)
	at sun.reflect.NativeMethodAccessorImpl.invoke(Unknown Source)
	at sun.reflect.DelegatingMethodAccessorImpl.invoke(Unknown Source)
	at java.lang.reflect.Method.invoke(Unknown Source)
	at junit.framework.TestCase.runTest(TestCase.java:154)
	at junit.framework.TestCase.runBare(TestCase.java:127)
	at junit.framework.TestResult$1.protect(TestResult.java:106)
	at junit.framework.TestResult.runProtected(TestResult.java:124)
	at junit.framework.TestResult.run(TestResult.java:109)
	at junit.framework.TestCase.run(TestCase.java:118)
	at junit.framework.TestSuite.runTest(TestSuite.java:208)
	at junit.framework.TestSuite.run(TestSuite.java:203)
	at org.eclipse.jdt.internal.junit.runner.RemoteTestRunner.runTests(RemoteTestRunner.java:421)
	at org.eclipse.jdt.internal.junit.runner.RemoteTestRunner.run(RemoteTestRunner.java:305)
	at org.eclipse.jdt.internal.junit.runner.RemoteTestRunner.main(RemoteTestRunner.java:186)
]
2004-09-30 02:47:17  Message [Line Number:1208 Error Code:BUILD_FAILED Exception:org.eclipse.birt.report.model.metadata.MetaDataException: Message:Element [DataSource] has Illegal style properties defined on it. Error code:ILLEGAL_STYLE_PROPS  ]
					 Exception [org.eclipse.birt.report.model.metadata.MetaDataException: Message:Element [DataSource] has Illegal style properties defined on it. Error code:ILLEGAL_STYLE_PROPS 
	at org.eclipse.birt.report.model.metadata.MetaDataHandler.endDocument(MetaDataHandler.java:104)
	at org.apache.crimson.parser.Parser2.parseInternal(Unknown Source)
	at org.apache.crimson.parser.Parser2.parse(Unknown Source)
	at org.apache.crimson.parser.XMLReaderImpl.parse(Unknown Source)
	at javax.xml.parsers.SAXParser.parse(Unknown Source)
	at javax.xml.parsers.SAXParser.parse(Unknown Source)
	at org.eclipse.birt.report.model.metadata.MetaDataReader.read(MetaDataReader.java:86)
	at org.eclipse.birt.report.model.metadata.MetaLoggerTest.loadMeta(MetaLoggerTest.java:166)
	at org.eclipse.birt.report.model.metadata.MetaLoggerTest.test_ILLEGAL_STYLE_PROPS(MetaLoggerTest.java:789)
	at sun.reflect.NativeMethodAccessorImpl.invoke0(Native Method)
	at sun.reflect.NativeMethodAccessorImpl.invoke(Unknown Source)
	at sun.reflect.DelegatingMethodAccessorImpl.invoke(Unknown Source)
	at java.lang.reflect.Method.invoke(Unknown Source)
	at junit.framework.TestCase.runTest(TestCase.java:154)
	at junit.framework.TestCase.runBare(TestCase.java:127)
	at junit.framework.TestResult$1.protect(TestResult.java:106)
	at junit.framework.TestResult.runProtected(TestResult.java:124)
	at junit.framework.TestResult.run(TestResult.java:109)
	at junit.framework.TestCase.run(TestCase.java:118)
	at junit.framework.TestSuite.runTest(TestSuite.java:208)
	at junit.framework.TestSuite.run(TestSuite.java:203)
	at org.eclipse.jdt.internal.junit.runner.RemoteTestRunner.runTests(RemoteTestRunner.java:421)
	at org.eclipse.jdt.internal.junit.runner.RemoteTestRunner.run(RemoteTestRunner.java:305)
	at org.eclipse.jdt.internal.junit.runner.RemoteTestRunner.main(RemoteTestRunner.java:186)
]
2004-09-30 02:47:17  Message [Line Number:1207 Error Code:BUILD_FAILED Exception:org.eclipse.birt.report.model.metadata.MetaDataException: Message:Element [MasterPage] has Illegal style properties defined on it. Error code:ILLEGAL_STYLE_PROPS  ]
					 Exception [org.eclipse.birt.report.model.metadata.MetaDataException: Message:Element [MasterPage] has Illegal style properties defined on it. Error code:ILLEGAL_STYLE_PROPS 
	at org.eclipse.birt.report.model.metadata.MetaDataHandler.endDocument(MetaDataHandler.java:104)
	at org.apache.crimson.parser.Parser2.parseInternal(Unknown Source)
	at org.apache.crimson.parser.Parser2.parse(Unknown Source)
	at org.apache.crimson.parser.XMLReaderImpl.parse(Unknown Source)
	at javax.xml.parsers.SAXParser.parse(Unknown Source)
	at javax.xml.parsers.SAXParser.parse(Unknown Source)
	at org.eclipse.birt.report.model.metadata.MetaDataReader.read(MetaDataReader.java:86)
	at org.eclipse.birt.report.model.metadata.MetaLoggerTest.loadMeta(MetaLoggerTest.java:166)
	at org.eclipse.birt.report.model.metadata.MetaLoggerTest.test_ILLEGAL_STYLE_PROPS(MetaLoggerTest.java:793)
	at sun.reflect.NativeMethodAccessorImpl.invoke0(Native Method)
	at sun.reflect.NativeMethodAccessorImpl.invoke(Unknown Source)
	at sun.reflect.DelegatingMethodAccessorImpl.invoke(Unknown Source)
	at java.lang.reflect.Method.invoke(Unknown Source)
	at junit.framework.TestCase.runTest(TestCase.java:154)
	at junit.framework.TestCase.runBare(TestCase.java:127)
	at junit.framework.TestResult$1.protect(TestResult.java:106)
	at junit.framework.TestResult.runProtected(TestResult.java:124)
	at junit.framework.TestResult.run(TestResult.java:109)
	at junit.framework.TestCase.run(TestCase.java:118)
	at junit.framework.TestSuite.runTest(TestSuite.java:208)
	at junit.framework.TestSuite.run(TestSuite.java:203)
	at org.eclipse.jdt.internal.junit.runner.RemoteTestRunner.runTests(RemoteTestRunner.java:421)
	at org.eclipse.jdt.internal.junit.runner.RemoteTestRunner.run(RemoteTestRunner.java:305)
	at org.eclipse.jdt.internal.junit.runner.RemoteTestRunner.main(RemoteTestRunner.java:186)
]
2004-09-30 02:47:17  Message [Line Number:1206 Error Code:BUILD_FAILED Exception:org.eclipse.birt.report.model.metadata.MetaDataException: Message:Element [JdbcDataSource] is abstract, his parent [DataSource] must also be abstract. Error code:ILLEGAL_ABSTRACT_ELEMENT  ]
					 Exception [org.eclipse.birt.report.model.metadata.MetaDataException: Message:Element [JdbcDataSource] is abstract, his parent [DataSource] must also be abstract. Error code:ILLEGAL_ABSTRACT_ELEMENT 
	at org.eclipse.birt.report.model.metadata.MetaDataHandler.endDocument(MetaDataHandler.java:104)
	at org.apache.crimson.parser.Parser2.parseInternal(Unknown Source)
	at org.apache.crimson.parser.Parser2.parse(Unknown Source)
	at org.apache.crimson.parser.XMLReaderImpl.parse(Unknown Source)
	at javax.xml.parsers.SAXParser.parse(Unknown Source)
	at javax.xml.parsers.SAXParser.parse(Unknown Source)
	at org.eclipse.birt.report.model.metadata.MetaDataReader.read(MetaDataReader.java:86)
	at org.eclipse.birt.report.model.metadata.MetaLoggerTest.loadMeta(MetaLoggerTest.java:166)
	at org.eclipse.birt.report.model.metadata.MetaLoggerTest.test_ILLEGAL_ABSTRACT_ELEMENT(MetaLoggerTest.java:810)
	at sun.reflect.NativeMethodAccessorImpl.invoke0(Native Method)
	at sun.reflect.NativeMethodAccessorImpl.invoke(Unknown Source)
	at sun.reflect.DelegatingMethodAccessorImpl.invoke(Unknown Source)
	at java.lang.reflect.Method.invoke(Unknown Source)
	at junit.framework.TestCase.runTest(TestCase.java:154)
	at junit.framework.TestCase.runBare(TestCase.java:127)
	at junit.framework.TestResult$1.protect(TestResult.java:106)
	at junit.framework.TestResult.runProtected(TestResult.java:124)
	at junit.framework.TestResult.run(TestResult.java:109)
	at junit.framework.TestCase.run(TestCase.java:118)
	at junit.framework.TestSuite.runTest(TestSuite.java:208)
	at junit.framework.TestSuite.run(TestSuite.java:203)
	at org.eclipse.jdt.internal.junit.runner.RemoteTestRunner.runTests(RemoteTestRunner.java:421)
	at org.eclipse.jdt.internal.junit.runner.RemoteTestRunner.run(RemoteTestRunner.java:305)
	at org.eclipse.jdt.internal.junit.runner.RemoteTestRunner.main(RemoteTestRunner.java:186)
]
2004-09-30 02:47:17  Message [Line Number:1207 Error Code:BUILD_FAILED Exception:org.eclipse.birt.report.model.metadata.MetaDataException: Message:Style property [none-exsit-styleProperty] for element [Label] was not found. Error code:STYLE_PROP_NOT_FOUND  ]
					 Exception [org.eclipse.birt.report.model.metadata.MetaDataException: Message:Style property [none-exsit-styleProperty] for element [Label] was not found. Error code:STYLE_PROP_NOT_FOUND 
	at org.eclipse.birt.report.model.metadata.MetaDataHandler.endDocument(MetaDataHandler.java:104)
	at org.apache.crimson.parser.Parser2.parseInternal(Unknown Source)
	at org.apache.crimson.parser.Parser2.parse(Unknown Source)
	at org.apache.crimson.parser.XMLReaderImpl.parse(Unknown Source)
	at javax.xml.parsers.SAXParser.parse(Unknown Source)
	at javax.xml.parsers.SAXParser.parse(Unknown Source)
	at org.eclipse.birt.report.model.metadata.MetaDataReader.read(MetaDataReader.java:86)
	at org.eclipse.birt.report.model.metadata.MetaLoggerTest.loadMeta(MetaLoggerTest.java:166)
	at org.eclipse.birt.report.model.metadata.MetaLoggerTest.test_STYLE_PROP_NOT_FOUND(MetaLoggerTest.java:845)
	at sun.reflect.NativeMethodAccessorImpl.invoke0(Native Method)
	at sun.reflect.NativeMethodAccessorImpl.invoke(Unknown Source)
	at sun.reflect.DelegatingMethodAccessorImpl.invoke(Unknown Source)
	at java.lang.reflect.Method.invoke(Unknown Source)
	at junit.framework.TestCase.runTest(TestCase.java:154)
	at junit.framework.TestCase.runBare(TestCase.java:127)
	at junit.framework.TestResult$1.protect(TestResult.java:106)
	at junit.framework.TestResult.runProtected(TestResult.java:124)
	at junit.framework.TestResult.run(TestResult.java:109)
	at junit.framework.TestCase.run(TestCase.java:118)
	at junit.framework.TestSuite.runTest(TestSuite.java:208)
	at junit.framework.TestSuite.run(TestSuite.java:203)
	at org.eclipse.jdt.internal.junit.runner.RemoteTestRunner.runTests(RemoteTestRunner.java:421)
	at org.eclipse.jdt.internal.junit.runner.RemoteTestRunner.run(RemoteTestRunner.java:305)
	at org.eclipse.jdt.internal.junit.runner.RemoteTestRunner.main(RemoteTestRunner.java:186)
]
2004-09-30 02:47:17  Message [Line Number:1205 Error Code:BUILD_FAILED Exception:org.eclipse.birt.report.model.metadata.MetaDataException: Message:Missing slot type for SlotDefn [parameters]. Error code:MISSING_SLOT_TYPE  ]
					 Exception [org.eclipse.birt.report.model.metadata.MetaDataException: Message:Missing slot type for SlotDefn [parameters]. Error code:MISSING_SLOT_TYPE 
	at org.eclipse.birt.report.model.metadata.MetaDataHandler.endDocument(MetaDataHandler.java:104)
	at org.apache.crimson.parser.Parser2.parseInternal(Unknown Source)
	at org.apache.crimson.parser.Parser2.parse(Unknown Source)
	at org.apache.crimson.parser.XMLReaderImpl.parse(Unknown Source)
	at javax.xml.parsers.SAXParser.parse(Unknown Source)
	at javax.xml.parsers.SAXParser.parse(Unknown Source)
	at org.eclipse.birt.report.model.metadata.MetaDataReader.read(MetaDataReader.java:86)
	at org.eclipse.birt.report.model.metadata.MetaLoggerTest.loadMeta(MetaLoggerTest.java:166)
	at org.eclipse.birt.report.model.metadata.MetaLoggerTest.test_MISSING_SLOT_TYPE(MetaLoggerTest.java:929)
	at sun.reflect.NativeMethodAccessorImpl.invoke0(Native Method)
	at sun.reflect.NativeMethodAccessorImpl.invoke(Unknown Source)
	at sun.reflect.DelegatingMethodAccessorImpl.invoke(Unknown Source)
	at java.lang.reflect.Method.invoke(Unknown Source)
	at junit.framework.TestCase.runTest(TestCase.java:154)
	at junit.framework.TestCase.runBare(TestCase.java:127)
	at junit.framework.TestResult$1.protect(TestResult.java:106)
	at junit.framework.TestResult.runProtected(TestResult.java:124)
	at junit.framework.TestResult.run(TestResult.java:109)
	at junit.framework.TestCase.run(TestCase.java:118)
	at junit.framework.TestSuite.runTest(TestSuite.java:208)
	at junit.framework.TestSuite.run(TestSuite.java:203)
	at org.eclipse.jdt.internal.junit.runner.RemoteTestRunner.runTests(RemoteTestRunner.java:421)
	at org.eclipse.jdt.internal.junit.runner.RemoteTestRunner.run(RemoteTestRunner.java:305)
	at org.eclipse.jdt.internal.junit.runner.RemoteTestRunner.main(RemoteTestRunner.java:186)
]
2004-09-30 02:47:17  Message [Line Number:459 Error Code:DISPLAY_NAME_ID_REQUIRED ]
					 Exception [org.eclipse.birt.report.model.metadata.MetaDataReaderException: Line Number:459 Error Code:DISPLAY_NAME_ID_REQUIRED 
	at org.eclipse.birt.report.model.metadata.MetaDataHandler$SlotState.parseAttrs(MetaDataHandler.java:817)
	at org.eclipse.birt.report.model.util.XMLParserHandler.startElement(XMLParserHandler.java:174)
	at org.apache.crimson.parser.Parser2.maybeElement(Unknown Source)
	at org.apache.crimson.parser.Parser2.content(Unknown Source)
	at org.apache.crimson.parser.Parser2.maybeElement(Unknown Source)
	at org.apache.crimson.parser.Parser2.content(Unknown Source)
	at org.apache.crimson.parser.Parser2.maybeElement(Unknown Source)
	at org.apache.crimson.parser.Parser2.parseInternal(Unknown Source)
	at org.apache.crimson.parser.Parser2.parse(Unknown Source)
	at org.apache.crimson.parser.XMLReaderImpl.parse(Unknown Source)
	at javax.xml.parsers.SAXParser.parse(Unknown Source)
	at javax.xml.parsers.SAXParser.parse(Unknown Source)
	at org.eclipse.birt.report.model.metadata.MetaDataReader.read(MetaDataReader.java:86)
	at org.eclipse.birt.report.model.metadata.MetaLoggerTest.loadMeta(MetaLoggerTest.java:166)
	at org.eclipse.birt.report.model.metadata.MetaLoggerTest.test_MISSING_SLOT_NAME(MetaLoggerTest.java:943)
	at sun.reflect.NativeMethodAccessorImpl.invoke0(Native Method)
	at sun.reflect.NativeMethodAccessorImpl.invoke(Unknown Source)
	at sun.reflect.DelegatingMethodAccessorImpl.invoke(Unknown Source)
	at java.lang.reflect.Method.invoke(Unknown Source)
	at junit.framework.TestCase.runTest(TestCase.java:154)
	at junit.framework.TestCase.runBare(TestCase.java:127)
	at junit.framework.TestResult$1.protect(TestResult.java:106)
	at junit.framework.TestResult.runProtected(TestResult.java:124)
	at junit.framework.TestResult.run(TestResult.java:109)
	at junit.framework.TestCase.run(TestCase.java:118)
	at junit.framework.TestSuite.runTest(TestSuite.java:208)
	at junit.framework.TestSuite.run(TestSuite.java:203)
	at org.eclipse.jdt.internal.junit.runner.RemoteTestRunner.runTests(RemoteTestRunner.java:421)
	at org.eclipse.jdt.internal.junit.runner.RemoteTestRunner.run(RemoteTestRunner.java:305)
	at org.eclipse.jdt.internal.junit.runner.RemoteTestRunner.main(RemoteTestRunner.java:186)
]
2004-09-30 02:47:18  Message [Line Number:1206 Error Code:BUILD_FAILED Exception:org.eclipse.birt.report.model.metadata.MetaDataException: Message:Slot type [parameters] for element [none-exsit-type] is invalid. Error code:INVALID_SLOT_TYPE  ]
					 Exception [org.eclipse.birt.report.model.metadata.MetaDataException: Message:Slot type [parameters] for element [none-exsit-type] is invalid. Error code:INVALID_SLOT_TYPE 
	at org.eclipse.birt.report.model.metadata.MetaDataHandler.endDocument(MetaDataHandler.java:104)
	at org.apache.crimson.parser.Parser2.parseInternal(Unknown Source)
	at org.apache.crimson.parser.Parser2.parse(Unknown Source)
	at org.apache.crimson.parser.XMLReaderImpl.parse(Unknown Source)
	at javax.xml.parsers.SAXParser.parse(Unknown Source)
	at javax.xml.parsers.SAXParser.parse(Unknown Source)
	at org.eclipse.birt.report.model.metadata.MetaDataReader.read(MetaDataReader.java:86)
	at org.eclipse.birt.report.model.metadata.MetaLoggerTest.loadMeta(MetaLoggerTest.java:166)
	at org.eclipse.birt.report.model.metadata.MetaLoggerTest.test_INVALID_SLOT_TYPE(MetaLoggerTest.java:958)
	at sun.reflect.NativeMethodAccessorImpl.invoke0(Native Method)
	at sun.reflect.NativeMethodAccessorImpl.invoke(Unknown Source)
	at sun.reflect.DelegatingMethodAccessorImpl.invoke(Unknown Source)
	at java.lang.reflect.Method.invoke(Unknown Source)
	at junit.framework.TestCase.runTest(TestCase.java:154)
	at junit.framework.TestCase.runBare(TestCase.java:127)
	at junit.framework.TestResult$1.protect(TestResult.java:106)
	at junit.framework.TestResult.runProtected(TestResult.java:124)
	at junit.framework.TestResult.run(TestResult.java:109)
	at junit.framework.TestCase.run(TestCase.java:118)
	at junit.framework.TestSuite.runTest(TestSuite.java:208)
	at junit.framework.TestSuite.run(TestSuite.java:203)
	at org.eclipse.jdt.internal.junit.runner.RemoteTestRunner.runTests(RemoteTestRunner.java:421)
	at org.eclipse.jdt.internal.junit.runner.RemoteTestRunner.run(RemoteTestRunner.java:305)
	at org.eclipse.jdt.internal.junit.runner.RemoteTestRunner.main(RemoteTestRunner.java:186)
]
2004-09-30 02:47:18  Message [Line Number:1133 Error Code:BUILD_FAILED Exception:org.eclipse.birt.report.model.metadata.MetaDataException: Message:Element [ReportDesign] has not been defined. Error code:ELEMENT_NAME_CONST  ]
					 Exception [org.eclipse.birt.report.model.metadata.MetaDataException: Message:Element [ReportDesign] has not been defined. Error code:ELEMENT_NAME_CONST 
	at org.eclipse.birt.report.model.metadata.MetaDataHandler.endDocument(MetaDataHandler.java:104)
	at org.apache.crimson.parser.Parser2.parseInternal(Unknown Source)
	at org.apache.crimson.parser.Parser2.parse(Unknown Source)
	at org.apache.crimson.parser.XMLReaderImpl.parse(Unknown Source)
	at javax.xml.parsers.SAXParser.parse(Unknown Source)
	at javax.xml.parsers.SAXParser.parse(Unknown Source)
	at org.eclipse.birt.report.model.metadata.MetaDataReader.read(MetaDataReader.java:86)
	at org.eclipse.birt.report.model.metadata.MetaLoggerTest.loadMeta(MetaLoggerTest.java:166)
	at org.eclipse.birt.report.model.metadata.MetaLoggerTest.test_ELEMENT_NAME_CONST(MetaLoggerTest.java:973)
	at sun.reflect.NativeMethodAccessorImpl.invoke0(Native Method)
	at sun.reflect.NativeMethodAccessorImpl.invoke(Unknown Source)
	at sun.reflect.DelegatingMethodAccessorImpl.invoke(Unknown Source)
	at java.lang.reflect.Method.invoke(Unknown Source)
	at junit.framework.TestCase.runTest(TestCase.java:154)
	at junit.framework.TestCase.runBare(TestCase.java:127)
	at junit.framework.TestResult$1.protect(TestResult.java:106)
	at junit.framework.TestResult.runProtected(TestResult.java:124)
	at junit.framework.TestResult.run(TestResult.java:109)
	at junit.framework.TestCase.run(TestCase.java:118)
	at junit.framework.TestSuite.runTest(TestSuite.java:208)
	at junit.framework.TestSuite.run(TestSuite.java:203)
	at org.eclipse.jdt.internal.junit.runner.RemoteTestRunner.runTests(RemoteTestRunner.java:421)
	at org.eclipse.jdt.internal.junit.runner.RemoteTestRunner.run(RemoteTestRunner.java:305)
	at org.eclipse.jdt.internal.junit.runner.RemoteTestRunner.main(RemoteTestRunner.java:186)
]
2004-09-30 02:47:18  Message [Line Number:1206 Error Code:BUILD_FAILED Exception:org.eclipse.birt.report.model.metadata.MetaDataException: Message:Element [DataSource] referenced by property [dataSource] is an unnamed element(namespace==no_namespace). Error code:UNNAMED_ELEMENT_TYPE  ]
					 Exception [org.eclipse.birt.report.model.metadata.MetaDataException: Message:Element [DataSource] referenced by property [dataSource] is an unnamed element(namespace==no_namespace). Error code:UNNAMED_ELEMENT_TYPE 
	at org.eclipse.birt.report.model.metadata.MetaDataHandler.endDocument(MetaDataHandler.java:104)
	at org.apache.crimson.parser.Parser2.parseInternal(Unknown Source)
	at org.apache.crimson.parser.Parser2.parse(Unknown Source)
	at org.apache.crimson.parser.XMLReaderImpl.parse(Unknown Source)
	at javax.xml.parsers.SAXParser.parse(Unknown Source)
	at javax.xml.parsers.SAXParser.parse(Unknown Source)
	at org.eclipse.birt.report.model.metadata.MetaDataReader.read(MetaDataReader.java:86)
	at org.eclipse.birt.report.model.metadata.MetaLoggerTest.loadMeta(MetaLoggerTest.java:166)
	at org.eclipse.birt.report.model.metadata.MetaLoggerTest.test_UNNAMED_ELEMENT_TYPE(MetaLoggerTest.java:1176)
	at sun.reflect.NativeMethodAccessorImpl.invoke0(Native Method)
	at sun.reflect.NativeMethodAccessorImpl.invoke(Unknown Source)
	at sun.reflect.DelegatingMethodAccessorImpl.invoke(Unknown Source)
	at java.lang.reflect.Method.invoke(Unknown Source)
	at junit.framework.TestCase.runTest(TestCase.java:154)
	at junit.framework.TestCase.runBare(TestCase.java:127)
	at junit.framework.TestResult$1.protect(TestResult.java:106)
	at junit.framework.TestResult.runProtected(TestResult.java:124)
	at junit.framework.TestResult.run(TestResult.java:109)
	at junit.framework.TestCase.run(TestCase.java:118)
	at junit.framework.TestSuite.runTest(TestSuite.java:208)
	at junit.framework.TestSuite.run(TestSuite.java:203)
	at org.eclipse.jdt.internal.junit.runner.RemoteTestRunner.runTests(RemoteTestRunner.java:421)
	at org.eclipse.jdt.internal.junit.runner.RemoteTestRunner.run(RemoteTestRunner.java:305)
	at org.eclipse.jdt.internal.junit.runner.RemoteTest